../Core/Src/bno055.c:30:6:BNO055_SetPage	32	static
../Core/Src/bno055.c:40:6:BNO055_SetOperationMode	40	static
../Core/Src/bno055.c:49:17:BNO055_getOperationMode	40	static
../Core/Src/bno055.c:59:9:BNO055_ReadSystemReg	40	static
../Core/Src/bno055.c:69:9:BNO055_ReadITStatus	40	static
../Core/Src/bno055.c:79:6:BNO055_EnableAccHighG	40	static
../Core/Src/bno055.c:94:6:BNO055_EnableHighGAcc	40	static
../Core/Src/bno055.c:117:6:BNO055_ClearIntFlag	40	static
../Core/Src/bno055.c:131:6:BNO055_EnableExtClock	40	static
../Core/Src/bno055.c:143:6:BNO055_DisableExtClock	40	static
../Core/Src/bno055.c:155:6:BNO055_TriggerSelfTest	40	static
../Core/Src/bno055.c:167:9:BNO055_CheckSelfTestResult	40	static
../Core/Src/bno055.c:193:6:BNO055_SetAccelerometerRange	40	static
../Core/Src/bno055.c:205:6:BNO055_SetAccelerometerUnit	40	static
../Core/Src/bno055.c:218:6:BNO055_SetHighGThreshold	40	static
../Core/Src/bno055.c:230:6:BNO055_SetHighGDuration	40	static
../Core/Src/bno055.c:241:9:BNO055_Init	40	static
../Core/Src/bno055.c:299:6:BNO055_ReadGrav	48	static
../Core/Src/bno055.c:331:6:BNO055_ReadTemp	48	static
../Core/Src/bno055.c:348:6:BNO055_ReadGyro	48	static
../Core/Src/bno055.c:380:6:BNO055_ReadAccel	48	static
../Core/Src/bno055.c:411:6:BNO055_ReadMagneter	48	static
../Core/Src/bno055.c:442:6:BNO055_ReadQua	48	static
../Core/Src/bno055.c:479:6:BNO055_ReadLina	48	static
../Core/Src/bno055.c:513:6:BNO055_ReadEuler_Roll	40	static
../Core/Src/bno055.c:532:6:BNO055_ReadEuler_Pitch	40	static
../Core/Src/bno055.c:551:6:BNO055_ReadEuler_Yaw	40	static
