Archive member included to satisfy reference by file (symbol)

C:\Users\33768\STM32CubeIDE\workspace_1.11.0\AVALON_PROJECT\Avalon-\app\Drivers\CMSIS\Lib\GCC\libarm_cortexM4lf_math.a(arm_pid_init_f32.o)
                              ./Core/Src/pid.o (arm_pid_init_f32)
F:/Programm/Stmicroelectronics/CubeIde/STM32CubeIDE_1.11.0/STM32CubeIDE/plugins/com.st.stm32cube.ide.mcu.externaltools.gnu-tools-for-stm32.11.3.rel1.win32_1.1.1.202309131626/tools/bin/../lib/gcc/arm-none-eabi/11.3.1/../../../../arm-none-eabi/lib/thumb/v7e-m+fp/hard\libc_nano.a(libc_a-exit.o)
                              F:/Programm/Stmicroelectronics/CubeIde/STM32CubeIDE_1.11.0/STM32CubeIDE/plugins/com.st.stm32cube.ide.mcu.externaltools.gnu-tools-for-stm32.11.3.rel1.win32_1.1.1.202309131626/tools/bin/../lib/gcc/arm-none-eabi/11.3.1/../../../../arm-none-eabi/lib/thumb/v7e-m+fp/hard/crt0.o (exit)
F:/Programm/Stmicroelectronics/CubeIde/STM32CubeIDE_1.11.0/STM32CubeIDE/plugins/com.st.stm32cube.ide.mcu.externaltools.gnu-tools-for-stm32.11.3.rel1.win32_1.1.1.202309131626/tools/bin/../lib/gcc/arm-none-eabi/11.3.1/../../../../arm-none-eabi/lib/thumb/v7e-m+fp/hard\libc_nano.a(libc_a-findfp.o)
                              ./Middlewares/Third_Party/FreeRTOS/Source/tasks.o (__sf)
F:/Programm/Stmicroelectronics/CubeIde/STM32CubeIDE_1.11.0/STM32CubeIDE/plugins/com.st.stm32cube.ide.mcu.externaltools.gnu-tools-for-stm32.11.3.rel1.win32_1.1.1.202309131626/tools/bin/../lib/gcc/arm-none-eabi/11.3.1/../../../../arm-none-eabi/lib/thumb/v7e-m+fp/hard\libc_nano.a(libc_a-fwalk.o)
                              F:/Programm/Stmicroelectronics/CubeIde/STM32CubeIDE_1.11.0/STM32CubeIDE/plugins/com.st.stm32cube.ide.mcu.externaltools.gnu-tools-for-stm32.11.3.rel1.win32_1.1.1.202309131626/tools/bin/../lib/gcc/arm-none-eabi/11.3.1/../../../../arm-none-eabi/lib/thumb/v7e-m+fp/hard\libc_nano.a(libc_a-findfp.o) (_fwalk_sglue)
F:/Programm/Stmicroelectronics/CubeIde/STM32CubeIDE_1.11.0/STM32CubeIDE/plugins/com.st.stm32cube.ide.mcu.externaltools.gnu-tools-for-stm32.11.3.rel1.win32_1.1.1.202309131626/tools/bin/../lib/gcc/arm-none-eabi/11.3.1/../../../../arm-none-eabi/lib/thumb/v7e-m+fp/hard\libc_nano.a(libc_a-stdio.o)
                              F:/Programm/Stmicroelectronics/CubeIde/STM32CubeIDE_1.11.0/STM32CubeIDE/plugins/com.st.stm32cube.ide.mcu.externaltools.gnu-tools-for-stm32.11.3.rel1.win32_1.1.1.202309131626/tools/bin/../lib/gcc/arm-none-eabi/11.3.1/../../../../arm-none-eabi/lib/thumb/v7e-m+fp/hard\libc_nano.a(libc_a-findfp.o) (__sread)
F:/Programm/Stmicroelectronics/CubeIde/STM32CubeIDE_1.11.0/STM32CubeIDE/plugins/com.st.stm32cube.ide.mcu.externaltools.gnu-tools-for-stm32.11.3.rel1.win32_1.1.1.202309131626/tools/bin/../lib/gcc/arm-none-eabi/11.3.1/../../../../arm-none-eabi/lib/thumb/v7e-m+fp/hard\libc_nano.a(libc_a-memset.o)
                              F:/Programm/Stmicroelectronics/CubeIde/STM32CubeIDE_1.11.0/STM32CubeIDE/plugins/com.st.stm32cube.ide.mcu.externaltools.gnu-tools-for-stm32.11.3.rel1.win32_1.1.1.202309131626/tools/bin/../lib/gcc/arm-none-eabi/11.3.1/../../../../arm-none-eabi/lib/thumb/v7e-m+fp/hard/crt0.o (memset)
F:/Programm/Stmicroelectronics/CubeIde/STM32CubeIDE_1.11.0/STM32CubeIDE/plugins/com.st.stm32cube.ide.mcu.externaltools.gnu-tools-for-stm32.11.3.rel1.win32_1.1.1.202309131626/tools/bin/../lib/gcc/arm-none-eabi/11.3.1/../../../../arm-none-eabi/lib/thumb/v7e-m+fp/hard\libc_nano.a(libc_a-closer.o)
                              F:/Programm/Stmicroelectronics/CubeIde/STM32CubeIDE_1.11.0/STM32CubeIDE/plugins/com.st.stm32cube.ide.mcu.externaltools.gnu-tools-for-stm32.11.3.rel1.win32_1.1.1.202309131626/tools/bin/../lib/gcc/arm-none-eabi/11.3.1/../../../../arm-none-eabi/lib/thumb/v7e-m+fp/hard\libc_nano.a(libc_a-stdio.o) (_close_r)
F:/Programm/Stmicroelectronics/CubeIde/STM32CubeIDE_1.11.0/STM32CubeIDE/plugins/com.st.stm32cube.ide.mcu.externaltools.gnu-tools-for-stm32.11.3.rel1.win32_1.1.1.202309131626/tools/bin/../lib/gcc/arm-none-eabi/11.3.1/../../../../arm-none-eabi/lib/thumb/v7e-m+fp/hard\libc_nano.a(libc_a-reent.o)
                              ./Middlewares/Third_Party/FreeRTOS/Source/tasks.o (_reclaim_reent)
F:/Programm/Stmicroelectronics/CubeIde/STM32CubeIDE_1.11.0/STM32CubeIDE/plugins/com.st.stm32cube.ide.mcu.externaltools.gnu-tools-for-stm32.11.3.rel1.win32_1.1.1.202309131626/tools/bin/../lib/gcc/arm-none-eabi/11.3.1/../../../../arm-none-eabi/lib/thumb/v7e-m+fp/hard\libc_nano.a(libc_a-impure.o)
                              ./Middlewares/Third_Party/FreeRTOS/Source/tasks.o (_impure_ptr)
F:/Programm/Stmicroelectronics/CubeIde/STM32CubeIDE_1.11.0/STM32CubeIDE/plugins/com.st.stm32cube.ide.mcu.externaltools.gnu-tools-for-stm32.11.3.rel1.win32_1.1.1.202309131626/tools/bin/../lib/gcc/arm-none-eabi/11.3.1/../../../../arm-none-eabi/lib/thumb/v7e-m+fp/hard\libc_nano.a(libc_a-lseekr.o)
[...]
Memory Configuration

Name             Origin             Length             Attributes
RAM              0x0000000020000000 0x0000000000020000 xrw
FLASH            0x0000000008004000 0x0000000000078000 xr
*default*        0x0000000000000000 0xffffffffffffffff

Linker script and memory map

LOAD F:/Programm/Stmicroelectronics/CubeIde/STM32CubeIDE_1.11.0/STM32CubeIDE/plugins/com.st.stm32cube.ide.mcu.externaltools.gnu-tools-for-stm32.11.3.rel1.win32_1.1.1.202309131626/tools/bin/../lib/gcc/arm-none-eabi/11.3.1/thumb/v7e-m+fp/hard/crti.o
LOAD F:/Programm/Stmicroelectronics/CubeIde/STM32CubeIDE_1.11.0/STM32CubeIDE/plugins/com.st.stm32cube.ide.mcu.externaltools.gnu-tools-for-stm32.11.3.rel1.win32_1.1.1.202309131626/tools/bin/../lib/gcc/arm-none-eabi/11.3.1/thumb/v7e-m+fp/hard/crtbegin.o
LOAD F:/Programm/Stmicroelectronics/CubeIde/STM32CubeIDE_1.11.0/STM32CubeIDE/plugins/com.st.stm32cube.ide.mcu.externaltools.gnu-tools-for-stm32.11.3.rel1.win32_1.1.1.202309131626/tools/bin/../lib/gcc/arm-none-eabi/11.3.1/../../../../arm-none-eabi/lib/thumb/v7e-m+fp/hard/crt0.o
LOAD ./Core/Src/adc.o
LOAD ./Core/Src/adc_voltage_current_measuremet.o
LOAD ./Core/Src/app_freertos.o
LOAD ./Core/Src/bmp390.o
LOAD ./Core/Src/bno055.o
LOAD ./Core/Src/dma.o
LOAD ./Core/Src/gpio.o
LOAD ./Core/Src/i2c.o
LOAD ./Core/Src/l80-m39.o
LOAD ./Core/Src/main.o
LOAD ./Core/Src/pid.o
LOAD ./Core/Src/propulsion_and_control.o
LOAD ./Core/Src/stm32g4xx_hal_msp.o
LOAD ./Core/Src/stm32g4xx_hal_timebase_tim.o
LOAD ./Core/Src/stm32g4xx_it.o
LOAD ./Core/Src/syscalls.o
LOAD ./Core/Src/sysmem.o
LOAD ./Core/Src/system_stm32g4xx.o
LOAD ./Core/Src/tim.o
LOAD ./Core/Src/usart.o
LOAD ./Core/Startup/startup_stm32g474retx.o
LOAD ./Drivers/STM32G4xx_HAL_Driver/Src/stm32g4xx_hal.o
LOAD ./Drivers/STM32G4xx_HAL_Driver/Src/stm32g4xx_hal_adc.o
LOAD ./Drivers/STM32G4xx_HAL_Driver/Src/stm32g4xx_hal_adc_ex.o
LOAD ./Drivers/STM32G4xx_HAL_Driver/Src/stm32g4xx_hal_cortex.o
LOAD ./Drivers/STM32G4xx_HAL_Driver/Src/stm32g4xx_hal_dma.o
LOAD ./Drivers/STM32G4xx_HAL_Driver/Src/stm32g4xx_hal_dma_ex.o
LOAD ./Drivers/STM32G4xx_HAL_Driver/Src/stm32g4xx_hal_exti.o
LOAD ./Drivers/STM32G4xx_HAL_Driver/Src/stm32g4xx_hal_flash.o
LOAD ./Drivers/STM32G4xx_HAL_Driver/Src/stm32g4xx_hal_flash_ex.o
LOAD ./Drivers/STM32G4xx_HAL_Driver/Src/stm32g4xx_hal_flash_ramfunc.o
LOAD ./Drivers/STM32G4xx_HAL_Driver/Src/stm32g4xx_hal_gpio.o
LOAD ./Drivers/STM32G4xx_HAL_Driver/Src/stm32g4xx_hal_i2c.o
LOAD ./Drivers/STM32G4xx_HAL_Driver/Src/stm32g4xx_hal_i2c_ex.o
LOAD ./Drivers/STM32G4xx_HAL_Driver/Src/stm32g4xx_hal_pwr.o
LOAD ./Drivers/STM32G4xx_HAL_Driver/Src/stm32g4xx_hal_pwr_ex.o
LOAD ./Drivers/STM32G4xx_HAL_Driver/Src/stm32g4xx_hal_rcc.o
LOAD ./Drivers/STM32G4xx_HAL_Driver/Src/stm32g4xx_hal_rcc_ex.o
LOAD ./Drivers/STM32G4xx_HAL_Driver/Src/stm32g4xx_hal_tim.o
LOAD ./Drivers/STM32G4xx_HAL_Driver/Src/stm32g4xx_hal_tim_ex.o
LOAD ./Drivers/STM32G4xx_HAL_Driver/Src/stm32g4xx_hal_uart.o
LOAD ./Drivers/STM32G4xx_HAL_Driver/Src/stm32g4xx_hal_uart_ex.o
LOAD ./Drivers/STM32G4xx_HAL_Driver/Src/stm32g4xx_ll_adc.o
LOAD ./Middlewares/Third_Party/FreeRTOS/Source/CMSIS_RTOS/cmsis_os.o
LOAD ./Middlewares/Third_Party/FreeRTOS/Source/croutine.o
LOAD ./Middlewares/Third_Party/FreeRTOS/Source/event_groups.o
LOAD ./Middlewares/Third_Party/FreeRTOS/Source/list.o
LOAD ./Middlewares/Third_Party/FreeRTOS/Source/queue.o
LOAD ./Middlewares/Third_Party/FreeRTOS/Source/stream_buffer.o
LOAD ./Middlewares/Third_Party/FreeRTOS/Source/tasks.o
LOAD ./Middlewares/Third_Party/FreeRTOS/Source/timers.o
LOAD ./Middlewares/Third_Party/FreeRTOS/Source/portable/GCC/ARM_CM4F/port.o
LOAD ./Middlewares/Third_Party/FreeRTOS/Source/portable/MemMang/heap_4.o
LOAD C:\Users\33768\STM32CubeIDE\workspace_1.11.0\AVALON_PROJECT\Avalon-\app\Drivers\CMSIS\Lib\GCC\libarm_cortexM4lf_math.a
START GROUP
LOAD F:/Programm/Stmicroelectronics/CubeIde/STM32CubeIDE_1.11.0/STM32CubeIDE/plugins/com.st.stm32cube.ide.mcu.externaltools.gnu-tools-for-stm32.11.3.rel1.win32_1.1.1.202309131626/tools/bin/../lib/gcc/arm-none-eabi/11.3.1/../../../../arm-none-eabi/lib/thumb/v7e-m+fp/hard\libc_nano.a
LOAD F:/Programm/Stmicroelectronics/CubeIde/STM32CubeIDE_1.11.0/STM32CubeIDE/plugins/com.st.stm32cube.ide.mcu.externaltools.gnu-tools-for-stm32.11.3.rel1.win32_1.1.1.202309131626/tools/bin/../lib/gcc/arm-none-eabi/11.3.1/../../../../arm-none-eabi/lib/thumb/v7e-m+fp/hard\libm.a
END GROUP
START GROUP
LOAD F:/Programm/Stmicroelectronics/CubeIde/STM32CubeIDE_1.11.0/STM32CubeIDE/plugins/com.st.stm32cube.ide.mcu.externaltools.gnu-tools-for-stm32.11.3.rel1.win32_1.1.1.202309131626/tools/bin/../lib/gcc/arm-none-eabi/11.3.1/thumb/v7e-m+fp/hard\libgcc.a
LOAD F:/Programm/Stmicroelectronics/CubeIde/STM32CubeIDE_1.11.0/STM32CubeIDE/plugins/com.st.stm32cube.ide.mcu.externaltools.gnu-tools-for-stm32.11.3.rel1.win32_1.1.1.202309131626/tools/bin/../lib/gcc/arm-none-eabi/11.3.1/../../../../arm-none-eabi/lib/thumb/v7e-m+fp/hard\libc_nano.a
END GROUP
START GROUP
LOAD F:/Programm/Stmicroelectronics/CubeIde/STM32CubeIDE_1.11.0/STM32CubeIDE/plugins/com.st.stm32cube.ide.mcu.externaltools.gnu-tools-for-stm32.11.3.rel1.win32_1.1.1.202309131626/tools/bin/../lib/gcc/arm-none-eabi/11.3.1/thumb/v7e-m+fp/hard\libgcc.a
LOAD F:/Programm/Stmicroelectronics/CubeIde/STM32CubeIDE_1.11.0/STM32CubeIDE/plugins/com.st.stm32cube.ide.mcu.externaltools.gnu-tools-for-stm32.11.3.rel1.win32_1.1.1.202309131626/tools/bin/../lib/gcc/arm-none-eabi/11.3.1/../../../../arm-none-eabi/lib/thumb/v7e-m+fp/hard\libc_nano.a
LOAD F:/Programm/Stmicroelectronics/CubeIde/STM32CubeIDE_1.11.0/STM32CubeIDE/plugins/com.st.stm32cube.ide.mcu.externaltools.gnu-tools-for-stm32.11.3.rel1.win32_1.1.1.202309131626/tools/bin/../lib/gcc/arm-none-eabi/11.3.1/../../../../arm-none-eabi/lib/thumb/v7e-m+fp/hard\libnosys.a
END GROUP
START GROUP
LOAD F:/Programm/Stmicroelectronics/CubeIde/STM32CubeIDE_1.11.0/STM32CubeIDE/plugins/com.st.stm32cube.ide.mcu.externaltools.gnu-tools-for-stm32.11.3.rel1.win32_1.1.1.202309131626/tools/bin/../lib/gcc/arm-none-eabi/11.3.1/thumb/v7e-m+fp/hard\libgcc.a
LOAD F:/Programm/Stmicroelectronics/CubeIde/STM32CubeIDE_1.11.0/STM32CubeIDE/plugins/com.st.stm32cube.ide.mcu.externaltools.gnu-tools-for-stm32.11.3.rel1.win32_1.1.1.202309131626/tools/bin/../lib/gcc/arm-none-eabi/11.3.1/../../../../arm-none-eabi/lib/thumb/v7e-m+fp/hard\libc_nano.a
LOAD F:/Programm/Stmicroelectronics/CubeIde/STM32CubeIDE_1.11.0/STM32CubeIDE/plugins/com.st.stm32cube.ide.mcu.externaltools.gnu-tools-for-stm32.11.3.rel1.win32_1.1.1.202309131626/tools/bin/../lib/gcc/arm-none-eabi/11.3.1/../../../../arm-none-eabi/lib/thumb/v7e-m+fp/hard\libnosys.a
END GROUP
LOAD F:/Programm/Stmicroelectronics/CubeIde/STM32CubeIDE_1.11.0/STM32CubeIDE/plugins/com.st.stm32cube.ide.mcu.externaltools.gnu-tools-for-stm32.11.3.rel1.win32_1.1.1.202309131626/tools/bin/../lib/gcc/arm-none-eabi/11.3.1/thumb/v7e-m+fp/hard/crtend.o
LOAD F:/Programm/Stmicroelectronics/CubeIde/STM32CubeIDE_1.11.0/STM32CubeIDE/plugins/com.st.stm32cube.ide.mcu.externaltools.gnu-tools-for-stm32.11.3.rel1.win32_1.1.1.202309131626/tools/bin/../lib/gcc/arm-none-eabi/11.3.1/thumb/v7e-m+fp/hard/crtn.o
                0x0000000020020000                _estack = (ORIGIN (RAM) + LENGTH (RAM))
                0x0000000000000200                _Min_Heap_Size = 0x200
                0x0000000000000400                _Min_Stack_Size = 0x400

.isr_vector     0x0000000008004000      0x1d8
                0x0000000008004000                . = ALIGN (0x4)
 *(.isr_vector)
 .isr_vector    0x0000000008004000      0x1d8 ./Core/Startup/startup_stm32g474retx.o
                0x0000000008004000                g_pfnVectors
                0x00000000080041d8                . = ALIGN (0x4)

.text           0x00000000080041e0     0xdd30
                0x00000000080041e0                . = ALIGN (0x4)
 *(.text)
 .text          0x00000000080041e0       0x40 F:/Programm/Stmicroelectronics/CubeIde/STM32CubeIDE_1.11.0/STM32CubeIDE/plugins/com.st.stm32cube.ide.mcu.externaltools.gnu-tools-for-stm32.11.3.rel1.win32_1.1.1.202309131626/tools/bin/../lib/gcc/arm-none-eabi/11.3.1/thumb/v7e-m+fp/hard/crtbegin.o
 .text          0x0000000008004220       0x14 F:/Programm/Stmicroelectronics/CubeIde/STM32CubeIDE_1.11.0/STM32CubeIDE/plugins/com.st.stm32cube.ide.mcu.externaltools.gnu-tools-for-stm32.11.3.rel1.win32_1.1.1.202309131626/tools/bin/../lib/gcc/arm-none-eabi/11.3.1/../../../../arm-none-eabi/lib/thumb/v7e-m+fp/hard\libc_nano.a(libc_a-strcmp.o)
                0x0000000008004220                strcmp
 .text          0x0000000008004234      0x378 F:/Programm/Stmicroelectronics/CubeIde/STM32CubeIDE_1.11.0/STM32CubeIDE/plugins/com.st.stm32cube.ide.mcu.externaltools.gnu-tools-for-stm32.11.3.rel1.win32_1.1.1.202309131626/tools/bin/../lib/gcc/arm-none-eabi/11.3.1/thumb/v7e-m+fp/hard\libgcc.a(_arm_addsubdf3.o)
                0x0000000008004234                __aeabi_drsub
                0x000000000800423c                __aeabi_dsub
                0x000000000800423c                __subdf3
                0x0000000008004240                __aeabi_dadd
                0x0000000008004240                __adddf3
                0x00000000080044b8                __floatunsidf
                0x00000000080044b8                __aeabi_ui2d
                0x00000000080044d8                __floatsidf
                0x00000000080044d8                __aeabi_i2d
                0x00000000080044fc                __aeabi_f2d
                0x00000000080044fc                __extendsfdf2
                0x0000000008004540                __floatundidf
                0x0000000008004540                __aeabi_ul2d
                0x0000000008004550                __floatdidf
                0x0000000008004550                __aeabi_l2d
 .text          0x00000000080045ac      0x424 F:/Programm/Stmicroelectronics/CubeIde/STM32CubeIDE_1.11.0/STM32CubeIDE/plugins/com.st.stm32cube.ide.mcu.externaltools.gnu-tools-for-stm32.11.3.rel1.win32_1.1.1.202309131626/tools/bin/../lib/gcc/arm-none-eabi/11.3.1/thumb/v7e-m+fp/hard\libgcc.a(_arm_muldivdf3.o)
                0x00000000080045ac                __aeabi_dmul
                0x00000000080045ac                __muldf3
                0x0000000008004800                __divdf3
                0x0000000008004800                __aeabi_ddiv
 .text          0x00000000080049d0      0x110 F:/Programm/Stmicroelectronics/CubeIde/STM32CubeIDE_1.11.0/STM32CubeIDE/plugins/com.st.stm32cube.ide.mcu.externaltools.gnu-tools-for-stm32.11.3.rel1.win32_1.1.1.202309131626/tools/bin/../lib/gcc/arm-none-eabi/11.3.1/thumb/v7e-m+fp/hard\libgcc.a(_arm_cmpdf2.o)
                0x00000000080049d0                __gtdf2
                0x00000000080049d0                __gedf2
                0x00000000080049d8                __ltdf2
                0x00000000080049d8                __ledf2
                0x00000000080049e0                __nedf2
                0x00000000080049e0                __eqdf2
                0x00000000080049e0                __cmpdf2
                0x0000000008004a5c                __aeabi_cdrcmple
                0x0000000008004a6c                __aeabi_cdcmpeq
                0x0000000008004a6c                __aeabi_cdcmple
                0x0000000008004a7c                __aeabi_dcmpeq
                0x0000000008004a90                __aeabi_dcmplt
                0x0000000008004aa4                __aeabi_dcmple
                0x0000000008004ab8                __aeabi_dcmpge
                0x0000000008004acc                __aeabi_dcmpgt
 .text          0x0000000008004ae0       0x2c F:/Programm/Stmicroelectronics/CubeIde/STM32CubeIDE_1.11.0/STM32CubeIDE/plugins/com.st.stm32cube.ide.mcu.externaltools.gnu-tools-for-stm32.11.3.rel1.win32_1.1.1.202309131626/tools/bin/../lib/gcc/arm-none-eabi/11.3.1/thumb/v7e-m+fp/hard\libgcc.a(_arm_unorddf2.o)
                0x0000000008004ae0                __unorddf2
                0x0000000008004ae0                __aeabi_dcmpun
 .text          0x0000000008004b0c       0xa0 F:/Programm/Stmicroelectronics/CubeIde/STM32CubeIDE_1.11.0/STM32CubeIDE/plugins/com.st.stm32cube.ide.mcu.externaltools.gnu-tools-for-stm32.11.3.rel1.win32_1.1.1.202309131626/tools/bin/../lib/gcc/arm-none-eabi/11.3.1/thumb/v7e-m+fp/hard\libgcc.a(_arm_truncdfsf2.o)
                0x0000000008004b0c                __truncdfsf2
                0x0000000008004b0c                __aeabi_d2f
 .text          0x0000000008004bac       0x30 F:/Programm/Stmicroelectronics/CubeIde/STM32CubeIDE_1.11.0/STM32CubeIDE/plugins/com.st.stm32cube.ide.mcu.externaltools.gnu-tools-for-stm32.11.3.rel1.win32_1.1.1.202309131626/tools/bin/../lib/gcc/arm-none-eabi/11.3.1/thumb/v7e-m+fp/hard\libgcc.a(_aeabi_uldivmod.o)
                0x0000000008004bac                __aeabi_uldivmod
 .text          0x0000000008004bdc      0x2c8 F:/Programm/Stmicroelectronics/CubeIde/STM32CubeIDE_1.11.0/STM32CubeIDE/plugins/com.st.stm32cube.ide.mcu.externaltools.gnu-tools-for-stm32.11.3.rel1.win32_1.1.1.202309131626/tools/bin/../lib/gcc/arm-none-eabi/11.3.1/thumb/v7e-m+fp/hard\libgcc.a(_udivmoddi4.o)
                0x0000000008004bdc                __udivmoddi4
 .text          0x0000000008004ea4        0x4 F:/Programm/Stmicroelectronics/CubeIde/STM32CubeIDE_1.11.0/STM32CubeIDE/plugins/com.st.stm32cube.ide.mcu.externaltools.gnu-tools-for-stm32.11.3.rel1.win32_1.1.1.202309131626/tools/bin/../lib/gcc/arm-none-eabi/11.3.1/thumb/v7e-m+fp/hard\libgcc.a(_dvmd_tls.o)
                0x0000000008004ea4                __aeabi_idiv0
                0x0000000008004ea4                __aeabi_ldiv0
 *(.text*)
 .text.MX_ADC2_Init
                0x0000000008004ea8      0x114 ./Core/Src/adc.o
                0x0000000008004ea8                MX_ADC2_Init
 .text.HAL_ADC_MspInit
                0x0000000008004fbc      0x174 ./Core/Src/adc.o
                0x0000000008004fbc                HAL_ADC_MspInit
 .text.Battery_ReadBatteryVoltage
                0x0000000008005130       0x5c ./Core/Src/adc_voltage_current_measuremet.o
                0x0000000008005130                Battery_ReadBatteryVoltage
 *fill*         0x000000000800518c        0x4 
 .text.Battery_ReadCurrent3V3
                0x0000000008005190       0x84 ./Core/Src/adc_voltage_current_measuremet.o
                0x0000000008005190                Battery_ReadCurrent3V3
 *fill*         0x0000000008005214        0x4 
 .text.Battery_ReadCurrent5V
                0x0000000008005218       0x84 ./Core/Src/adc_voltage_current_measuremet.o
                0x0000000008005218                Battery_ReadCurrent5V
 *fill*         0x000000000800529c        0x4 
 .text.Battery_RemaningTime
                0x00000000080052a0       0x6c ./Core/Src/adc_voltage_current_measuremet.o
                0x00000000080052a0                Battery_RemaningTime
 .text.MX_FREERTOS_Init
                0x000000000800530c      0x1d8 ./Core/Src/app_freertos.o
                0x000000000800530c                MX_FREERTOS_Init
 .text.StartLedTask
                0x00000000080054e4       0x1e ./Core/Src/app_freertos.o
                0x00000000080054e4                StartLedTask
 *fill*         0x0000000008005502        0x2 
 .text.StartRoll_PID
                0x0000000008005504       0x74 ./Core/Src/app_freertos.o
                0x0000000008005504                StartRoll_PID
 .text.StartPitch_PID
                0x0000000008005578       0x70 ./Core/Src/app_freertos.o
                0x0000000008005578                StartPitch_PID
 .text.StartYaw_PID
                0x00000000080055e8       0x70 ./Core/Src/app_freertos.o
                0x00000000080055e8                StartYaw_PID
 .text.StartPressureMonitor
                0x0000000008005658       0x54 ./Core/Src/app_freertos.o
                0x0000000008005658                StartPressureMonitor
 .text.StartGPS
                0x00000000080056ac       0x48 ./Core/Src/app_freertos.o
                0x00000000080056ac                StartGPS
 .text.StartMainTask
                0x00000000080056f4       0x20 ./Core/Src/app_freertos.o
                0x00000000080056f4                StartMainTask
 .text.StartBatteryMonitoring
                0x0000000008005714       0x38 ./Core/Src/app_freertos.o
                0x0000000008005714                StartBatteryMonitoring
 .text.BMP390_EnablePressureSensor
                0x000000000800574c       0x52 ./Core/Src/bmp390.o
                0x000000000800574c                BMP390_EnablePressureSensor
 .text.BMP390_EnableTempSensor
                0x000000000800579e       0x52 ./Core/Src/bmp390.o
                0x000000000800579e                BMP390_EnableTempSensor
 .text.BMP390_WakeUp
                0x00000000080057f0       0x52 ./Core/Src/bmp390.o
                0x00000000080057f0                BMP390_WakeUp
 *fill*         0x0000000008005842        0x2 
 .text.BMP390_ReadTemp
                0x0000000008005844       0xac ./Core/Src/bmp390.o
                0x0000000008005844                BMP390_ReadTemp
 .text.BMP390_ReadPress
                0x00000000080058f0       0xcc ./Core/Src/bmp390.o
                0x00000000080058f0                BMP390_ReadPress
 .text.BMP390_Init
                0x00000000080059bc       0x94 ./Core/Src/bmp390.o
                0x00000000080059bc                BMP390_Init
 .text.BMP390_GetP0Pressure
                0x0000000008005a50       0x54 ./Core/Src/bmp390.o
                0x0000000008005a50                BMP390_GetP0Pressure
 *fill*         0x0000000008005aa4        0x4 
 .text.BMP390_GetRelativeAltitude
                0x0000000008005aa8       0x84 ./Core/Src/bmp390.o
                0x0000000008005aa8                BMP390_GetRelativeAltitude
 .text.BNO055_SetPage
                0x0000000008005b2c       0x2c ./Core/Src/bno055.o
                0x0000000008005b2c                BNO055_SetPage
 .text.BNO055_SetOperationMode
                0x0000000008005b58       0x38 ./Core/Src/bno055.o
                0x0000000008005b58                BNO055_SetOperationMode
 .text.BNO055_ReadSystemReg
                0x0000000008005b90       0x2c ./Core/Src/bno055.o
                0x0000000008005b90                BNO055_ReadSystemReg
 .text.BNO055_ReadITStatus
                0x0000000008005bbc       0x2c ./Core/Src/bno055.o
                0x0000000008005bbc                BNO055_ReadITStatus
 .text.BNO055_EnableAccHighG
                0x0000000008005be8       0x8c ./Core/Src/bno055.o
                0x0000000008005be8                BNO055_EnableAccHighG
 .text.BNO055_EnableHighGAcc
                0x0000000008005c74       0x9a ./Core/Src/bno055.o
                0x0000000008005c74                BNO055_EnableHighGAcc
 .text.BNO055_ClearIntFlag
                0x0000000008005d0e       0x4e ./Core/Src/bno055.o
                0x0000000008005d0e                BNO055_ClearIntFlag
 .text.BNO055_EnableExtClock
                0x0000000008005d5c       0x42 ./Core/Src/bno055.o
                0x0000000008005d5c                BNO055_EnableExtClock
 .text.BNO055_TriggerSelfTest
                0x0000000008005d9e       0x42 ./Core/Src/bno055.o
                0x0000000008005d9e                BNO055_TriggerSelfTest
 .text.BNO055_CheckSelfTestResult
                0x0000000008005de0       0x8c ./Core/Src/bno055.o
                0x0000000008005de0                BNO055_CheckSelfTestResult
 .text.BNO055_SetHighGThreshold
                0x0000000008005e6c       0x32 ./Core/Src/bno055.o
                0x0000000008005e6c                BNO055_SetHighGThreshold
 .text.BNO055_SetHighGDuration
                0x0000000008005e9e       0x32 ./Core/Src/bno055.o
                0x0000000008005e9e                BNO055_SetHighGDuration
 .text.BNO055_Init
                0x0000000008005ed0       0xb4 ./Core/Src/bno055.o
                0x0000000008005ed0                BNO055_Init
 .text.BNO055_ReadEuler_Roll
                0x0000000008005f84       0xa4 ./Core/Src/bno055.o
                0x0000000008005f84                BNO055_ReadEuler_Roll
 .text.BNO055_ReadEuler_Pitch
                0x0000000008006028       0xa4 ./Core/Src/bno055.o
                0x0000000008006028                BNO055_ReadEuler_Pitch
 .text.BNO055_ReadEuler_Yaw
                0x00000000080060cc       0x74 ./Core/Src/bno055.o
                0x00000000080060cc                BNO055_ReadEuler_Yaw
 .text.MX_DMA_Init
                0x0000000008006140       0x54 ./Core/Src/dma.o
                0x0000000008006140                MX_DMA_Init
 .text.MX_GPIO_Init
                0x0000000008006194       0xf8 ./Core/Src/gpio.o
                0x0000000008006194                MX_GPIO_Init
 .text.MX_I2C2_Init
                0x000000000800628c       0x80 ./Core/Src/i2c.o
                0x000000000800628c                MX_I2C2_Init
 .text.HAL_I2C_MspInit
                0x000000000800630c       0xec ./Core/Src/i2c.o
                0x000000000800630c                HAL_I2C_MspInit
 .text.gps_ReadNMEA
                0x00000000080063f8      0x1d0 ./Core/Src/l80-m39.o
                0x00000000080063f8                gps_ReadNMEA
 .text.gps_ProcessUTC
                0x00000000080065c8       0x7a ./Core/Src/l80-m39.o
                0x00000000080065c8                gps_ProcessUTC
 *fill*         0x0000000008006642        0x6 
 .text.gps_ProcessLatitude
                0x0000000008006648      0x174 ./Core/Src/l80-m39.o
                0x0000000008006648                gps_ProcessLatitude
 *fill*         0x00000000080067bc        0x4 
 .text.gps_ProcessLongitude
                0x00000000080067c0      0x17c ./Core/Src/l80-m39.o
                0x00000000080067c0                gps_ProcessLongitude
 .text.gps_ProcessNorthSouth
                0x000000000800693c       0x2c ./Core/Src/l80-m39.o
                0x000000000800693c                gps_ProcessNorthSouth
 .text.gps_ProcessEastWest
                0x0000000008006968       0x2c ./Core/Src/l80-m39.o
                0x0000000008006968                gps_ProcessEastWest
 .text.gps_ProcessFix
                0x0000000008006994       0x3c ./Core/Src/l80-m39.o
                0x0000000008006994                gps_ProcessFix
 .text.gps_ProcessSatelliteCount
                0x00000000080069d0       0x36 ./Core/Src/l80-m39.o
                0x00000000080069d0                gps_ProcessSatelliteCount
 *fill*         0x0000000008006a06        0x2 
 .text.gps_ProcessAltitude
                0x0000000008006a08       0xb8 ./Core/Src/l80-m39.o
                0x0000000008006a08                gps_ProcessAltitude
 .text.gps_ProcessAltitudeCorre
                0x0000000008006ac0       0xb8 ./Core/Src/l80-m39.o
                0x0000000008006ac0                gps_ProcessAltitudeCorre
 .text.main     0x0000000008006b78       0x78 ./Core/Src/main.o
                0x0000000008006b78                main
 .text.SystemClock_Config
                0x0000000008006bf0       0x98 ./Core/Src/main.o
                0x0000000008006bf0                SystemClock_Config
 .text.HAL_TIM_PeriodElapsedCallback
                0x0000000008006c88       0x24 ./Core/Src/main.o
                0x0000000008006c88                HAL_TIM_PeriodElapsedCallback
 .text.Error_Handler
                0x0000000008006cac        0xa ./Core/Src/main.o
                0x0000000008006cac                Error_Handler
 .text.Pid_CalculatePitchError
                0x0000000008006cb6       0x32 ./Core/Src/pid.o
                0x0000000008006cb6                Pid_CalculatePitchError
 .text.Pid_CalculateYawError
                0x0000000008006ce8       0x32 ./Core/Src/pid.o
                0x0000000008006ce8                Pid_CalculateYawError
 .text.Pid_CalculateRollError
                0x0000000008006d1a       0x32 ./Core/Src/pid.o
                0x0000000008006d1a                Pid_CalculateRollError
 .text.Pid_Init
                0x0000000008006d4c       0x36 ./Core/Src/pid.o
                0x0000000008006d4c                Pid_Init
 .text.Pid_CompensateYaw
                0x0000000008006d82       0x86 ./Core/Src/pid.o
                0x0000000008006d82                Pid_CompensateYaw
 .text.Pid_CompensateRoll
                0x0000000008006e08      0x18c ./Core/Src/pid.o
                0x0000000008006e08                Pid_CompensateRoll
 .text.Pid_CompensatePitch
                0x0000000008006f94      0x18c ./Core/Src/pid.o
                0x0000000008006f94                Pid_CompensatePitch
 .text.PropulsionAndControl_UpdateESC
                0x0000000008007120       0x3c ./Core/Src/propulsion_and_control.o
                0x0000000008007120                PropulsionAndControl_UpdateESC
 .text.PropulsionAndControl_UpdateLeftFlaps
                0x000000000800715c       0x3c ./Core/Src/propulsion_and_control.o
                0x000000000800715c                PropulsionAndControl_UpdateLeftFlaps
 .text.PropulsionAndControl_UpdateRightFlaps
                0x0000000008007198       0x3c ./Core/Src/propulsion_and_control.o
                0x0000000008007198                PropulsionAndControl_UpdateRightFlaps
 .text.PropulsionAndControl_Init
                0x00000000080071d4      0x104 ./Core/Src/propulsion_and_control.o
                0x00000000080071d4                PropulsionAndControl_Init
 .text.HAL_MspInit
                0x00000000080072d8       0x50 ./Core/Src/stm32g4xx_hal_msp.o
                0x00000000080072d8                HAL_MspInit
 .text.HAL_InitTick
                0x0000000008007328       0xd8 ./Core/Src/stm32g4xx_hal_timebase_tim.o
                0x0000000008007328                HAL_InitTick
 .text.NMI_Handler
                0x0000000008007400        0x6 ./Core/Src/stm32g4xx_it.o
                0x0000000008007400                NMI_Handler
 .text.HardFault_Handler
                0x0000000008007406        0x6 ./Core/Src/stm32g4xx_it.o
                0x0000000008007406                HardFault_Handler
 .text.MemManage_Handler
                0x000000000800740c        0x6 ./Core/Src/stm32g4xx_it.o
                0x000000000800740c                MemManage_Handler
 .text.BusFault_Handler
                0x0000000008007412        0x6 ./Core/Src/stm32g4xx_it.o
                0x0000000008007412                BusFault_Handler
 .text.UsageFault_Handler
                0x0000000008007418        0x6 ./Core/Src/stm32g4xx_it.o
                0x0000000008007418                UsageFault_Handler
 .text.DebugMon_Handler
                0x000000000800741e        0xe ./Core/Src/stm32g4xx_it.o
                0x000000000800741e                DebugMon_Handler
 .text.DMA1_Channel1_IRQHandler
                0x000000000800742c       0x14 ./Core/Src/stm32g4xx_it.o
                0x000000000800742c                DMA1_Channel1_IRQHandler
 .text.TIM1_UP_TIM16_IRQHandler
                0x0000000008007440       0x14 ./Core/Src/stm32g4xx_it.o
                0x0000000008007440                TIM1_UP_TIM16_IRQHandler
 .text.EXTI15_10_IRQHandler
                0x0000000008007454       0x1c ./Core/Src/stm32g4xx_it.o
                0x0000000008007454                EXTI15_10_IRQHandler
 .text.UART4_IRQHandler
                0x0000000008007470       0x24 ./Core/Src/stm32g4xx_it.o
                0x0000000008007470                UART4_IRQHandler
 .text.UART5_IRQHandler
                0x0000000008007494       0x14 ./Core/Src/stm32g4xx_it.o
                0x0000000008007494                UART5_IRQHandler
 .text.SystemInit
                0x00000000080074a8       0x2c ./Core/Src/system_stm32g4xx.o
                0x00000000080074a8                SystemInit
 .text.MX_TIM2_Init
                0x00000000080074d4       0xb0 ./Core/Src/tim.o
                0x00000000080074d4                MX_TIM2_Init
 .text.MX_TIM3_Init
                0x0000000008007584       0xb4 ./Core/Src/tim.o
                0x0000000008007584                MX_TIM3_Init
 .text.MX_TIM4_Init
                0x0000000008007638       0xe8 ./Core/Src/tim.o
                0x0000000008007638                MX_TIM4_Init
 .text.HAL_TIM_PWM_MspInit
                0x0000000008007720       0x8c ./Core/Src/tim.o
                0x0000000008007720                HAL_TIM_PWM_MspInit
 .text.HAL_TIM_MspPostInit
                0x00000000080077ac       0xbc ./Core/Src/tim.o
                0x00000000080077ac                HAL_TIM_MspPostInit
 .text.MX_UART4_Init
                0x0000000008007868       0x98 ./Core/Src/usart.o
                0x0000000008007868                MX_UART4_Init
 .text.MX_UART5_Init
                0x0000000008007900       0x98 ./Core/Src/usart.o
                0x0000000008007900                MX_UART5_Init
 .text.HAL_UART_MspInit
                0x0000000008007998      0x198 ./Core/Src/usart.o
                0x0000000008007998                HAL_UART_MspInit
 .text.Reset_Handler
                0x0000000008007b30       0x50 ./Core/Startup/startup_stm32g474retx.o
                0x0000000008007b30                Reset_Handler
 .text.Default_Handler
                0x0000000008007b80        0x2 ./Core/Startup/startup_stm32g474retx.o
                0x0000000008007b80                RTC_Alarm_IRQHandler
                0x0000000008007b80                EXTI2_IRQHandler
                0x0000000008007b80                TIM8_TRG_COM_IRQHandler
                0x0000000008007b80                TIM8_CC_IRQHandler
                0x0000000008007b80                HRTIM1_Master_IRQHandler
                0x0000000008007b80                SPI4_IRQHandler
                0x0000000008007b80                FDCAN3_IT0_IRQHandler
                0x0000000008007b80                TIM1_CC_IRQHandler
                0x0000000008007b80                HRTIM1_FLT_IRQHandler
                0x0000000008007b80                HRTIM1_TIMF_IRQHandler
                0x0000000008007b80                USB_HP_IRQHandler
                0x0000000008007b80                CORDIC_IRQHandler
                0x0000000008007b80                HRTIM1_TIMD_IRQHandler
                0x0000000008007b80                DMA2_Channel8_IRQHandler
                0x0000000008007b80                EXTI3_IRQHandler
                0x0000000008007b80                I2C3_ER_IRQHandler
                0x0000000008007b80                EXTI0_IRQHandler
                0x0000000008007b80                I2C2_EV_IRQHandler
                0x0000000008007b80                FPU_IRQHandler
                0x0000000008007b80                FDCAN1_IT1_IRQHandler
                0x0000000008007b80                ADC1_2_IRQHandler
                0x0000000008007b80                HRTIM1_TIME_IRQHandler
                0x0000000008007b80                SPI1_IRQHandler
                0x0000000008007b80                TIM6_DAC_IRQHandler
                0x0000000008007b80                HRTIM1_TIMC_IRQHandler
                0x0000000008007b80                TIM8_UP_IRQHandler
                0x0000000008007b80                DMA2_Channel2_IRQHandler
                0x0000000008007b80                DMA1_Channel4_IRQHandler
                0x0000000008007b80                TIM20_TRG_COM_IRQHandler
                0x0000000008007b80                USART3_IRQHandler
                0x0000000008007b80                DMA1_Channel7_IRQHandler
                0x0000000008007b80                ADC3_IRQHandler
                0x0000000008007b80                TIM4_IRQHandler
                0x0000000008007b80                DMA2_Channel1_IRQHandler
                0x0000000008007b80                QUADSPI_IRQHandler
                0x0000000008007b80                I2C1_EV_IRQHandler
                0x0000000008007b80                DMA1_Channel6_IRQHandler
                0x0000000008007b80                DMA2_Channel4_IRQHandler
                0x0000000008007b80                TIM3_IRQHandler
                0x0000000008007b80                RCC_IRQHandler
                0x0000000008007b80                TIM20_UP_IRQHandler
                0x0000000008007b80                Default_Handler
                0x0000000008007b80                DMA2_Channel7_IRQHandler
                0x0000000008007b80                RTC_TAMP_LSECSS_IRQHandler
                0x0000000008007b80                FMAC_IRQHandler
                0x0000000008007b80                DMA1_Channel8_IRQHandler
                0x0000000008007b80                HRTIM1_TIMA_IRQHandler
                0x0000000008007b80                TIM7_DAC_IRQHandler
                0x0000000008007b80                FDCAN3_IT1_IRQHandler
                0x0000000008007b80                TIM5_IRQHandler
                0x0000000008007b80                UCPD1_IRQHandler
                0x0000000008007b80                I2C3_EV_IRQHandler
                0x0000000008007b80                EXTI9_5_IRQHandler
                0x0000000008007b80                RTC_WKUP_IRQHandler
                0x0000000008007b80                PVD_PVM_IRQHandler
                0x0000000008007b80                SPI2_IRQHandler
                0x0000000008007b80                ADC5_IRQHandler
                0x0000000008007b80                DMA2_Channel5_IRQHandler
                0x0000000008007b80                CRS_IRQHandler
                0x0000000008007b80                DMA1_Channel5_IRQHandler
                0x0000000008007b80                USB_LP_IRQHandler
                0x0000000008007b80                EXTI4_IRQHandler
                0x0000000008007b80                RNG_IRQHandler
                0x0000000008007b80                HRTIM1_TIMB_IRQHandler
                0x0000000008007b80                TIM1_TRG_COM_TIM17_IRQHandler
                0x0000000008007b80                FDCAN2_IT1_IRQHandler
                0x0000000008007b80                DMA1_Channel3_IRQHandler
                0x0000000008007b80                ADC4_IRQHandler
                0x0000000008007b80                WWDG_IRQHandler
                0x0000000008007b80                I2C4_EV_IRQHandler
                0x0000000008007b80                FDCAN2_IT0_IRQHandler
                0x0000000008007b80                LPUART1_IRQHandler
                0x0000000008007b80                DMA2_Channel6_IRQHandler
                0x0000000008007b80                FDCAN1_IT0_IRQHandler
                0x0000000008007b80                TIM2_IRQHandler
                0x0000000008007b80                COMP7_IRQHandler
                0x0000000008007b80                COMP1_2_3_IRQHandler
                0x0000000008007b80                EXTI1_IRQHandler
                0x0000000008007b80                USART2_IRQHandler
                0x0000000008007b80                COMP4_5_6_IRQHandler
                0x0000000008007b80                TIM20_BRK_IRQHandler
                0x0000000008007b80                I2C2_ER_IRQHandler
                0x0000000008007b80                DMA1_Channel2_IRQHandler
                0x0000000008007b80                TIM8_BRK_IRQHandler
                0x0000000008007b80                FLASH_IRQHandler
                0x0000000008007b80                TIM20_CC_IRQHandler
                0x0000000008007b80                USART1_IRQHandler
                0x0000000008007b80                SPI3_IRQHandler
                0x0000000008007b80                I2C1_ER_IRQHandler
                0x0000000008007b80                FMC_IRQHandler
                0x0000000008007b80                LPTIM1_IRQHandler
                0x0000000008007b80                DMAMUX_OVR_IRQHandler
                0x0000000008007b80                I2C4_ER_IRQHandler
                0x0000000008007b80                USBWakeUp_IRQHandler
                0x0000000008007b80                SAI1_IRQHandler
                0x0000000008007b80                DMA2_Channel3_IRQHandler
                0x0000000008007b80                TIM1_BRK_TIM15_IRQHandler
 .text.HAL_Init
                0x0000000008007b82       0x30 ./Drivers/STM32G4xx_HAL_Driver/Src/stm32g4xx_hal.o
                0x0000000008007b82                HAL_Init
 *fill*         0x0000000008007bb2        0x2 
 .text.HAL_IncTick
                0x0000000008007bb4       0x24 ./Drivers/STM32G4xx_HAL_Driver/Src/stm32g4xx_hal.o
                0x0000000008007bb4                HAL_IncTick
 .text.HAL_GetTick
                0x0000000008007bd8       0x18 ./Drivers/STM32G4xx_HAL_Driver/Src/stm32g4xx_hal.o
                0x0000000008007bd8                HAL_GetTick
 .text.HAL_Delay
                0x0000000008007bf0       0x44 ./Drivers/STM32G4xx_HAL_Driver/Src/stm32g4xx_hal.o
                0x0000000008007bf0                HAL_Delay
 .text.LL_ADC_SetCommonClock
                0x0000000008007c34       0x26 ./Drivers/STM32G4xx_HAL_Driver/Src/stm32g4xx_hal_adc.o
 .text.LL_ADC_SetCommonPathInternalCh
                0x0000000008007c5a       0x26 ./Drivers/STM32G4xx_HAL_Driver/Src/stm32g4xx_hal_adc.o
 .text.LL_ADC_GetCommonPathInternalCh
                0x0000000008007c80       0x1c ./Drivers/STM32G4xx_HAL_Driver/Src/stm32g4xx_hal_adc.o
 .text.LL_ADC_SetOffset
                0x0000000008007c9c       0x48 ./Drivers/STM32G4xx_HAL_Driver/Src/stm32g4xx_hal_adc.o
 .text.LL_ADC_GetOffsetChannel
                0x0000000008007ce4       0x2c ./Drivers/STM32G4xx_HAL_Driver/Src/stm32g4xx_hal_adc.o
 .text.LL_ADC_SetOffsetState
                0x0000000008007d10       0x36 ./Drivers/STM32G4xx_HAL_Driver/Src/stm32g4xx_hal_adc.o
 .text.LL_ADC_SetOffsetSign
                0x0000000008007d46       0x36 ./Drivers/STM32G4xx_HAL_Driver/Src/stm32g4xx_hal_adc.o
 .text.LL_ADC_SetOffsetSaturation
                0x0000000008007d7c       0x36 ./Drivers/STM32G4xx_HAL_Driver/Src/stm32g4xx_hal_adc.o
 .text.LL_ADC_SetSamplingTimeCommonConfig
                0x0000000008007db2       0x26 ./Drivers/STM32G4xx_HAL_Driver/Src/stm32g4xx_hal_adc.o
 .text.LL_ADC_REG_IsTriggerSourceSWStart
                0x0000000008007dd8       0x26 ./Drivers/STM32G4xx_HAL_Driver/Src/stm32g4xx_hal_adc.o
 .text.LL_ADC_REG_SetSequencerRanks
                0x0000000008007dfe       0x58 ./Drivers/STM32G4xx_HAL_Driver/Src/stm32g4xx_hal_adc.o
 .text.LL_ADC_SetChannelSamplingTime
                0x0000000008007e56       0x56 ./Drivers/STM32G4xx_HAL_Driver/Src/stm32g4xx_hal_adc.o
 .text.LL_ADC_SetChannelSingleDiff
                0x0000000008007eac       0x50 ./Drivers/STM32G4xx_HAL_Driver/Src/stm32g4xx_hal_adc.o
 .text.LL_ADC_GetMultimode
                0x0000000008007efc       0x1c ./Drivers/STM32G4xx_HAL_Driver/Src/stm32g4xx_hal_adc.o
 .text.LL_ADC_DisableDeepPowerDown
                0x0000000008007f18       0x24 ./Drivers/STM32G4xx_HAL_Driver/Src/stm32g4xx_hal_adc.o
 .text.LL_ADC_IsDeepPowerDownEnabled
                0x0000000008007f3c       0x28 ./Drivers/STM32G4xx_HAL_Driver/Src/stm32g4xx_hal_adc.o
 .text.LL_ADC_EnableInternalRegulator
                0x0000000008007f64       0x28 ./Drivers/STM32G4xx_HAL_Driver/Src/stm32g4xx_hal_adc.o
 .text.LL_ADC_IsInternalRegulatorEnabled
                0x0000000008007f8c       0x28 ./Drivers/STM32G4xx_HAL_Driver/Src/stm32g4xx_hal_adc.o
 .text.LL_ADC_Enable
                0x0000000008007fb4       0x28 ./Drivers/STM32G4xx_HAL_Driver/Src/stm32g4xx_hal_adc.o
 .text.LL_ADC_IsEnabled
                0x0000000008007fdc       0x26 ./Drivers/STM32G4xx_HAL_Driver/Src/stm32g4xx_hal_adc.o
 .text.LL_ADC_REG_StartConversion
                0x0000000008008002       0x28 ./Drivers/STM32G4xx_HAL_Driver/Src/stm32g4xx_hal_adc.o
 .text.LL_ADC_REG_IsConversionOngoing
                0x000000000800802a       0x26 ./Drivers/STM32G4xx_HAL_Driver/Src/stm32g4xx_hal_adc.o
 .text.LL_ADC_INJ_IsConversionOngoing
                0x0000000008008050       0x26 ./Drivers/STM32G4xx_HAL_Driver/Src/stm32g4xx_hal_adc.o
 *fill*         0x0000000008008076        0x2 
 .text.HAL_ADC_Init
                0x0000000008008078      0x384 ./Drivers/STM32G4xx_HAL_Driver/Src/stm32g4xx_hal_adc.o
                0x0000000008008078                HAL_ADC_Init
 .text.HAL_ADC_Start_DMA
                0x00000000080083fc      0x1a8 ./Drivers/STM32G4xx_HAL_Driver/Src/stm32g4xx_hal_adc.o
                0x00000000080083fc                HAL_ADC_Start_DMA
 .text.HAL_ADC_ConvCpltCallback
                0x00000000080085a4       0x14 ./Drivers/STM32G4xx_HAL_Driver/Src/stm32g4xx_hal_adc.o
                0x00000000080085a4                HAL_ADC_ConvCpltCallback
 .text.HAL_ADC_ConvHalfCpltCallback
                0x00000000080085b8       0x14 ./Drivers/STM32G4xx_HAL_Driver/Src/stm32g4xx_hal_adc.o
                0x00000000080085b8                HAL_ADC_ConvHalfCpltCallback
 .text.HAL_ADC_ErrorCallback
                0x00000000080085cc       0x14 ./Drivers/STM32G4xx_HAL_Driver/Src/stm32g4xx_hal_adc.o
                0x00000000080085cc                HAL_ADC_ErrorCallback
 .text.HAL_ADC_ConfigChannel
                0x00000000080085e0      0x880 ./Drivers/STM32G4xx_HAL_Driver/Src/stm32g4xx_hal_adc.o
                0x00000000080085e0                HAL_ADC_ConfigChannel
 .text.ADC_Enable
                0x0000000008008e60       0xc4 ./Drivers/STM32G4xx_HAL_Driver/Src/stm32g4xx_hal_adc.o
                0x0000000008008e60                ADC_Enable
 .text.ADC_DMAConvCplt
                0x0000000008008f24       0xd8 ./Drivers/STM32G4xx_HAL_Driver/Src/stm32g4xx_hal_adc.o
                0x0000000008008f24                ADC_DMAConvCplt
 .text.ADC_DMAHalfConvCplt
                0x0000000008008ffc       0x1c ./Drivers/STM32G4xx_HAL_Driver/Src/stm32g4xx_hal_adc.o
                0x0000000008008ffc                ADC_DMAHalfConvCplt
 .text.ADC_DMAError
                0x0000000008009018       0x34 ./Drivers/STM32G4xx_HAL_Driver/Src/stm32g4xx_hal_adc.o
                0x0000000008009018                ADC_DMAError
 .text.__NVIC_SetPriorityGrouping
                0x000000000800904c       0x48 ./Drivers/STM32G4xx_HAL_Driver/Src/stm32g4xx_hal_cortex.o
 .text.__NVIC_GetPriorityGrouping
                0x0000000008009094       0x1c ./Drivers/STM32G4xx_HAL_Driver/Src/stm32g4xx_hal_cortex.o
 .text.__NVIC_EnableIRQ
                0x00000000080090b0       0x3c ./Drivers/STM32G4xx_HAL_Driver/Src/stm32g4xx_hal_cortex.o
 .text.__NVIC_SetPriority
                0x00000000080090ec       0x54 ./Drivers/STM32G4xx_HAL_Driver/Src/stm32g4xx_hal_cortex.o
 .text.NVIC_EncodePriority
                0x0000000008009140       0x66 ./Drivers/STM32G4xx_HAL_Driver/Src/stm32g4xx_hal_cortex.o
 .text.HAL_NVIC_SetPriorityGrouping
                0x00000000080091a6       0x16 ./Drivers/STM32G4xx_HAL_Driver/Src/stm32g4xx_hal_cortex.o
                0x00000000080091a6                HAL_NVIC_SetPriorityGrouping
 .text.HAL_NVIC_SetPriority
                0x00000000080091bc       0x34 ./Drivers/STM32G4xx_HAL_Driver/Src/stm32g4xx_hal_cortex.o
                0x00000000080091bc                HAL_NVIC_SetPriority
 .text.HAL_NVIC_EnableIRQ
                0x00000000080091f0       0x1c ./Drivers/STM32G4xx_HAL_Driver/Src/stm32g4xx_hal_cortex.o
                0x00000000080091f0                HAL_NVIC_EnableIRQ
 .text.HAL_DMA_Init
                0x000000000800920c      0x150 ./Drivers/STM32G4xx_HAL_Driver/Src/stm32g4xx_hal_dma.o
                0x000000000800920c                HAL_DMA_Init
 .text.HAL_DMA_Start_IT
                0x000000000800935c       0xf6 ./Drivers/STM32G4xx_HAL_Driver/Src/stm32g4xx_hal_dma.o
                0x000000000800935c                HAL_DMA_Start_IT
 .text.HAL_DMA_Abort
                0x0000000008009452       0xb2 ./Drivers/STM32G4xx_HAL_Driver/Src/stm32g4xx_hal_dma.o
                0x0000000008009452                HAL_DMA_Abort
 .text.HAL_DMA_Abort_IT
                0x0000000008009504       0xce ./Drivers/STM32G4xx_HAL_Driver/Src/stm32g4xx_hal_dma.o
                0x0000000008009504                HAL_DMA_Abort_IT
 .text.HAL_DMA_IRQHandler
                0x00000000080095d2      0x15e ./Drivers/STM32G4xx_HAL_Driver/Src/stm32g4xx_hal_dma.o
                0x00000000080095d2                HAL_DMA_IRQHandler
 .text.DMA_SetConfig
                0x0000000008009730       0x7c ./Drivers/STM32G4xx_HAL_Driver/Src/stm32g4xx_hal_dma.o
 .text.DMA_CalcDMAMUXChannelBaseAndMask
                0x00000000080097ac       0x7c ./Drivers/STM32G4xx_HAL_Driver/Src/stm32g4xx_hal_dma.o
 .text.DMA_CalcDMAMUXRequestGenBaseAndMask
                0x0000000008009828       0x48 ./Drivers/STM32G4xx_HAL_Driver/Src/stm32g4xx_hal_dma.o
 .text.HAL_GPIO_Init
                0x0000000008009870      0x304 ./Drivers/STM32G4xx_HAL_Driver/Src/stm32g4xx_hal_gpio.o
                0x0000000008009870                HAL_GPIO_Init
 .text.HAL_GPIO_WritePin
                0x0000000008009b74       0x30 ./Drivers/STM32G4xx_HAL_Driver/Src/stm32g4xx_hal_gpio.o
                0x0000000008009b74                HAL_GPIO_WritePin
 .text.HAL_GPIO_TogglePin
                0x0000000008009ba4       0x34 ./Drivers/STM32G4xx_HAL_Driver/Src/stm32g4xx_hal_gpio.o
                0x0000000008009ba4                HAL_GPIO_TogglePin
 .text.HAL_GPIO_EXTI_IRQHandler
                0x0000000008009bd8       0x30 ./Drivers/STM32G4xx_HAL_Driver/Src/stm32g4xx_hal_gpio.o
                0x0000000008009bd8                HAL_GPIO_EXTI_IRQHandler
 .text.HAL_GPIO_EXTI_Callback
                0x0000000008009c08       0x16 ./Drivers/STM32G4xx_HAL_Driver/Src/stm32g4xx_hal_gpio.o
                0x0000000008009c08                HAL_GPIO_EXTI_Callback
 .text.HAL_I2C_Init
                0x0000000008009c1e      0x11e ./Drivers/STM32G4xx_HAL_Driver/Src/stm32g4xx_hal_i2c.o
                0x0000000008009c1e                HAL_I2C_Init
 .text.HAL_I2C_Mem_Write
                0x0000000008009d3c      0x228 ./Drivers/STM32G4xx_HAL_Driver/Src/stm32g4xx_hal_i2c.o
                0x0000000008009d3c                HAL_I2C_Mem_Write
 .text.HAL_I2C_Mem_Read
                0x0000000008009f64      0x234 ./Drivers/STM32G4xx_HAL_Driver/Src/stm32g4xx_hal_i2c.o
                0x0000000008009f64                HAL_I2C_Mem_Read
 .text.I2C_RequestMemoryWrite
                0x000000000800a198       0xa8 ./Drivers/STM32G4xx_HAL_Driver/Src/stm32g4xx_hal_i2c.o
 .text.I2C_RequestMemoryRead
                0x000000000800a240       0xa8 ./Drivers/STM32G4xx_HAL_Driver/Src/stm32g4xx_hal_i2c.o
 .text.I2C_Flush_TXDR
                0x000000000800a2e8       0x48 ./Drivers/STM32G4xx_HAL_Driver/Src/stm32g4xx_hal_i2c.o
 .text.I2C_WaitOnFlagUntilTimeout
                0x000000000800a330       0x80 ./Drivers/STM32G4xx_HAL_Driver/Src/stm32g4xx_hal_i2c.o
 .text.I2C_WaitOnTXISFlagUntilTimeout
                0x000000000800a3b0       0x80 ./Drivers/STM32G4xx_HAL_Driver/Src/stm32g4xx_hal_i2c.o
 .text.I2C_WaitOnSTOPFlagUntilTimeout
                0x000000000800a430       0x78 ./Drivers/STM32G4xx_HAL_Driver/Src/stm32g4xx_hal_i2c.o
 .text.I2C_IsErrorOccurred
                0x000000000800a4a8      0x1d8 ./Drivers/STM32G4xx_HAL_Driver/Src/stm32g4xx_hal_i2c.o
 .text.I2C_TransferConfig
                0x000000000800a680       0x64 ./Drivers/STM32G4xx_HAL_Driver/Src/stm32g4xx_hal_i2c.o
 .text.HAL_I2CEx_ConfigAnalogFilter
                0x000000000800a6e4       0x96 ./Drivers/STM32G4xx_HAL_Driver/Src/stm32g4xx_hal_i2c_ex.o
                0x000000000800a6e4                HAL_I2CEx_ConfigAnalogFilter
 .text.HAL_I2CEx_ConfigDigitalFilter
                0x000000000800a77a       0x98 ./Drivers/STM32G4xx_HAL_Driver/Src/stm32g4xx_hal_i2c_ex.o
                0x000000000800a77a                HAL_I2CEx_ConfigDigitalFilter
 *fill*         0x000000000800a812        0x2 
 .text.HAL_PWREx_ControlVoltageScaling
                0x000000000800a814      0x148 ./Drivers/STM32G4xx_HAL_Driver/Src/stm32g4xx_hal_pwr_ex.o
                0x000000000800a814                HAL_PWREx_ControlVoltageScaling
 .text.HAL_RCC_OscConfig
                0x000000000800a95c      0x630 ./Drivers/STM32G4xx_HAL_Driver/Src/stm32g4xx_hal_rcc.o
                0x000000000800a95c                HAL_RCC_OscConfig
 .text.HAL_RCC_ClockConfig
                0x000000000800af8c      0x278 ./Drivers/STM32G4xx_HAL_Driver/Src/stm32g4xx_hal_rcc.o
                0x000000000800af8c                HAL_RCC_ClockConfig
 .text.HAL_RCC_GetSysClockFreq
                0x000000000800b204       0xc4 ./Drivers/STM32G4xx_HAL_Driver/Src/stm32g4xx_hal_rcc.o
                0x000000000800b204                HAL_RCC_GetSysClockFreq
 .text.HAL_RCC_GetHCLKFreq
                0x000000000800b2c8       0x18 ./Drivers/STM32G4xx_HAL_Driver/Src/stm32g4xx_hal_rcc.o
                0x000000000800b2c8                HAL_RCC_GetHCLKFreq
 .text.HAL_RCC_GetPCLK1Freq
                0x000000000800b2e0       0x2c ./Drivers/STM32G4xx_HAL_Driver/Src/stm32g4xx_hal_rcc.o
                0x000000000800b2e0                HAL_RCC_GetPCLK1Freq
 .text.HAL_RCC_GetPCLK2Freq
                0x000000000800b30c       0x2c ./Drivers/STM32G4xx_HAL_Driver/Src/stm32g4xx_hal_rcc.o
                0x000000000800b30c                HAL_RCC_GetPCLK2Freq
 .text.HAL_RCC_GetClockConfig
                0x000000000800b338       0x64 ./Drivers/STM32G4xx_HAL_Driver/Src/stm32g4xx_hal_rcc.o
                0x000000000800b338                HAL_RCC_GetClockConfig
 .text.RCC_GetSysClockFreqFromPLLSource
                0x000000000800b39c       0x8c ./Drivers/STM32G4xx_HAL_Driver/Src/stm32g4xx_hal_rcc.o
 .text.HAL_RCCEx_PeriphCLKConfig
                0x000000000800b428      0x49c ./Drivers/STM32G4xx_HAL_Driver/Src/stm32g4xx_hal_rcc_ex.o
                0x000000000800b428                HAL_RCCEx_PeriphCLKConfig
 .text.HAL_TIM_Base_Init
                0x000000000800b8c4       0xae ./Drivers/STM32G4xx_HAL_Driver/Src/stm32g4xx_hal_tim.o
                0x000000000800b8c4                HAL_TIM_Base_Init
 .text.HAL_TIM_Base_MspInit
                0x000000000800b972       0x14 ./Drivers/STM32G4xx_HAL_Driver/Src/stm32g4xx_hal_tim.o
                0x000000000800b972                HAL_TIM_Base_MspInit
 *fill*         0x000000000800b986        0x2 
 .text.HAL_TIM_Base_Start_IT
                0x000000000800b988       0xf0 ./Drivers/STM32G4xx_HAL_Driver/Src/stm32g4xx_hal_tim.o
                0x000000000800b988                HAL_TIM_Base_Start_IT
 .text.HAL_TIM_PWM_Init
                0x000000000800ba78       0xae ./Drivers/STM32G4xx_HAL_Driver/Src/stm32g4xx_hal_tim.o
                0x000000000800ba78                HAL_TIM_PWM_Init
 *fill*         0x000000000800bb26        0x2 
 .text.HAL_TIM_PWM_Start
                0x000000000800bb28      0x224 ./Drivers/STM32G4xx_HAL_Driver/Src/stm32g4xx_hal_tim.o
                0x000000000800bb28                HAL_TIM_PWM_Start
 .text.HAL_TIM_IRQHandler
                0x000000000800bd4c      0x2fe ./Drivers/STM32G4xx_HAL_Driver/Src/stm32g4xx_hal_tim.o
                0x000000000800bd4c                HAL_TIM_IRQHandler
 *fill*         0x000000000800c04a        0x2 
 .text.HAL_TIM_PWM_ConfigChannel
                0x000000000800c04c      0x228 ./Drivers/STM32G4xx_HAL_Driver/Src/stm32g4xx_hal_tim.o
                0x000000000800c04c                HAL_TIM_PWM_ConfigChannel
 .text.HAL_TIM_OC_DelayElapsedCallback
                0x000000000800c274       0x14 ./Drivers/STM32G4xx_HAL_Driver/Src/stm32g4xx_hal_tim.o
                0x000000000800c274                HAL_TIM_OC_DelayElapsedCallback
 .text.HAL_TIM_IC_CaptureCallback
                0x000000000800c288       0x14 ./Drivers/STM32G4xx_HAL_Driver/Src/stm32g4xx_hal_tim.o
                0x000000000800c288                HAL_TIM_IC_CaptureCallback
 .text.HAL_TIM_PWM_PulseFinishedCallback
                0x000000000800c29c       0x14 ./Drivers/STM32G4xx_HAL_Driver/Src/stm32g4xx_hal_tim.o
                0x000000000800c29c                HAL_TIM_PWM_PulseFinishedCallback
 .text.HAL_TIM_TriggerCallback
                0x000000000800c2b0       0x14 ./Drivers/STM32G4xx_HAL_Driver/Src/stm32g4xx_hal_tim.o
                0x000000000800c2b0                HAL_TIM_TriggerCallback
 .text.TIM_Base_SetConfig
                0x000000000800c2c4      0x150 ./Drivers/STM32G4xx_HAL_Driver/Src/stm32g4xx_hal_tim.o
                0x000000000800c2c4                TIM_Base_SetConfig
 .text.TIM_OC1_SetConfig
                0x000000000800c414      0x134 ./Drivers/STM32G4xx_HAL_Driver/Src/stm32g4xx_hal_tim.o
 .text.TIM_OC2_SetConfig
                0x000000000800c548      0x128 ./Drivers/STM32G4xx_HAL_Driver/Src/stm32g4xx_hal_tim.o
                0x000000000800c548                TIM_OC2_SetConfig
 .text.TIM_OC3_SetConfig
                0x000000000800c670      0x124 ./Drivers/STM32G4xx_HAL_Driver/Src/stm32g4xx_hal_tim.o
 .text.TIM_OC4_SetConfig
                0x000000000800c794      0x128 ./Drivers/STM32G4xx_HAL_Driver/Src/stm32g4xx_hal_tim.o
 .text.TIM_OC5_SetConfig
                0x000000000800c8bc       0xd4 ./Drivers/STM32G4xx_HAL_Driver/Src/stm32g4xx_hal_tim.o
 .text.TIM_OC6_SetConfig
                0x000000000800c990       0xd8 ./Drivers/STM32G4xx_HAL_Driver/Src/stm32g4xx_hal_tim.o
 .text.TIM_CCxChannelCmd
                0x000000000800ca68       0x4a ./Drivers/STM32G4xx_HAL_Driver/Src/stm32g4xx_hal_tim.o
                0x000000000800ca68                TIM_CCxChannelCmd
 *fill*         0x000000000800cab2        0x2 
 .text.HAL_TIMEx_MasterConfigSynchronization
                0x000000000800cab4      0x12c ./Drivers/STM32G4xx_HAL_Driver/Src/stm32g4xx_hal_tim_ex.o
                0x000000000800cab4                HAL_TIMEx_MasterConfigSynchronization
 .text.HAL_TIMEx_CommutCallback
                0x000000000800cbe0       0x14 ./Drivers/STM32G4xx_HAL_Driver/Src/stm32g4xx_hal_tim_ex.o
                0x000000000800cbe0                HAL_TIMEx_CommutCallback
 .text.HAL_TIMEx_BreakCallback
                0x000000000800cbf4       0x14 ./Drivers/STM32G4xx_HAL_Driver/Src/stm32g4xx_hal_tim_ex.o
                0x000000000800cbf4                HAL_TIMEx_BreakCallback
 .text.HAL_TIMEx_Break2Callback
                0x000000000800cc08       0x14 ./Drivers/STM32G4xx_HAL_Driver/Src/stm32g4xx_hal_tim_ex.o
                0x000000000800cc08                HAL_TIMEx_Break2Callback
 .text.HAL_TIMEx_EncoderIndexCallback
                0x000000000800cc1c       0x14 ./Drivers/STM32G4xx_HAL_Driver/Src/stm32g4xx_hal_tim_ex.o
                0x000000000800cc1c                HAL_TIMEx_EncoderIndexCallback
 .text.HAL_TIMEx_DirectionChangeCallback
                0x000000000800cc30       0x14 ./Drivers/STM32G4xx_HAL_Driver/Src/stm32g4xx_hal_tim_ex.o
                0x000000000800cc30                HAL_TIMEx_DirectionChangeCallback
 .text.HAL_TIMEx_IndexErrorCallback
                0x000000000800cc44       0x14 ./Drivers/STM32G4xx_HAL_Driver/Src/stm32g4xx_hal_tim_ex.o
                0x000000000800cc44                HAL_TIMEx_IndexErrorCallback
 .text.HAL_TIMEx_TransitionErrorCallback
                0x000000000800cc58       0x14 ./Drivers/STM32G4xx_HAL_Driver/Src/stm32g4xx_hal_tim_ex.o
                0x000000000800cc58                HAL_TIMEx_TransitionErrorCallback
 .text.HAL_UART_Init
                0x000000000800cc6c       0xa0 ./Drivers/STM32G4xx_HAL_Driver/Src/stm32g4xx_hal_uart.o
                0x000000000800cc6c                HAL_UART_Init
 .text.HAL_UART_Receive_IT
                0x000000000800cd0c       0xac ./Drivers/STM32G4xx_HAL_Driver/Src/stm32g4xx_hal_uart.o
                0x000000000800cd0c                HAL_UART_Receive_IT
 .text.HAL_UART_IRQHandler
                0x000000000800cdb8      0x630 ./Drivers/STM32G4xx_HAL_Driver/Src/stm32g4xx_hal_uart.o
                0x000000000800cdb8                HAL_UART_IRQHandler
 .text.HAL_UART_TxCpltCallback
                0x000000000800d3e8       0x14 ./Drivers/STM32G4xx_HAL_Driver/Src/stm32g4xx_hal_uart.o
                0x000000000800d3e8                HAL_UART_TxCpltCallback
 .text.HAL_UART_RxCpltCallback
                0x000000000800d3fc       0x14 ./Drivers/STM32G4xx_HAL_Driver/Src/stm32g4xx_hal_uart.o
                0x000000000800d3fc                HAL_UART_RxCpltCallback
 .text.HAL_UART_ErrorCallback
                0x000000000800d410       0x14 ./Drivers/STM32G4xx_HAL_Driver/Src/stm32g4xx_hal_uart.o
                0x000000000800d410                HAL_UART_ErrorCallback
 .text.HAL_UARTEx_RxEventCallback
                0x000000000800d424       0x18 ./Drivers/STM32G4xx_HAL_Driver/Src/stm32g4xx_hal_uart.o
                0x000000000800d424                HAL_UARTEx_RxEventCallback
 .text.UART_SetConfig
                0x000000000800d43c      0x5f8 ./Drivers/STM32G4xx_HAL_Driver/Src/stm32g4xx_hal_uart.o
                0x000000000800d43c                UART_SetConfig
 .text.UART_AdvFeatureConfig
                0x000000000800da34      0x144 ./Drivers/STM32G4xx_HAL_Driver/Src/stm32g4xx_hal_uart.o
                0x000000000800da34                UART_AdvFeatureConfig
 .text.UART_CheckIdleState
                0x000000000800db78       0x96 ./Drivers/STM32G4xx_HAL_Driver/Src/stm32g4xx_hal_uart.o
                0x000000000800db78                UART_CheckIdleState
 .text.UART_WaitOnFlagUntilTimeout
                0x000000000800dc0e      0x190 ./Drivers/STM32G4xx_HAL_Driver/Src/stm32g4xx_hal_uart.o
                0x000000000800dc0e                UART_WaitOnFlagUntilTimeout
 *fill*         0x000000000800dd9e        0x2 
 .text.UART_Start_Receive_IT
                0x000000000800dda0      0x254 ./Drivers/STM32G4xx_HAL_Driver/Src/stm32g4xx_hal_uart.o
                0x000000000800dda0                UART_Start_Receive_IT
 .text.UART_EndRxTransfer
                0x000000000800dff4       0xcc ./Drivers/STM32G4xx_HAL_Driver/Src/stm32g4xx_hal_uart.o
 .text.UART_DMAAbortOnError
                0x000000000800e0c0       0x2c ./Drivers/STM32G4xx_HAL_Driver/Src/stm32g4xx_hal_uart.o
 .text.UART_EndTransmit_IT
                0x000000000800e0ec       0x56 ./Drivers/STM32G4xx_HAL_Driver/Src/stm32g4xx_hal_uart.o
 .text.UART_RxISR_8BIT
                0x000000000800e142      0x160 ./Drivers/STM32G4xx_HAL_Driver/Src/stm32g4xx_hal_uart.o
 .text.UART_RxISR_16BIT
                0x000000000800e2a2      0x160 ./Drivers/STM32G4xx_HAL_Driver/Src/stm32g4xx_hal_uart.o
 *fill*         0x000000000800e402        0x2 
 .text.UART_RxISR_8BIT_FIFOEN
                0x000000000800e404      0x2f8 ./Drivers/STM32G4xx_HAL_Driver/Src/stm32g4xx_hal_uart.o
 .text.UART_RxISR_16BIT_FIFOEN
                0x000000000800e6fc      0x300 ./Drivers/STM32G4xx_HAL_Driver/Src/stm32g4xx_hal_uart.o
 .text.HAL_UARTEx_WakeupCallback
                0x000000000800e9fc       0x14 ./Drivers/STM32G4xx_HAL_Driver/Src/stm32g4xx_hal_uart_ex.o
                0x000000000800e9fc                HAL_UARTEx_WakeupCallback
 .text.HAL_UARTEx_RxFifoFullCallback
                0x000000000800ea10       0x14 ./Drivers/STM32G4xx_HAL_Driver/Src/stm32g4xx_hal_uart_ex.o
                0x000000000800ea10                HAL_UARTEx_RxFifoFullCallback
 .text.HAL_UARTEx_TxFifoEmptyCallback
                0x000000000800ea24       0x14 ./Drivers/STM32G4xx_HAL_Driver/Src/stm32g4xx_hal_uart_ex.o
                0x000000000800ea24                HAL_UARTEx_TxFifoEmptyCallback
 .text.HAL_UARTEx_DisableFifoMode
                0x000000000800ea38       0x72 ./Drivers/STM32G4xx_HAL_Driver/Src/stm32g4xx_hal_uart_ex.o
                0x000000000800ea38                HAL_UARTEx_DisableFifoMode
 .text.HAL_UARTEx_SetTxFifoThreshold
                0x000000000800eaaa       0x7c ./Drivers/STM32G4xx_HAL_Driver/Src/stm32g4xx_hal_uart_ex.o
                0x000000000800eaaa                HAL_UARTEx_SetTxFifoThreshold
 .text.HAL_UARTEx_SetRxFifoThreshold
                0x000000000800eb26       0x7c ./Drivers/STM32G4xx_HAL_Driver/Src/stm32g4xx_hal_uart_ex.o
                0x000000000800eb26                HAL_UARTEx_SetRxFifoThreshold
 *fill*         0x000000000800eba2        0x2 
 .text.UARTEx_SetNbDataToProcess
                0x000000000800eba4       0x9c ./Drivers/STM32G4xx_HAL_Driver/Src/stm32g4xx_hal_uart_ex.o
 .text.makeFreeRtosPriority
                0x000000000800ec40       0x30 ./Middlewares/Third_Party/FreeRTOS/Source/CMSIS_RTOS/cmsis_os.o
 .text.osKernelStart
                0x000000000800ec70        0xe ./Middlewares/Third_Party/FreeRTOS/Source/CMSIS_RTOS/cmsis_os.o
                0x000000000800ec70                osKernelStart
 .text.osThreadCreate
                0x000000000800ec7e       0x4e ./Middlewares/Third_Party/FreeRTOS/Source/CMSIS_RTOS/cmsis_os.o
                0x000000000800ec7e                osThreadCreate
 .text.osDelay  0x000000000800eccc       0x28 ./Middlewares/Third_Party/FreeRTOS/Source/CMSIS_RTOS/cmsis_os.o
                0x000000000800eccc                osDelay
 .text.osMutexCreate
                0x000000000800ecf4       0x18 ./Middlewares/Third_Party/FreeRTOS/Source/CMSIS_RTOS/cmsis_os.o
                0x000000000800ecf4                osMutexCreate
 .text.osSemaphoreCreate
                0x000000000800ed0c       0x3c ./Middlewares/Third_Party/FreeRTOS/Source/CMSIS_RTOS/cmsis_os.o
                0x000000000800ed0c                osSemaphoreCreate
 .text.vListInitialise
                0x000000000800ed48       0x40 ./Middlewares/Third_Party/FreeRTOS/Source/list.o
                0x000000000800ed48                vListInitialise
 .text.vListInitialiseItem
                0x000000000800ed88       0x1a ./Middlewares/Third_Party/FreeRTOS/Source/list.o
                0x000000000800ed88                vListInitialiseItem
 .text.vListInsertEnd
                0x000000000800eda2       0x48 ./Middlewares/Third_Party/FreeRTOS/Source/list.o
                0x000000000800eda2                vListInsertEnd
 .text.vListInsert
                0x000000000800edea       0x72 ./Middlewares/Third_Party/FreeRTOS/Source/list.o
                0x000000000800edea                vListInsert
 .text.uxListRemove
                0x000000000800ee5c       0x54 ./Middlewares/Third_Party/FreeRTOS/Source/list.o
                0x000000000800ee5c                uxListRemove
 .text.xQueueGenericReset
                0x000000000800eeb0       0xb6 ./Middlewares/Third_Party/FreeRTOS/Source/queue.o
                0x000000000800eeb0                xQueueGenericReset
 .text.xQueueGenericCreate
                0x000000000800ef66       0x6c ./Middlewares/Third_Party/FreeRTOS/Source/queue.o
                0x000000000800ef66                xQueueGenericCreate
 .text.prvInitialiseNewQueue
                0x000000000800efd2       0x3e ./Middlewares/Third_Party/FreeRTOS/Source/queue.o
 .text.prvInitialiseMutex
                0x000000000800f010       0x34 ./Middlewares/Third_Party/FreeRTOS/Source/queue.o
 .text.xQueueCreateMutex
                0x000000000800f044       0x30 ./Middlewares/Third_Party/FreeRTOS/Source/queue.o
                0x000000000800f044                xQueueCreateMutex
 .text.xQueueGenericSend
                0x000000000800f074      0x1cc ./Middlewares/Third_Party/FreeRTOS/Source/queue.o
                0x000000000800f074                xQueueGenericSend
 .text.xQueueGiveFromISR
                0x000000000800f240      0x11a ./Middlewares/Third_Party/FreeRTOS/Source/queue.o
                0x000000000800f240                xQueueGiveFromISR
 *fill*         0x000000000800f35a        0x2 
 .text.xQueueSemaphoreTake
                0x000000000800f35c      0x200 ./Middlewares/Third_Party/FreeRTOS/Source/queue.o
                0x000000000800f35c                xQueueSemaphoreTake
 .text.prvGetDisinheritPriorityAfterTimeout
                0x000000000800f55c       0x30 ./Middlewares/Third_Party/FreeRTOS/Source/queue.o
 .text.prvCopyDataToQueue
                0x000000000800f58c       0xd4 ./Middlewares/Third_Party/FreeRTOS/Source/queue.o
 .text.prvUnlockQueue
                0x000000000800f660       0xa4 ./Middlewares/Third_Party/FreeRTOS/Source/queue.o
 .text.prvIsQueueEmpty
                0x000000000800f704       0x2c ./Middlewares/Third_Party/FreeRTOS/Source/queue.o
 .text.prvIsQueueFull
                0x000000000800f730       0x30 ./Middlewares/Third_Party/FreeRTOS/Source/queue.o
 .text.xTaskCreate
                0x000000000800f760       0x82 ./Middlewares/Third_Party/FreeRTOS/Source/tasks.o
                0x000000000800f760                xTaskCreate
 *fill*         0x000000000800f7e2        0x2 
 .text.prvInitialiseNewTask
                0x000000000800f7e4      0x144 ./Middlewares/Third_Party/FreeRTOS/Source/tasks.o
 .text.prvAddNewTaskToReadyList
                0x000000000800f928       0xb8 ./Middlewares/Third_Party/FreeRTOS/Source/tasks.o
 .text.vTaskDelay
                0x000000000800f9e0       0x68 ./Middlewares/Third_Party/FreeRTOS/Source/tasks.o
                0x000000000800f9e0                vTaskDelay
 .text.vTaskStartScheduler
                0x000000000800fa48       0xa0 ./Middlewares/Third_Party/FreeRTOS/Source/tasks.o
                0x000000000800fa48                vTaskStartScheduler
 .text.vTaskSuspendAll
                0x000000000800fae8       0x1c ./Middlewares/Third_Party/FreeRTOS/Source/tasks.o
                0x000000000800fae8                vTaskSuspendAll
 .text.xTaskResumeAll
                0x000000000800fb04      0x11c ./Middlewares/Third_Party/FreeRTOS/Source/tasks.o
                0x000000000800fb04                xTaskResumeAll
 .text.xTaskIncrementTick
                0x000000000800fc20      0x12c ./Middlewares/Third_Party/FreeRTOS/Source/tasks.o
                0x000000000800fc20                xTaskIncrementTick
 .text.vTaskSwitchContext
                0x000000000800fd4c       0xc4 ./Middlewares/Third_Party/FreeRTOS/Source/tasks.o
                0x000000000800fd4c                vTaskSwitchContext
 .text.vTaskPlaceOnEventList
                0x000000000800fe10       0x48 ./Middlewares/Third_Party/FreeRTOS/Source/tasks.o
                0x000000000800fe10                vTaskPlaceOnEventList
 .text.xTaskRemoveFromEventList
                0x000000000800fe58       0xc4 ./Middlewares/Third_Party/FreeRTOS/Source/tasks.o
                0x000000000800fe58                xTaskRemoveFromEventList
 .text.vTaskInternalSetTimeOutState
                0x000000000800ff1c       0x2c ./Middlewares/Third_Party/FreeRTOS/Source/tasks.o
                0x000000000800ff1c                vTaskInternalSetTimeOutState
 .text.xTaskCheckForTimeOut
                0x000000000800ff48       0xe4 ./Middlewares/Third_Party/FreeRTOS/Source/tasks.o
                0x000000000800ff48                xTaskCheckForTimeOut
 .text.vTaskMissedYield
                0x000000000801002c       0x18 ./Middlewares/Third_Party/FreeRTOS/Source/tasks.o
                0x000000000801002c                vTaskMissedYield
 .text.prvIdleTask
                0x0000000008010044       0x24 ./Middlewares/Third_Party/FreeRTOS/Source/tasks.o
 .text.prvInitialiseTaskLists
                0x0000000008010068       0x80 ./Middlewares/Third_Party/FreeRTOS/Source/tasks.o
 .text.prvCheckTasksWaitingTermination
                0x00000000080100e8       0x5c ./Middlewares/Third_Party/FreeRTOS/Source/tasks.o
 .text.prvDeleteTCB
                0x0000000008010144       0x2a ./Middlewares/Third_Party/FreeRTOS/Source/tasks.o
 *fill*         0x000000000801016e        0x2 
 .text.prvResetNextTaskUnblockTime
                0x0000000008010170       0x40 ./Middlewares/Third_Party/FreeRTOS/Source/tasks.o
 .text.xTaskGetSchedulerState
                0x00000000080101b0       0x3c ./Middlewares/Third_Party/FreeRTOS/Source/tasks.o
                0x00000000080101b0                xTaskGetSchedulerState
 .text.xTaskPriorityInherit
                0x00000000080101ec       0xec ./Middlewares/Third_Party/FreeRTOS/Source/tasks.o
                0x00000000080101ec                xTaskPriorityInherit
 .text.xTaskPriorityDisinherit
                0x00000000080102d8      0x10c ./Middlewares/Third_Party/FreeRTOS/Source/tasks.o
                0x00000000080102d8                xTaskPriorityDisinherit
 .text.vTaskPriorityDisinheritAfterTimeout
                0x00000000080103e4      0x11c ./Middlewares/Third_Party/FreeRTOS/Source/tasks.o
                0x00000000080103e4                vTaskPriorityDisinheritAfterTimeout
 .text.pvTaskIncrementMutexHeldCount
                0x0000000008010500       0x28 ./Middlewares/Third_Party/FreeRTOS/Source/tasks.o
                0x0000000008010500                pvTaskIncrementMutexHeldCount
 .text.prvAddCurrentTaskToDelayedList
                0x0000000008010528       0xd4 ./Middlewares/Third_Party/FreeRTOS/Source/tasks.o
 .text.pxPortInitialiseStack
                0x00000000080105fc       0x68 ./Middlewares/Third_Party/FreeRTOS/Source/portable/GCC/ARM_CM4F/port.o
                0x00000000080105fc                pxPortInitialiseStack
 .text.prvTaskExitError
                0x0000000008010664       0x58 ./Middlewares/Third_Party/FreeRTOS/Source/portable/GCC/ARM_CM4F/port.o
 *fill*         0x00000000080106bc        0x4 
 .text.SVC_Handler
                0x00000000080106c0       0x28 ./Middlewares/Third_Party/FreeRTOS/Source/portable/GCC/ARM_CM4F/port.o
                0x00000000080106c0                SVC_Handler
 .text.prvPortStartFirstTask
                0x00000000080106e8       0x28 ./Middlewares/Third_Party/FreeRTOS/Source/portable/GCC/ARM_CM4F/port.o
 .text.xPortStartScheduler
                0x0000000008010710      0x144 ./Middlewares/Third_Party/FreeRTOS/Source/portable/GCC/ARM_CM4F/port.o
                0x0000000008010710                xPortStartScheduler
 .text.vPortEnterCritical
                0x0000000008010854       0x60 ./Middlewares/Third_Party/FreeRTOS/Source/portable/GCC/ARM_CM4F/port.o
                0x0000000008010854                vPortEnterCritical
 .text.vPortExitCritical
                0x00000000080108b4       0x54 ./Middlewares/Third_Party/FreeRTOS/Source/portable/GCC/ARM_CM4F/port.o
                0x00000000080108b4                vPortExitCritical
 *fill*         0x0000000008010908        0x8 
 .text.PendSV_Handler
                0x0000000008010910       0x68 ./Middlewares/Third_Party/FreeRTOS/Source/portable/GCC/ARM_CM4F/port.o
                0x0000000008010910                PendSV_Handler
 .text.SysTick_Handler
                0x0000000008010978       0x44 ./Middlewares/Third_Party/FreeRTOS/Source/portable/GCC/ARM_CM4F/port.o
                0x0000000008010978                SysTick_Handler
 .text.vPortSetupTimerInterrupt
                0x00000000080109bc       0x48 ./Middlewares/Third_Party/FreeRTOS/Source/portable/GCC/ARM_CM4F/port.o
                0x00000000080109bc                vPortSetupTimerInterrupt
 .text.vPortEnableVFP
                0x0000000008010a04       0x14 ./Middlewares/Third_Party/FreeRTOS/Source/portable/GCC/ARM_CM4F/port.o
 .text.vPortValidateInterruptPriority
                0x0000000008010a18       0x80 ./Middlewares/Third_Party/FreeRTOS/Source/portable/GCC/ARM_CM4F/port.o
                0x0000000008010a18                vPortValidateInterruptPriority
 .text.pvPortMalloc
                0x0000000008010a98      0x198 ./Middlewares/Third_Party/FreeRTOS/Source/portable/MemMang/heap_4.o
                0x0000000008010a98                pvPortMalloc
 .text.vPortFree
                0x0000000008010c30       0xc4 ./Middlewares/Third_Party/FreeRTOS/Source/portable/MemMang/heap_4.o
                0x0000000008010c30                vPortFree
 .text.prvHeapInit
                0x0000000008010cf4       0xc4 ./Middlewares/Third_Party/FreeRTOS/Source/portable/MemMang/heap_4.o
 .text.prvInsertBlockIntoFreeList
                0x0000000008010db8       0xb4 ./Middlewares/Third_Party/FreeRTOS/Source/portable/MemMang/heap_4.o
 .text.arm_pid_init_f32
                0x0000000008010e6c       0x3c C:\Users\33768\STM32CubeIDE\workspace_1.11.0\AVALON_PROJECT\Avalon-\app\Drivers\CMSIS\Lib\GCC\libarm_cortexM4lf_math.a(arm_pid_init_f32.o)
                0x0000000008010e6c                arm_pid_init_f32
 .text.memset   0x0000000008010ea8       0x10 F:/Programm/Stmicroelectronics/CubeIde/STM32CubeIDE_1.11.0/STM32CubeIDE/plugins/com.st.stm32cube.ide.mcu.externaltools.gnu-tools-for-stm32.11.3.rel1.win32_1.1.1.202309131626/tools/bin/../lib/gcc/arm-none-eabi/11.3.1/../../../../arm-none-eabi/lib/thumb/v7e-m+fp/hard\libc_nano.a(libc_a-memset.o)
                0x0000000008010ea8                memset
 .text._reclaim_reent
                0x0000000008010eb8       0xac F:/Programm/Stmicroelectronics/CubeIde/STM32CubeIDE_1.11.0/STM32CubeIDE/plugins/com.st.stm32cube.ide.mcu.externaltools.gnu-tools-for-stm32.11.3.rel1.win32_1.1.1.202309131626/tools/bin/../lib/gcc/arm-none-eabi/11.3.1/../../../../arm-none-eabi/lib/thumb/v7e-m+fp/hard\libc_nano.a(libc_a-reent.o)
                0x0000000008010eb8                _reclaim_reent
 .text.__errno  0x0000000008010f64        0xc F:/Programm/Stmicroelectronics/CubeIde/STM32CubeIDE_1.11.0/STM32CubeIDE/plugins/com.st.stm32cube.ide.mcu.externaltools.gnu-tools-for-stm32.11.3.rel1.win32_1.1.1.202309131626/tools/bin/../lib/gcc/arm-none-eabi/11.3.1/../../../../arm-none-eabi/lib/thumb/v7e-m+fp/hard\libc_nano.a(libc_a-errno.o)
                0x0000000008010f64                __errno
 .text.__libc_init_array
                0x0000000008010f70       0x48 F:/Programm/Stmicroelectronics/CubeIde/STM32CubeIDE_1.11.0/STM32CubeIDE/plugins/com.st.stm32cube.ide.mcu.externaltools.gnu-tools-for-stm32.11.3.rel1.win32_1.1.1.202309131626/tools/bin/../lib/gcc/arm-none-eabi/11.3.1/../../../../arm-none-eabi/lib/thumb/v7e-m+fp/hard\libc_nano.a(libc_a-init.o)
                0x0000000008010f70                __libc_init_array
 .text.__retarget_lock_acquire_recursive
                0x0000000008010fb8        0x2 F:/Programm/Stmicroelectronics/CubeIde/STM32CubeIDE_1.11.0/STM32CubeIDE/plugins/com.st.stm32cube.ide.mcu.externaltools.gnu-tools-for-stm32.11.3.rel1.win32_1.1.1.202309131626/tools/bin/../lib/gcc/arm-none-eabi/11.3.1/../../../../arm-none-eabi/lib/thumb/v7e-m+fp/hard\libc_nano.a(libc_a-lock.o)
                0x0000000008010fb8                __retarget_lock_acquire_recursive
 .text.__retarget_lock_release_recursive
                0x0000000008010fba        0x2 F:/Programm/Stmicroelectronics/CubeIde/STM32CubeIDE_1.11.0/STM32CubeIDE/plugins/com.st.stm32cube.ide.mcu.externaltools.gnu-tools-for-stm32.11.3.rel1.win32_1.1.1.202309131626/tools/bin/../lib/gcc/arm-none-eabi/11.3.1/../../../../arm-none-eabi/lib/thumb/v7e-m+fp/hard\libc_nano.a(libc_a-lock.o)
                0x0000000008010fba                __retarget_lock_release_recursive
 .text.memcpy   0x0000000008010fbc       0x1c F:/Programm/Stmicroelectronics/CubeIde/STM32CubeIDE_1.11.0/STM32CubeIDE/plugins/com.st.stm32cube.ide.mcu.externaltools.gnu-tools-for-stm32.11.3.rel1.win32_1.1.1.202309131626/tools/bin/../lib/gcc/arm-none-eabi/11.3.1/../../../../arm-none-eabi/lib/thumb/v7e-m+fp/hard\libc_nano.a(libc_a-memcpy-stub.o)
                0x0000000008010fbc                memcpy
 .text._free_r  0x0000000008010fd8       0x98 F:/Programm/Stmicroelectronics/CubeIde/STM32CubeIDE_1.11.0/STM32CubeIDE/plugins/com.st.stm32cube.ide.mcu.externaltools.gnu-tools-for-stm32.11.3.rel1.win32_1.1.1.202309131626/tools/bin/../lib/gcc/arm-none-eabi/11.3.1/../../../../arm-none-eabi/lib/thumb/v7e-m+fp/hard\libc_nano.a(libc_a-freer.o)
                0x0000000008010fd8                _free_r
 .text.__malloc_lock
                0x0000000008011070        0xc F:/Programm/Stmicroelectronics/CubeIde/STM32CubeIDE_1.11.0/STM32CubeIDE/plugins/com.st.stm32cube.ide.mcu.externaltools.gnu-tools-for-stm32.11.3.rel1.win32_1.1.1.202309131626/tools/bin/../lib/gcc/arm-none-eabi/11.3.1/../../../../arm-none-eabi/lib/thumb/v7e-m+fp/hard\libc_nano.a(libc_a-mlock.o)
                0x0000000008011070                __malloc_lock
 .text.__malloc_unlock
                0x000000000801107c        0xc F:/Programm/Stmicroelectronics/CubeIde/STM32CubeIDE_1.11.0/STM32CubeIDE/plugins/com.st.stm32cube.ide.mcu.externaltools.gnu-tools-for-stm32.11.3.rel1.win32_1.1.1.202309131626/tools/bin/../lib/gcc/arm-none-eabi/11.3.1/../../../../arm-none-eabi/lib/thumb/v7e-m+fp/hard\libc_nano.a(libc_a-mlock.o)
                0x000000000801107c                __malloc_unlock
 .text.pow      0x0000000008011088       0xe0 F:/Programm/Stmicroelectronics/CubeIde/STM32CubeIDE_1.11.0/STM32CubeIDE/plugins/com.st.stm32cube.ide.mcu.externaltools.gnu-tools-for-stm32.11.3.rel1.win32_1.1.1.202309131626/tools/bin/../lib/gcc/arm-none-eabi/11.3.1/../../../../arm-none-eabi/lib/thumb/v7e-m+fp/hard\libm.a(libm_a-w_pow.o)
                0x0000000008011088                pow
 .text.finite   0x0000000008011168       0x16 F:/Programm/Stmicroelectronics/CubeIde/STM32CubeIDE_1.11.0/STM32CubeIDE/plugins/com.st.stm32cube.ide.mcu.externaltools.gnu-tools-for-stm32.11.3.rel1.win32_1.1.1.202309131626/tools/bin/../lib/gcc/arm-none-eabi/11.3.1/../../../../arm-none-eabi/lib/thumb/v7e-m+fp/hard\libm.a(libm_a-s_finite.o)
                0x0000000008011168                finite
 *fill*         0x000000000801117e        0x2 
 .text.__ieee754_pow
                0x0000000008011180      0xa54 F:/Programm/Stmicroelectronics/CubeIde/STM32CubeIDE_1.11.0/STM32CubeIDE/plugins/com.st.stm32cube.ide.mcu.externaltools.gnu-tools-for-stm32.11.3.rel1.win32_1.1.1.202309131626/tools/bin/../lib/gcc/arm-none-eabi/11.3.1/../../../../arm-none-eabi/lib/thumb/v7e-m+fp/hard\libm.a(libm_a-e_pow.o)
                0x0000000008011180                __ieee754_pow
 .text.fabs     0x0000000008011bd4       0x12 F:/Programm/Stmicroelectronics/CubeIde/STM32CubeIDE_1.11.0/STM32CubeIDE/plugins/com.st.stm32cube.ide.mcu.externaltools.gnu-tools-for-stm32.11.3.rel1.win32_1.1.1.202309131626/tools/bin/../lib/gcc/arm-none-eabi/11.3.1/../../../../arm-none-eabi/lib/thumb/v7e-m+fp/hard\libm.a(libm_a-s_fabs.o)
                0x0000000008011bd4                fabs
 *fill*         0x0000000008011be6        0x2 
 .text.scalbn   0x0000000008011be8       0xfc F:/Programm/Stmicroelectronics/CubeIde/STM32CubeIDE_1.11.0/STM32CubeIDE/plugins/com.st.stm32cube.ide.mcu.externaltools.gnu-tools-for-stm32.11.3.rel1.win32_1.1.1.202309131626/tools/bin/../lib/gcc/arm-none-eabi/11.3.1/../../../../arm-none-eabi/lib/thumb/v7e-m+fp/hard\libm.a(libm_a-s_scalbn.o)
                0x0000000008011be8                scalbn
 .text.with_errno
                0x0000000008011ce4       0x14 F:/Programm/Stmicroelectronics/CubeIde/STM32CubeIDE_1.11.0/STM32CubeIDE/plugins/com.st.stm32cube.ide.mcu.externaltools.gnu-tools-for-stm32.11.3.rel1.win32_1.1.1.202309131626/tools/bin/../lib/gcc/arm-none-eabi/11.3.1/../../../../arm-none-eabi/lib/thumb/v7e-m+fp/hard\libm.a(libm_a-math_err.o)
 .text.xflow    0x0000000008011cf8       0x28 F:/Programm/Stmicroelectronics/CubeIde/STM32CubeIDE_1.11.0/STM32CubeIDE/plugins/com.st.stm32cube.ide.mcu.externaltools.gnu-tools-for-stm32.11.3.rel1.win32_1.1.1.202309131626/tools/bin/../lib/gcc/arm-none-eabi/11.3.1/../../../../arm-none-eabi/lib/thumb/v7e-m+fp/hard\libm.a(libm_a-math_err.o)
 .text.__math_uflow
                0x0000000008011d20       0x12 F:/Programm/Stmicroelectronics/CubeIde/STM32CubeIDE_1.11.0/STM32CubeIDE/plugins/com.st.stm32cube.ide.mcu.externaltools.gnu-tools-for-stm32.11.3.rel1.win32_1.1.1.202309131626/tools/bin/../lib/gcc/arm-none-eabi/11.3.1/../../../../arm-none-eabi/lib/thumb/v7e-m+fp/hard\libm.a(libm_a-math_err.o)
                0x0000000008011d20                __math_uflow
 .text.__math_oflow
                0x0000000008011d32       0x12 F:/Programm/Stmicroelectronics/CubeIde/STM32CubeIDE_1.11.0/STM32CubeIDE/plugins/com.st.stm32cube.ide.mcu.externaltools.gnu-tools-for-stm32.11.3.rel1.win32_1.1.1.202309131626/tools/bin/../lib/gcc/arm-none-eabi/11.3.1/../../../../arm-none-eabi/lib/thumb/v7e-m+fp/hard\libm.a(libm_a-math_err.o)
                0x0000000008011d32                __math_oflow
 .text.__ieee754_sqrt
                0x0000000008011d44      0x1b4 F:/Programm/Stmicroelectronics/CubeIde/STM32CubeIDE_1.11.0/STM32CubeIDE/plugins/com.st.stm32cube.ide.mcu.externaltools.gnu-tools-for-stm32.11.3.rel1.win32_1.1.1.202309131626/tools/bin/../lib/gcc/arm-none-eabi/11.3.1/../../../../arm-none-eabi/lib/thumb/v7e-m+fp/hard\libm.a(libm_a-e_sqrt.o)
                0x0000000008011d44                __ieee754_sqrt
 *(.glue_7)
 .glue_7        0x0000000008011ef8        0x0 linker stubs
 *(.glue_7t)
 .glue_7t       0x0000000008011ef8        0x0 linker stubs
 *(.eh_frame)
 .eh_frame      0x0000000008011ef8        0x0 F:/Programm/Stmicroelectronics/CubeIde/STM32CubeIDE_1.11.0/STM32CubeIDE/plugins/com.st.stm32cube.ide.mcu.externaltools.gnu-tools-for-stm32.11.3.rel1.win32_1.1.1.202309131626/tools/bin/../lib/gcc/arm-none-eabi/11.3.1/thumb/v7e-m+fp/hard/crtbegin.o
 *(.init)
 .init          0x0000000008011ef8        0x4 F:/Programm/Stmicroelectronics/CubeIde/STM32CubeIDE_1.11.0/STM32CubeIDE/plugins/com.st.stm32cube.ide.mcu.externaltools.gnu-tools-for-stm32.11.3.rel1.win32_1.1.1.202309131626/tools/bin/../lib/gcc/arm-none-eabi/11.3.1/thumb/v7e-m+fp/hard/crti.o
                0x0000000008011ef8                _init
 .init          0x0000000008011efc        0x8 F:/Programm/Stmicroelectronics/CubeIde/STM32CubeIDE_1.11.0/STM32CubeIDE/plugins/com.st.stm32cube.ide.mcu.externaltools.gnu-tools-for-stm32.11.3.rel1.win32_1.1.1.202309131626/tools/bin/../lib/gcc/arm-none-eabi/11.3.1/thumb/v7e-m+fp/hard/crtn.o
 *(.fini)
 .fini          0x0000000008011f04        0x4 F:/Programm/Stmicroelectronics/CubeIde/STM32CubeIDE_1.11.0/STM32CubeIDE/plugins/com.st.stm32cube.ide.mcu.externaltools.gnu-tools-for-stm32.11.3.rel1.win32_1.1.1.202309131626/tools/bin/../lib/gcc/arm-none-eabi/11.3.1/thumb/v7e-m+fp/hard/crti.o
                0x0000000008011f04                _fini
 .fini          0x0000000008011f08        0x8 F:/Programm/Stmicroelectronics/CubeIde/STM32CubeIDE_1.11.0/STM32CubeIDE/plugins/com.st.stm32cube.ide.mcu.externaltools.gnu-tools-for-stm32.11.3.rel1.win32_1.1.1.202309131626/tools/bin/../lib/gcc/arm-none-eabi/11.3.1/thumb/v7e-m+fp/hard/crtn.o
                0x0000000008011f10                . = ALIGN (0x4)
                0x0000000008011f10                _etext = .

.vfp11_veneer   0x0000000008011f10        0x0
 .vfp11_veneer  0x0000000008011f10        0x0 linker stubs

.v4_bx          0x0000000008011f10        0x0
 .v4_bx         0x0000000008011f10        0x0 linker stubs

.iplt           0x0000000008011f10        0x0
 .iplt          0x0000000008011f10        0x0 F:/Programm/Stmicroelectronics/CubeIde/STM32CubeIDE_1.11.0/STM32CubeIDE/plugins/com.st.stm32cube.ide.mcu.externaltools.gnu-tools-for-stm32.11.3.rel1.win32_1.1.1.202309131626/tools/bin/../lib/gcc/arm-none-eabi/11.3.1/thumb/v7e-m+fp/hard/crtbegin.o

.rodata         0x0000000008011f10      0x178
                0x0000000008011f10                . = ALIGN (0x4)
 *(.rodata)
 .rodata        0x0000000008011f10       0xf8 ./Core/Src/app_freertos.o
 .rodata        0x0000000008012008        0x6 ./Core/Src/l80-m39.o
 *fill*         0x000000000801200e        0x2 
 .rodata        0x0000000008012010        0x5 ./Middlewares/Third_Party/FreeRTOS/Source/tasks.o
 *(.rodata*)
 *fill*         0x0000000008012015        0x3 
 .rodata.AHBPrescTable
                0x0000000008012018       0x10 ./Core/Src/system_stm32g4xx.o
                0x0000000008012018                AHBPrescTable
 .rodata.APBPrescTable
                0x0000000008012028        0x8 ./Core/Src/system_stm32g4xx.o
                0x0000000008012028                APBPrescTable
 .rodata.UARTPrescTable
                0x0000000008012030       0x18 ./Drivers/STM32G4xx_HAL_Driver/Src/stm32g4xx_hal_uart.o
                0x0000000008012030                UARTPrescTable
 .rodata.numerator.1
                0x0000000008012048        0x8 ./Drivers/STM32G4xx_HAL_Driver/Src/stm32g4xx_hal_uart_ex.o
 .rodata.denominator.0
                0x0000000008012050        0x8 ./Drivers/STM32G4xx_HAL_Driver/Src/stm32g4xx_hal_uart_ex.o
 .rodata.bp     0x0000000008012058       0x10 F:/Programm/Stmicroelectronics/CubeIde/STM32CubeIDE_1.11.0/STM32CubeIDE/plugins/com.st.stm32cube.ide.mcu.externaltools.gnu-tools-for-stm32.11.3.rel1.win32_1.1.1.202309131626/tools/bin/../lib/gcc/arm-none-eabi/11.3.1/../../../../arm-none-eabi/lib/thumb/v7e-m+fp/hard\libm.a(libm_a-e_pow.o)
 .rodata.dp_h   0x0000000008012068       0x10 F:/Programm/Stmicroelectronics/CubeIde/STM32CubeIDE_1.11.0/STM32CubeIDE/plugins/com.st.stm32cube.ide.mcu.externaltools.gnu-tools-for-stm32.11.3.rel1.win32_1.1.1.202309131626/tools/bin/../lib/gcc/arm-none-eabi/11.3.1/../../../../arm-none-eabi/lib/thumb/v7e-m+fp/hard\libm.a(libm_a-e_pow.o)
 .rodata.dp_l   0x0000000008012078       0x10 F:/Programm/Stmicroelectronics/CubeIde/STM32CubeIDE_1.11.0/STM32CubeIDE/plugins/com.st.stm32cube.ide.mcu.externaltools.gnu-tools-for-stm32.11.3.rel1.win32_1.1.1.202309131626/tools/bin/../lib/gcc/arm-none-eabi/11.3.1/../../../../arm-none-eabi/lib/thumb/v7e-m+fp/hard\libm.a(libm_a-e_pow.o)
                0x0000000008012088                . = ALIGN (0x4)

.ARM.extab      0x0000000008012088        0x0
                0x0000000008012088                . = ALIGN (0x4)
 *(.ARM.extab* .gnu.linkonce.armextab.*)
                0x0000000008012088                . = ALIGN (0x4)

.ARM            0x0000000008012088        0x8
                0x0000000008012088                . = ALIGN (0x4)
                0x0000000008012088                __exidx_start = .
 *(.ARM.exidx*)
 .ARM.exidx     0x0000000008012088        0x8 F:/Programm/Stmicroelectronics/CubeIde/STM32CubeIDE_1.11.0/STM32CubeIDE/plugins/com.st.stm32cube.ide.mcu.externaltools.gnu-tools-for-stm32.11.3.rel1.win32_1.1.1.202309131626/tools/bin/../lib/gcc/arm-none-eabi/11.3.1/thumb/v7e-m+fp/hard\libgcc.a(_udivmoddi4.o)
                0x0000000008012090                __exidx_end = .
                0x0000000008012090                . = ALIGN (0x4)

.rel.dyn        0x0000000008012090        0x0
 .rel.iplt      0x0000000008012090        0x0 F:/Programm/Stmicroelectronics/CubeIde/STM32CubeIDE_1.11.0/STM32CubeIDE/plugins/com.st.stm32cube.ide.mcu.externaltools.gnu-tools-for-stm32.11.3.rel1.win32_1.1.1.202309131626/tools/bin/../lib/gcc/arm-none-eabi/11.3.1/thumb/v7e-m+fp/hard/crtbegin.o

.preinit_array  0x0000000008012090        0x0
                0x0000000008012090                . = ALIGN (0x4)
                0x0000000008012090                PROVIDE (__preinit_array_start = .)
 *(.preinit_array*)
                0x0000000008012090                PROVIDE (__preinit_array_end = .)
                0x0000000008012090                . = ALIGN (0x4)

.init_array     0x0000000008012090        0x4
                0x0000000008012090                . = ALIGN (0x4)
                0x0000000008012090                PROVIDE (__init_array_start = .)
 *(SORT_BY_NAME(.init_array.*))
 *(.init_array*)
 .init_array    0x0000000008012090        0x4 F:/Programm/Stmicroelectronics/CubeIde/STM32CubeIDE_1.11.0/STM32CubeIDE/plugins/com.st.stm32cube.ide.mcu.externaltools.gnu-tools-for-stm32.11.3.rel1.win32_1.1.1.202309131626/tools/bin/../lib/gcc/arm-none-eabi/11.3.1/thumb/v7e-m+fp/hard/crtbegin.o
                0x0000000008012094                PROVIDE (__init_array_end = .)
                0x0000000008012094                . = ALIGN (0x4)

.fini_array     0x0000000008012094        0x4
                0x0000000008012094                . = ALIGN (0x4)
                [!provide]                        PROVIDE (__fini_array_start = .)
 *(SORT_BY_NAME(.fini_array.*))
 *(.fini_array*)
 .fini_array    0x0000000008012094        0x4 F:/Programm/Stmicroelectronics/CubeIde/STM32CubeIDE_1.11.0/STM32CubeIDE/plugins/com.st.stm32cube.ide.mcu.externaltools.gnu-tools-for-stm32.11.3.rel1.win32_1.1.1.202309131626/tools/bin/../lib/gcc/arm-none-eabi/11.3.1/thumb/v7e-m+fp/hard/crtbegin.o
                [!provide]                        PROVIDE (__fini_array_end = .)
                0x0000000008012098                . = ALIGN (0x4)
                0x0000000008012098                _sidata = LOADADDR (.data)

.data           0x0000000020000000       0x78 load address 0x0000000008012098
                0x0000000020000000                . = ALIGN (0x4)
                0x0000000020000000                _sdata = .
 *(.data)
 *(.data*)
 .data.eulerScale
                0x0000000020000000        0x2 ./Core/Src/bno055.o
                0x0000000020000000                eulerScale
 *fill*         0x0000000020000002        0x2 
 .data.SystemCoreClock
                0x0000000020000004        0x4 ./Core/Src/system_stm32g4xx.o
                0x0000000020000004                SystemCoreClock
 .data.uwTickPrio
                0x0000000020000008        0x4 ./Drivers/STM32G4xx_HAL_Driver/Src/stm32g4xx_hal.o
                0x0000000020000008                uwTickPrio
 .data.uwTickFreq
                0x000000002000000c        0x4 ./Drivers/STM32G4xx_HAL_Driver/Src/stm32g4xx_hal.o
                0x000000002000000c                uwTickFreq
 .data.uxCriticalNesting
                0x0000000020000010        0x4 ./Middlewares/Third_Party/FreeRTOS/Source/portable/GCC/ARM_CM4F/port.o
 .data._impure_data
                0x0000000020000014       0x4c F:/Programm/Stmicroelectronics/CubeIde/STM32CubeIDE_1.11.0/STM32CubeIDE/plugins/com.st.stm32cube.ide.mcu.externaltools.gnu-tools-for-stm32.11.3.rel1.win32_1.1.1.202309131626/tools/bin/../lib/gcc/arm-none-eabi/11.3.1/../../../../arm-none-eabi/lib/thumb/v7e-m+fp/hard\libc_nano.a(libc_a-impure.o)
                0x0000000020000014                _impure_data
 .data._impure_ptr
                0x0000000020000060        0x4 F:/Programm/Stmicroelectronics/CubeIde/STM32CubeIDE_1.11.0/STM32CubeIDE/plugins/com.st.stm32cube.ide.mcu.externaltools.gnu-tools-for-stm32.11.3.rel1.win32_1.1.1.202309131626/tools/bin/../lib/gcc/arm-none-eabi/11.3.1/../../../../arm-none-eabi/lib/thumb/v7e-m+fp/hard\libc_nano.a(libc_a-impure.o)
                0x0000000020000060                _impure_ptr
 *fill*         0x0000000020000064        0x4 
 .data.one      0x0000000020000068        0x8 F:/Programm/Stmicroelectronics/CubeIde/STM32CubeIDE_1.11.0/STM32CubeIDE/plugins/com.st.stm32cube.ide.mcu.externaltools.gnu-tools-for-stm32.11.3.rel1.win32_1.1.1.202309131626/tools/bin/../lib/gcc/arm-none-eabi/11.3.1/../../../../arm-none-eabi/lib/thumb/v7e-m+fp/hard\libm.a(libm_a-e_sqrt.o)
 .data.tiny     0x0000000020000070        0x8 F:/Programm/Stmicroelectronics/CubeIde/STM32CubeIDE_1.11.0/STM32CubeIDE/plugins/com.st.stm32cube.ide.mcu.externaltools.gnu-tools-for-stm32.11.3.rel1.win32_1.1.1.202309131626/tools/bin/../lib/gcc/arm-none-eabi/11.3.1/../../../../arm-none-eabi/lib/thumb/v7e-m+fp/hard\libm.a(libm_a-e_sqrt.o)
 *(.RamFunc)
 *(.RamFunc*)
                0x0000000020000078                . = ALIGN (0x4)
                0x0000000020000078                _edata = .

.igot.plt       0x0000000020000078        0x0 load address 0x0000000008012110
 .igot.plt      0x0000000020000078        0x0 F:/Programm/Stmicroelectronics/CubeIde/STM32CubeIDE_1.11.0/STM32CubeIDE/plugins/com.st.stm32cube.ide.mcu.externaltools.gnu-tools-for-stm32.11.3.rel1.win32_1.1.1.202309131626/tools/bin/../lib/gcc/arm-none-eabi/11.3.1/thumb/v7e-m+fp/hard/crtbegin.o
                0x0000000020000078                . = ALIGN (0x4)

.bss            0x0000000020000078     0x3b8c load address 0x0000000008012110
                0x0000000020000078                _sbss = .
                0x0000000020000078                __bss_start__ = _sbss
 *(.bss)
 .bss           0x0000000020000078       0x1c F:/Programm/Stmicroelectronics/CubeIde/STM32CubeIDE_1.11.0/STM32CubeIDE/plugins/com.st.stm32cube.ide.mcu.externaltools.gnu-tools-for-stm32.11.3.rel1.win32_1.1.1.202309131626/tools/bin/../lib/gcc/arm-none-eabi/11.3.1/thumb/v7e-m+fp/hard/crtbegin.o
 *(.bss*)
 .bss.hadc2     0x0000000020000094       0x6c ./Core/Src/adc.o
                0x0000000020000094                hadc2
 .bss.hdma_adc2
                0x0000000020000100       0x60 ./Core/Src/adc.o
                0x0000000020000100                hdma_adc2
 .bss.hpid_pitch
                0x0000000020000160       0x24 ./Core/Src/app_freertos.o
                0x0000000020000160                hpid_pitch
 .bss.hpid_yaw  0x0000000020000184       0x24 ./Core/Src/app_freertos.o
                0x0000000020000184                hpid_yaw
 .bss.hpid_roll
                0x00000000200001a8       0x24 ./Core/Src/app_freertos.o
                0x00000000200001a8                hpid_roll
 .bss.LedTaskHandle
                0x00000000200001cc        0x4 ./Core/Src/app_freertos.o
                0x00000000200001cc                LedTaskHandle
 .bss.Roll_PIDHandle
                0x00000000200001d0        0x4 ./Core/Src/app_freertos.o
                0x00000000200001d0                Roll_PIDHandle
 .bss.Pitch_PIDHandle
                0x00000000200001d4        0x4 ./Core/Src/app_freertos.o
                0x00000000200001d4                Pitch_PIDHandle
 .bss.Yaw_PIDHandle
                0x00000000200001d8        0x4 ./Core/Src/app_freertos.o
                0x00000000200001d8                Yaw_PIDHandle
 .bss.PressureMonitorHandle
                0x00000000200001dc        0x4 ./Core/Src/app_freertos.o
                0x00000000200001dc                PressureMonitorHandle
 .bss.GPSHandle
                0x00000000200001e0        0x4 ./Core/Src/app_freertos.o
                0x00000000200001e0                GPSHandle
 .bss.MainTaskHandle
                0x00000000200001e4        0x4 ./Core/Src/app_freertos.o
                0x00000000200001e4                MainTaskHandle
 .bss.BatteryMonitoriHandle
                0x00000000200001e8        0x4 ./Core/Src/app_freertos.o
                0x00000000200001e8                BatteryMonitoriHandle
 .bss.I2C_ControllerHandle
                0x00000000200001ec        0x4 ./Core/Src/app_freertos.o
                0x00000000200001ec                I2C_ControllerHandle
 .bss.GPS_UART_SemaphoreHandle
                0x00000000200001f0        0x4 ./Core/Src/app_freertos.o