Archive member included to satisfy reference by file (symbol)

C:\Users\gabri\Avalon-\app\Drivers\CMSIS\Lib\GCC\libarm_cortexM4lf_math.a(arm_pid_init_f32.o)
                              ./Core/Src/pid.o (arm_pid_init_f32)
c:/st/stm32cubeide_1.12.0/stm32cubeide/plugins/com.st.stm32cube.ide.mcu.externaltools.gnu-tools-for-stm32.10.3-2021.10.win32_1.0.200.202301161003/tools/bin/../lib/gcc/arm-none-eabi/10.3.1/../../../../arm-none-eabi/lib/thumb/v7e-m+fp/hard\libc_nano.a(lib_a-errno.o)
                              ./Core/Src/syscalls.o (__errno)
c:/st/stm32cubeide_1.12.0/stm32cubeide/plugins/com.st.stm32cube.ide.mcu.externaltools.gnu-tools-for-stm32.10.3-2021.10.win32_1.0.200.202301161003/tools/bin/../lib/gcc/arm-none-eabi/10.3.1/../../../../arm-none-eabi/lib/thumb/v7e-m+fp/hard\libc_nano.a(lib_a-exit.o)
                              c:/st/stm32cubeide_1.12.0/stm32cubeide/plugins/com.st.stm32cube.ide.mcu.externaltools.gnu-tools-for-stm32.10.3-2021.10.win32_1.0.200.202301161003/tools/bin/../lib/gcc/arm-none-eabi/10.3.1/../../../../arm-none-eabi/lib/thumb/v7e-m+fp/hard/crt0.o (exit)
c:/st/stm32cubeide_1.12.0/stm32cubeide/plugins/com.st.stm32cube.ide.mcu.externaltools.gnu-tools-for-stm32.10.3-2021.10.win32_1.0.200.202301161003/tools/bin/../lib/gcc/arm-none-eabi/10.3.1/../../../../arm-none-eabi/lib/thumb/v7e-m+fp/hard\libc_nano.a(lib_a-findfp.o)
                              ./Middlewares/Third_Party/FreeRTOS/Source/tasks.o (__sf_fake_stderr)
c:/st/stm32cubeide_1.12.0/stm32cubeide/plugins/com.st.stm32cube.ide.mcu.externaltools.gnu-tools-for-stm32.10.3-2021.10.win32_1.0.200.202301161003/tools/bin/../lib/gcc/arm-none-eabi/10.3.1/../../../../arm-none-eabi/lib/thumb/v7e-m+fp/hard\libc_nano.a(lib_a-fwalk.o)
                              c:/st/stm32cubeide_1.12.0/stm32cubeide/plugins/com.st.stm32cube.ide.mcu.externaltools.gnu-tools-for-stm32.10.3-2021.10.win32_1.0.200.202301161003/tools/bin/../lib/gcc/arm-none-eabi/10.3.1/../../../../arm-none-eabi/lib/thumb/v7e-m+fp/hard\libc_nano.a(lib_a-findfp.o) (_fwalk)
c:/st/stm32cubeide_1.12.0/stm32cubeide/plugins/com.st.stm32cube.ide.mcu.externaltools.gnu-tools-for-stm32.10.3-2021.10.win32_1.0.200.202301161003/tools/bin/../lib/gcc/arm-none-eabi/10.3.1/../../../../arm-none-eabi/lib/thumb/v7e-m+fp/hard\libc_nano.a(lib_a-impure.o)
                              c:/st/stm32cubeide_1.12.0/stm32cubeide/plugins/com.st.stm32cube.ide.mcu.externaltools.gnu-tools-for-stm32.10.3-2021.10.win32_1.0.200.202301161003/tools/bin/../lib/gcc/arm-none-eabi/10.3.1/../../../../arm-none-eabi/lib/thumb/v7e-m+fp/hard\libc_nano.a(lib_a-exit.o) (_global_impure_ptr)
c:/st/stm32cubeide_1.12.0/stm32cubeide/plugins/com.st.stm32cube.ide.mcu.externaltools.gnu-tools-for-stm32.10.3-2021.10.win32_1.0.200.202301161003/tools/bin/../lib/gcc/arm-none-eabi/10.3.1/../../../../arm-none-eabi/lib/thumb/v7e-m+fp/hard\libc_nano.a(lib_a-init.o)
                              c:/st/stm32cubeide_1.12.0/stm32cubeide/plugins/com.st.stm32cube.ide.mcu.externaltools.gnu-tools-for-stm32.10.3-2021.10.win32_1.0.200.202301161003/tools/bin/../lib/gcc/arm-none-eabi/10.3.1/../../../../arm-none-eabi/lib/thumb/v7e-m+fp/hard/crt0.o (__libc_init_array)
c:/st/stm32cubeide_1.12.0/stm32cubeide/plugins/com.st.stm32cube.ide.mcu.externaltools.gnu-tools-for-stm32.10.3-2021.10.win32_1.0.200.202301161003/tools/bin/../lib/gcc/arm-none-eabi/10.3.1/../../../../arm-none-eabi/lib/thumb/v7e-m+fp/hard\libc_nano.a(lib_a-lock.o)
                              c:/st/stm32cubeide_1.12.0/stm32cubeide/plugins/com.st.stm32cube.ide.mcu.externaltools.gnu-tools-for-stm32.10.3-2021.10.win32_1.0.200.202301161003/tools/bin/../lib/gcc/arm-none-eabi/10.3.1/../../../../arm-none-eabi/lib/thumb/v7e-m+fp/hard\libc_nano.a(lib_a-findfp.o) (__retarget_lock_init_recursive)
c:/st/stm32cubeide_1.12.0/stm32cubeide/plugins/com.st.stm32cube.ide.mcu.externaltools.gnu-tools-for-stm32.10.3-2021.10.win32_1.0.200.202301161003/tools/bin/../lib/gcc/arm-none-eabi/10.3.1/../../../../arm-none-eabi/lib/thumb/v7e-m+fp/hard\libc_nano.a(lib_a-memcpy-stub.o)
                              ./Middlewares/Third_Party/FreeRTOS/Source/queue.o (memcpy)
c:/st/stm32cubeide_1.12.0/stm32cubeide/plugins/com.st.stm32cube.ide.mcu.externaltools.gnu-tools-for-stm32.10.3-2021.10.win32_1.0.200.202301161003/tools/bin/../lib/gcc/arm-none-eabi/10.3.1/../../../../arm-none-eabi/lib/thumb/v7e-m+fp/hard\libc_nano.a(lib_a-memset.o)
                              c:/st/stm32cubeide_1.12.0/stm32cubeide/plugins/com.st.stm32cube.ide.mcu.externaltools.gnu-tools-for-stm32.10.3-2021.10.win32_1.0.200.202301161003/tools/bin/../lib/gcc/arm-none-eabi/10.3.1/../../../../arm-none-eabi/lib/thumb/v7e-m+fp/hard/crt0.o (memset)
c:/st/stm32cubeide_1.12.0/stm32cubeide/plugins/com.st.stm32cube.ide.mcu.externaltools.gnu-tools-for-stm32.10.3-2021.10.win32_1.0.200.202301161003/tools/bin/../lib/gcc/arm-none-eabi/10.3.1/../../../../arm-none-eabi/lib/thumb/v7e-m+fp/hard\libc_nano.a(lib_a-nano-mallocr.o)
[...]
Memory Configuration

Name             Origin             Length             Attributes
RAM              0x0000000020000000 0x0000000000020000 xrw
FLASH            0x0000000008004000 0x0000000000078000 xr
*default*        0x0000000000000000 0xffffffffffffffff

Linker script and memory map

LOAD c:/st/stm32cubeide_1.12.0/stm32cubeide/plugins/com.st.stm32cube.ide.mcu.externaltools.gnu-tools-for-stm32.10.3-2021.10.win32_1.0.200.202301161003/tools/bin/../lib/gcc/arm-none-eabi/10.3.1/thumb/v7e-m+fp/hard/crti.o
LOAD c:/st/stm32cubeide_1.12.0/stm32cubeide/plugins/com.st.stm32cube.ide.mcu.externaltools.gnu-tools-for-stm32.10.3-2021.10.win32_1.0.200.202301161003/tools/bin/../lib/gcc/arm-none-eabi/10.3.1/thumb/v7e-m+fp/hard/crtbegin.o
LOAD c:/st/stm32cubeide_1.12.0/stm32cubeide/plugins/com.st.stm32cube.ide.mcu.externaltools.gnu-tools-for-stm32.10.3-2021.10.win32_1.0.200.202301161003/tools/bin/../lib/gcc/arm-none-eabi/10.3.1/../../../../arm-none-eabi/lib/thumb/v7e-m+fp/hard/crt0.o
LOAD ./Core/Src/adc.o
LOAD ./Core/Src/adc_voltage_current_measuremet.o
LOAD ./Core/Src/app_freertos.o
LOAD ./Core/Src/bmp390.o
LOAD ./Core/Src/bno055.o
LOAD ./Core/Src/dma.o
LOAD ./Core/Src/gpio.o
LOAD ./Core/Src/i2c.o
LOAD ./Core/Src/l80-m39.o
LOAD ./Core/Src/main.o
LOAD ./Core/Src/pid.o
LOAD ./Core/Src/propulsion_and_control.o
LOAD ./Core/Src/stm32g4xx_hal_msp.o
LOAD ./Core/Src/stm32g4xx_hal_timebase_tim.o
LOAD ./Core/Src/stm32g4xx_it.o
LOAD ./Core/Src/syscalls.o
LOAD ./Core/Src/sysmem.o
LOAD ./Core/Src/system_stm32g4xx.o
LOAD ./Core/Src/tim.o
LOAD ./Core/Src/usart.o
LOAD ./Core/Startup/startup_stm32g474retx.o
LOAD ./Drivers/STM32G4xx_HAL_Driver/Src/stm32g4xx_hal.o
LOAD ./Drivers/STM32G4xx_HAL_Driver/Src/stm32g4xx_hal_adc.o
LOAD ./Drivers/STM32G4xx_HAL_Driver/Src/stm32g4xx_hal_adc_ex.o
LOAD ./Drivers/STM32G4xx_HAL_Driver/Src/stm32g4xx_hal_cortex.o
LOAD ./Drivers/STM32G4xx_HAL_Driver/Src/stm32g4xx_hal_dma.o
LOAD ./Drivers/STM32G4xx_HAL_Driver/Src/stm32g4xx_hal_dma_ex.o
LOAD ./Drivers/STM32G4xx_HAL_Driver/Src/stm32g4xx_hal_exti.o
LOAD ./Drivers/STM32G4xx_HAL_Driver/Src/stm32g4xx_hal_flash.o
LOAD ./Drivers/STM32G4xx_HAL_Driver/Src/stm32g4xx_hal_flash_ex.o
LOAD ./Drivers/STM32G4xx_HAL_Driver/Src/stm32g4xx_hal_flash_ramfunc.o
LOAD ./Drivers/STM32G4xx_HAL_Driver/Src/stm32g4xx_hal_gpio.o
LOAD ./Drivers/STM32G4xx_HAL_Driver/Src/stm32g4xx_hal_i2c.o
LOAD ./Drivers/STM32G4xx_HAL_Driver/Src/stm32g4xx_hal_i2c_ex.o
LOAD ./Drivers/STM32G4xx_HAL_Driver/Src/stm32g4xx_hal_pwr.o
LOAD ./Drivers/STM32G4xx_HAL_Driver/Src/stm32g4xx_hal_pwr_ex.o
LOAD ./Drivers/STM32G4xx_HAL_Driver/Src/stm32g4xx_hal_rcc.o
LOAD ./Drivers/STM32G4xx_HAL_Driver/Src/stm32g4xx_hal_rcc_ex.o
LOAD ./Drivers/STM32G4xx_HAL_Driver/Src/stm32g4xx_hal_tim.o
LOAD ./Drivers/STM32G4xx_HAL_Driver/Src/stm32g4xx_hal_tim_ex.o
LOAD ./Drivers/STM32G4xx_HAL_Driver/Src/stm32g4xx_hal_uart.o
LOAD ./Drivers/STM32G4xx_HAL_Driver/Src/stm32g4xx_hal_uart_ex.o
LOAD ./Drivers/STM32G4xx_HAL_Driver/Src/stm32g4xx_ll_adc.o
LOAD ./Middlewares/Third_Party/FreeRTOS/Source/CMSIS_RTOS/cmsis_os.o
LOAD ./Middlewares/Third_Party/FreeRTOS/Source/croutine.o
LOAD ./Middlewares/Third_Party/FreeRTOS/Source/event_groups.o
LOAD ./Middlewares/Third_Party/FreeRTOS/Source/list.o
LOAD ./Middlewares/Third_Party/FreeRTOS/Source/queue.o
LOAD ./Middlewares/Third_Party/FreeRTOS/Source/stream_buffer.o
LOAD ./Middlewares/Third_Party/FreeRTOS/Source/tasks.o
LOAD ./Middlewares/Third_Party/FreeRTOS/Source/timers.o
LOAD ./Middlewares/Third_Party/FreeRTOS/Source/portable/GCC/ARM_CM4F/port.o
LOAD ./Middlewares/Third_Party/FreeRTOS/Source/portable/MemMang/heap_4.o
LOAD C:\Users\gabri\Avalon-\app\Drivers\CMSIS\Lib\GCC\libarm_cortexM4lf_math.a
START GROUP
LOAD c:/st/stm32cubeide_1.12.0/stm32cubeide/plugins/com.st.stm32cube.ide.mcu.externaltools.gnu-tools-for-stm32.10.3-2021.10.win32_1.0.200.202301161003/tools/bin/../lib/gcc/arm-none-eabi/10.3.1/../../../../arm-none-eabi/lib/thumb/v7e-m+fp/hard\libc_nano.a
LOAD c:/st/stm32cubeide_1.12.0/stm32cubeide/plugins/com.st.stm32cube.ide.mcu.externaltools.gnu-tools-for-stm32.10.3-2021.10.win32_1.0.200.202301161003/tools/bin/../lib/gcc/arm-none-eabi/10.3.1/../../../../arm-none-eabi/lib/thumb/v7e-m+fp/hard\libm.a
END GROUP
START GROUP
LOAD c:/st/stm32cubeide_1.12.0/stm32cubeide/plugins/com.st.stm32cube.ide.mcu.externaltools.gnu-tools-for-stm32.10.3-2021.10.win32_1.0.200.202301161003/tools/bin/../lib/gcc/arm-none-eabi/10.3.1/thumb/v7e-m+fp/hard\libgcc.a
LOAD c:/st/stm32cubeide_1.12.0/stm32cubeide/plugins/com.st.stm32cube.ide.mcu.externaltools.gnu-tools-for-stm32.10.3-2021.10.win32_1.0.200.202301161003/tools/bin/../lib/gcc/arm-none-eabi/10.3.1/../../../../arm-none-eabi/lib/thumb/v7e-m+fp/hard\libc_nano.a
END GROUP
START GROUP
LOAD c:/st/stm32cubeide_1.12.0/stm32cubeide/plugins/com.st.stm32cube.ide.mcu.externaltools.gnu-tools-for-stm32.10.3-2021.10.win32_1.0.200.202301161003/tools/bin/../lib/gcc/arm-none-eabi/10.3.1/thumb/v7e-m+fp/hard\libgcc.a
LOAD c:/st/stm32cubeide_1.12.0/stm32cubeide/plugins/com.st.stm32cube.ide.mcu.externaltools.gnu-tools-for-stm32.10.3-2021.10.win32_1.0.200.202301161003/tools/bin/../lib/gcc/arm-none-eabi/10.3.1/../../../../arm-none-eabi/lib/thumb/v7e-m+fp/hard\libc_nano.a
LOAD c:/st/stm32cubeide_1.12.0/stm32cubeide/plugins/com.st.stm32cube.ide.mcu.externaltools.gnu-tools-for-stm32.10.3-2021.10.win32_1.0.200.202301161003/tools/bin/../lib/gcc/arm-none-eabi/10.3.1/../../../../arm-none-eabi/lib/thumb/v7e-m+fp/hard\libnosys.a
END GROUP
START GROUP
LOAD c:/st/stm32cubeide_1.12.0/stm32cubeide/plugins/com.st.stm32cube.ide.mcu.externaltools.gnu-tools-for-stm32.10.3-2021.10.win32_1.0.200.202301161003/tools/bin/../lib/gcc/arm-none-eabi/10.3.1/thumb/v7e-m+fp/hard\libgcc.a
LOAD c:/st/stm32cubeide_1.12.0/stm32cubeide/plugins/com.st.stm32cube.ide.mcu.externaltools.gnu-tools-for-stm32.10.3-2021.10.win32_1.0.200.202301161003/tools/bin/../lib/gcc/arm-none-eabi/10.3.1/../../../../arm-none-eabi/lib/thumb/v7e-m+fp/hard\libc_nano.a
LOAD c:/st/stm32cubeide_1.12.0/stm32cubeide/plugins/com.st.stm32cube.ide.mcu.externaltools.gnu-tools-for-stm32.10.3-2021.10.win32_1.0.200.202301161003/tools/bin/../lib/gcc/arm-none-eabi/10.3.1/../../../../arm-none-eabi/lib/thumb/v7e-m+fp/hard\libnosys.a
END GROUP
LOAD c:/st/stm32cubeide_1.12.0/stm32cubeide/plugins/com.st.stm32cube.ide.mcu.externaltools.gnu-tools-for-stm32.10.3-2021.10.win32_1.0.200.202301161003/tools/bin/../lib/gcc/arm-none-eabi/10.3.1/thumb/v7e-m+fp/hard/crtend.o
LOAD c:/st/stm32cubeide_1.12.0/stm32cubeide/plugins/com.st.stm32cube.ide.mcu.externaltools.gnu-tools-for-stm32.10.3-2021.10.win32_1.0.200.202301161003/tools/bin/../lib/gcc/arm-none-eabi/10.3.1/thumb/v7e-m+fp/hard/crtn.o
                0x0000000020020000                _estack = (ORIGIN (RAM) + LENGTH (RAM))
                0x0000000000000200                _Min_Heap_Size = 0x200
                0x0000000000000400                _Min_Stack_Size = 0x400

.isr_vector     0x0000000008004000      0x1d8
                0x0000000008004000                . = ALIGN (0x4)
 *(.isr_vector)
 .isr_vector    0x0000000008004000      0x1d8 ./Core/Startup/startup_stm32g474retx.o
                0x0000000008004000                g_pfnVectors
                0x00000000080041d8                . = ALIGN (0x4)

.text           0x00000000080041e0     0xd9cc
                0x00000000080041e0                . = ALIGN (0x4)
 *(.text)
 .text          0x00000000080041e0       0x40 c:/st/stm32cubeide_1.12.0/stm32cubeide/plugins/com.st.stm32cube.ide.mcu.externaltools.gnu-tools-for-stm32.10.3-2021.10.win32_1.0.200.202301161003/tools/bin/../lib/gcc/arm-none-eabi/10.3.1/thumb/v7e-m+fp/hard/crtbegin.o
 .text          0x0000000008004220       0x14 c:/st/stm32cubeide_1.12.0/stm32cubeide/plugins/com.st.stm32cube.ide.mcu.externaltools.gnu-tools-for-stm32.10.3-2021.10.win32_1.0.200.202301161003/tools/bin/../lib/gcc/arm-none-eabi/10.3.1/../../../../arm-none-eabi/lib/thumb/v7e-m+fp/hard\libc_nano.a(lib_a-strcmp.o)
                0x0000000008004220                strcmp
 .text          0x0000000008004234      0x378 c:/st/stm32cubeide_1.12.0/stm32cubeide/plugins/com.st.stm32cube.ide.mcu.externaltools.gnu-tools-for-stm32.10.3-2021.10.win32_1.0.200.202301161003/tools/bin/../lib/gcc/arm-none-eabi/10.3.1/thumb/v7e-m+fp/hard\libgcc.a(_arm_addsubdf3.o)
                0x0000000008004234                __aeabi_drsub
                0x000000000800423c                __aeabi_dsub
                0x000000000800423c                __subdf3
                0x0000000008004240                __aeabi_dadd
                0x0000000008004240                __adddf3
                0x00000000080044b8                __floatunsidf
                0x00000000080044b8                __aeabi_ui2d
                0x00000000080044d8                __floatsidf
                0x00000000080044d8                __aeabi_i2d
                0x00000000080044fc                __aeabi_f2d
                0x00000000080044fc                __extendsfdf2
                0x0000000008004540                __floatundidf
                0x0000000008004540                __aeabi_ul2d
                0x0000000008004550                __floatdidf
                0x0000000008004550                __aeabi_l2d
 .text          0x00000000080045ac      0x424 c:/st/stm32cubeide_1.12.0/stm32cubeide/plugins/com.st.stm32cube.ide.mcu.externaltools.gnu-tools-for-stm32.10.3-2021.10.win32_1.0.200.202301161003/tools/bin/../lib/gcc/arm-none-eabi/10.3.1/thumb/v7e-m+fp/hard\libgcc.a(_arm_muldivdf3.o)
                0x00000000080045ac                __aeabi_dmul
                0x00000000080045ac                __muldf3
                0x0000000008004800                __divdf3
                0x0000000008004800                __aeabi_ddiv
 .text          0x00000000080049d0      0x110 c:/st/stm32cubeide_1.12.0/stm32cubeide/plugins/com.st.stm32cube.ide.mcu.externaltools.gnu-tools-for-stm32.10.3-2021.10.win32_1.0.200.202301161003/tools/bin/../lib/gcc/arm-none-eabi/10.3.1/thumb/v7e-m+fp/hard\libgcc.a(_arm_cmpdf2.o)
                0x00000000080049d0                __gtdf2
                0x00000000080049d0                __gedf2
                0x00000000080049d8                __ltdf2
                0x00000000080049d8                __ledf2
                0x00000000080049e0                __nedf2
                0x00000000080049e0                __eqdf2
                0x00000000080049e0                __cmpdf2
                0x0000000008004a5c                __aeabi_cdrcmple
                0x0000000008004a6c                __aeabi_cdcmpeq
                0x0000000008004a6c                __aeabi_cdcmple
                0x0000000008004a7c                __aeabi_dcmpeq
                0x0000000008004a90                __aeabi_dcmplt
                0x0000000008004aa4                __aeabi_dcmple
                0x0000000008004ab8                __aeabi_dcmpge
                0x0000000008004acc                __aeabi_dcmpgt
 .text          0x0000000008004ae0       0x2c c:/st/stm32cubeide_1.12.0/stm32cubeide/plugins/com.st.stm32cube.ide.mcu.externaltools.gnu-tools-for-stm32.10.3-2021.10.win32_1.0.200.202301161003/tools/bin/../lib/gcc/arm-none-eabi/10.3.1/thumb/v7e-m+fp/hard\libgcc.a(_arm_unorddf2.o)
                0x0000000008004ae0                __unorddf2
                0x0000000008004ae0                __aeabi_dcmpun
 .text          0x0000000008004b0c       0xa0 c:/st/stm32cubeide_1.12.0/stm32cubeide/plugins/com.st.stm32cube.ide.mcu.externaltools.gnu-tools-for-stm32.10.3-2021.10.win32_1.0.200.202301161003/tools/bin/../lib/gcc/arm-none-eabi/10.3.1/thumb/v7e-m+fp/hard\libgcc.a(_arm_truncdfsf2.o)
                0x0000000008004b0c                __truncdfsf2
                0x0000000008004b0c                __aeabi_d2f
 .text          0x0000000008004bac       0x30 c:/st/stm32cubeide_1.12.0/stm32cubeide/plugins/com.st.stm32cube.ide.mcu.externaltools.gnu-tools-for-stm32.10.3-2021.10.win32_1.0.200.202301161003/tools/bin/../lib/gcc/arm-none-eabi/10.3.1/thumb/v7e-m+fp/hard\libgcc.a(_aeabi_uldivmod.o)
                0x0000000008004bac                __aeabi_uldivmod
 .text          0x0000000008004bdc      0x2d0 c:/st/stm32cubeide_1.12.0/stm32cubeide/plugins/com.st.stm32cube.ide.mcu.externaltools.gnu-tools-for-stm32.10.3-2021.10.win32_1.0.200.202301161003/tools/bin/../lib/gcc/arm-none-eabi/10.3.1/thumb/v7e-m+fp/hard\libgcc.a(_udivmoddi4.o)
                0x0000000008004bdc                __udivmoddi4
 .text          0x0000000008004eac        0x4 c:/st/stm32cubeide_1.12.0/stm32cubeide/plugins/com.st.stm32cube.ide.mcu.externaltools.gnu-tools-for-stm32.10.3-2021.10.win32_1.0.200.202301161003/tools/bin/../lib/gcc/arm-none-eabi/10.3.1/thumb/v7e-m+fp/hard\libgcc.a(_dvmd_tls.o)
                0x0000000008004eac                __aeabi_idiv0
                0x0000000008004eac                __aeabi_ldiv0
 *(.text*)
 .text.MX_ADC2_Init
                0x0000000008004eb0      0x114 ./Core/Src/adc.o
                0x0000000008004eb0                MX_ADC2_Init
 .text.HAL_ADC_MspInit
                0x0000000008004fc4      0x174 ./Core/Src/adc.o
                0x0000000008004fc4                HAL_ADC_MspInit
 .text.Battery_ReadBatteryVoltage
                0x0000000008005138       0x5c ./Core/Src/adc_voltage_current_measuremet.o
                0x0000000008005138                Battery_ReadBatteryVoltage
 *fill*         0x0000000008005194        0x4 
 .text.Battery_ReadCurrent3V3
                0x0000000008005198       0x84 ./Core/Src/adc_voltage_current_measuremet.o
                0x0000000008005198                Battery_ReadCurrent3V3
 *fill*         0x000000000800521c        0x4 
 .text.Battery_ReadCurrent5V
                0x0000000008005220       0x84 ./Core/Src/adc_voltage_current_measuremet.o
                0x0000000008005220                Battery_ReadCurrent5V
 *fill*         0x00000000080052a4        0x4 
 .text.Battery_RemaningTime
                0x00000000080052a8       0x6c ./Core/Src/adc_voltage_current_measuremet.o
                0x00000000080052a8                Battery_RemaningTime
 .text.MX_FREERTOS_Init
                0x0000000008005314      0x1d8 ./Core/Src/app_freertos.o
                0x0000000008005314                MX_FREERTOS_Init
 .text.StartLedTask
                0x00000000080054ec       0x1e ./Core/Src/app_freertos.o
                0x00000000080054ec                StartLedTask
 *fill*         0x000000000800550a        0x2 
 .text.StartRoll_PID
                0x000000000800550c       0x74 ./Core/Src/app_freertos.o
                0x000000000800550c                StartRoll_PID
 .text.StartPitch_PID
                0x0000000008005580       0x70 ./Core/Src/app_freertos.o
                0x0000000008005580                StartPitch_PID
 .text.StartYaw_PID
                0x00000000080055f0       0x70 ./Core/Src/app_freertos.o
                0x00000000080055f0                StartYaw_PID
 .text.StartPressureMonitor
                0x0000000008005660       0x54 ./Core/Src/app_freertos.o
                0x0000000008005660                StartPressureMonitor
 .text.StartGPS
                0x00000000080056b4       0x48 ./Core/Src/app_freertos.o
                0x00000000080056b4                StartGPS
 .text.StartMainTask
                0x00000000080056fc       0x10 ./Core/Src/app_freertos.o
                0x00000000080056fc                StartMainTask
 .text.StartBatteryMonitoring
                0x000000000800570c       0x38 ./Core/Src/app_freertos.o
                0x000000000800570c                StartBatteryMonitoring
 .text.BMP390_EnablePressureSensor
                0x0000000008005744       0x52 ./Core/Src/bmp390.o
                0x0000000008005744                BMP390_EnablePressureSensor
 .text.BMP390_EnableTempSensor
                0x0000000008005796       0x52 ./Core/Src/bmp390.o
                0x0000000008005796                BMP390_EnableTempSensor
 .text.BMP390_WakeUp
                0x00000000080057e8       0x52 ./Core/Src/bmp390.o
                0x00000000080057e8                BMP390_WakeUp
 *fill*         0x000000000800583a        0x2 
 .text.BMP390_ReadTemp
                0x000000000800583c       0xac ./Core/Src/bmp390.o
                0x000000000800583c                BMP390_ReadTemp
 .text.BMP390_ReadPress
                0x00000000080058e8       0xcc ./Core/Src/bmp390.o
                0x00000000080058e8                BMP390_ReadPress
 .text.BMP390_Init
                0x00000000080059b4       0x94 ./Core/Src/bmp390.o
                0x00000000080059b4                BMP390_Init
 .text.BMP390_GetP0Pressure
                0x0000000008005a48       0x54 ./Core/Src/bmp390.o
                0x0000000008005a48                BMP390_GetP0Pressure
 *fill*         0x0000000008005a9c        0x4 
 .text.BMP390_GetRelativeAltitude
                0x0000000008005aa0       0x84 ./Core/Src/bmp390.o
                0x0000000008005aa0                BMP390_GetRelativeAltitude
 .text.BNO055_SetPage
                0x0000000008005b24       0x2c ./Core/Src/bno055.o
                0x0000000008005b24                BNO055_SetPage
 .text.BNO055_SetOperationMode
                0x0000000008005b50       0x38 ./Core/Src/bno055.o
                0x0000000008005b50                BNO055_SetOperationMode
 .text.BNO055_ReadSystemReg
                0x0000000008005b88       0x2c ./Core/Src/bno055.o
                0x0000000008005b88                BNO055_ReadSystemReg
 .text.BNO055_EnableExtClock
                0x0000000008005bb4       0x42 ./Core/Src/bno055.o
                0x0000000008005bb4                BNO055_EnableExtClock
 .text.BNO055_TriggerSelfTest
                0x0000000008005bf6       0x42 ./Core/Src/bno055.o
                0x0000000008005bf6                BNO055_TriggerSelfTest
 .text.BNO055_CheckSelfTestResult
                0x0000000008005c38       0x8c ./Core/Src/bno055.o
                0x0000000008005c38                BNO055_CheckSelfTestResult
 .text.BNO055_Init
                0x0000000008005cc4       0x78 ./Core/Src/bno055.o
                0x0000000008005cc4                BNO055_Init
 .text.BNO055_ReadEuler_Roll
                0x0000000008005d3c       0xa4 ./Core/Src/bno055.o
                0x0000000008005d3c                BNO055_ReadEuler_Roll
 .text.BNO055_ReadEuler_Pitch
                0x0000000008005de0       0xa4 ./Core/Src/bno055.o
                0x0000000008005de0                BNO055_ReadEuler_Pitch
 .text.BNO055_ReadEuler_Yaw
                0x0000000008005e84       0x74 ./Core/Src/bno055.o
                0x0000000008005e84                BNO055_ReadEuler_Yaw
 .text.MX_DMA_Init
                0x0000000008005ef8       0x54 ./Core/Src/dma.o
                0x0000000008005ef8                MX_DMA_Init
 .text.MX_GPIO_Init
                0x0000000008005f4c       0xc8 ./Core/Src/gpio.o
                0x0000000008005f4c                MX_GPIO_Init
 .text.MX_I2C2_Init
                0x0000000008006014       0x80 ./Core/Src/i2c.o
                0x0000000008006014                MX_I2C2_Init
 .text.HAL_I2C_MspInit
                0x0000000008006094       0xec ./Core/Src/i2c.o
                0x0000000008006094                HAL_I2C_MspInit
 .text.gps_ReadNMEA
                0x0000000008006180      0x1d0 ./Core/Src/l80-m39.o
                0x0000000008006180                gps_ReadNMEA
 .text.gps_ProcessUTC
                0x0000000008006350       0x7a ./Core/Src/l80-m39.o
                0x0000000008006350                gps_ProcessUTC
 *fill*         0x00000000080063ca        0x6 
 .text.gps_ProcessLatitude
                0x00000000080063d0      0x174 ./Core/Src/l80-m39.o
                0x00000000080063d0                gps_ProcessLatitude
 *fill*         0x0000000008006544        0x4 
 .text.gps_ProcessLongitude
                0x0000000008006548      0x17c ./Core/Src/l80-m39.o
                0x0000000008006548                gps_ProcessLongitude
 .text.gps_ProcessNorthSouth
                0x00000000080066c4       0x2c ./Core/Src/l80-m39.o
                0x00000000080066c4                gps_ProcessNorthSouth
 .text.gps_ProcessEastWest
                0x00000000080066f0       0x2c ./Core/Src/l80-m39.o
                0x00000000080066f0                gps_ProcessEastWest
 .text.gps_ProcessFix
                0x000000000800671c       0x3c ./Core/Src/l80-m39.o
                0x000000000800671c                gps_ProcessFix
 .text.gps_ProcessSatelliteCount
                0x0000000008006758       0x36 ./Core/Src/l80-m39.o
                0x0000000008006758                gps_ProcessSatelliteCount
 *fill*         0x000000000800678e        0x2 
 .text.gps_ProcessAltitude
                0x0000000008006790       0xb8 ./Core/Src/l80-m39.o
                0x0000000008006790                gps_ProcessAltitude
 .text.gps_ProcessAltitudeCorre
                0x0000000008006848       0xb8 ./Core/Src/l80-m39.o
                0x0000000008006848                gps_ProcessAltitudeCorre
 .text.main     0x0000000008006900       0x78 ./Core/Src/main.o
                0x0000000008006900                main
 .text.SystemClock_Config
                0x0000000008006978       0x98 ./Core/Src/main.o
                0x0000000008006978                SystemClock_Config
 .text.HAL_TIM_PeriodElapsedCallback
                0x0000000008006a10       0x24 ./Core/Src/main.o
                0x0000000008006a10                HAL_TIM_PeriodElapsedCallback
 .text.Error_Handler
                0x0000000008006a34        0xa ./Core/Src/main.o
                0x0000000008006a34                Error_Handler
 .text.Pid_CalculatePitchError
                0x0000000008006a3e       0x32 ./Core/Src/pid.o
                0x0000000008006a3e                Pid_CalculatePitchError
 .text.Pid_CalculateYawError
                0x0000000008006a70       0x32 ./Core/Src/pid.o
                0x0000000008006a70                Pid_CalculateYawError
 .text.Pid_CalculateRollError
                0x0000000008006aa2       0x32 ./Core/Src/pid.o
                0x0000000008006aa2                Pid_CalculateRollError
 .text.Pid_Init
                0x0000000008006ad4       0x36 ./Core/Src/pid.o
                0x0000000008006ad4                Pid_Init
 .text.Pid_CompensateYaw
                0x0000000008006b0a       0x86 ./Core/Src/pid.o
                0x0000000008006b0a                Pid_CompensateYaw
 .text.Pid_CompensateRoll
                0x0000000008006b90      0x18c ./Core/Src/pid.o
                0x0000000008006b90                Pid_CompensateRoll
 .text.Pid_CompensatePitch
                0x0000000008006d1c      0x18c ./Core/Src/pid.o
                0x0000000008006d1c                Pid_CompensatePitch
 .text.PropulsionAndControl_UpdateLeftFlaps
                0x0000000008006ea8       0x3c ./Core/Src/propulsion_and_control.o
                0x0000000008006ea8                PropulsionAndControl_UpdateLeftFlaps
 .text.PropulsionAndControl_UpdateRightFlaps
                0x0000000008006ee4       0x3c ./Core/Src/propulsion_and_control.o
                0x0000000008006ee4                PropulsionAndControl_UpdateRightFlaps
 .text.PropulsionAndControl_Init
                0x0000000008006f20       0xc2 ./Core/Src/propulsion_and_control.o
                0x0000000008006f20                PropulsionAndControl_Init
 *fill*         0x0000000008006fe2        0x2 
 .text.HAL_MspInit
                0x0000000008006fe4       0x50 ./Core/Src/stm32g4xx_hal_msp.o
                0x0000000008006fe4                HAL_MspInit
 .text.HAL_InitTick
                0x0000000008007034       0xd8 ./Core/Src/stm32g4xx_hal_timebase_tim.o
                0x0000000008007034                HAL_InitTick
 .text.NMI_Handler
                0x000000000800710c        0x6 ./Core/Src/stm32g4xx_it.o
                0x000000000800710c                NMI_Handler
 .text.HardFault_Handler
                0x0000000008007112        0x6 ./Core/Src/stm32g4xx_it.o
                0x0000000008007112                HardFault_Handler
 .text.MemManage_Handler
                0x0000000008007118        0x6 ./Core/Src/stm32g4xx_it.o
                0x0000000008007118                MemManage_Handler
 .text.BusFault_Handler
                0x000000000800711e        0x6 ./Core/Src/stm32g4xx_it.o
                0x000000000800711e                BusFault_Handler
 .text.UsageFault_Handler
                0x0000000008007124        0x6 ./Core/Src/stm32g4xx_it.o
                0x0000000008007124                UsageFault_Handler
 .text.DebugMon_Handler
                0x000000000800712a        0xe ./Core/Src/stm32g4xx_it.o
                0x000000000800712a                DebugMon_Handler
 .text.DMA1_Channel1_IRQHandler
                0x0000000008007138       0x14 ./Core/Src/stm32g4xx_it.o
                0x0000000008007138                DMA1_Channel1_IRQHandler
 .text.TIM1_UP_TIM16_IRQHandler
                0x000000000800714c       0x14 ./Core/Src/stm32g4xx_it.o
                0x000000000800714c                TIM1_UP_TIM16_IRQHandler
 .text.UART4_IRQHandler
                0x0000000008007160       0x24 ./Core/Src/stm32g4xx_it.o
                0x0000000008007160                UART4_IRQHandler
 .text.UART5_IRQHandler
                0x0000000008007184       0x14 ./Core/Src/stm32g4xx_it.o
                0x0000000008007184                UART5_IRQHandler
 .text.SystemInit
                0x0000000008007198       0x2c ./Core/Src/system_stm32g4xx.o
                0x0000000008007198                SystemInit
 .text.MX_TIM2_Init
                0x00000000080071c4       0xb0 ./Core/Src/tim.o
                0x00000000080071c4                MX_TIM2_Init
 .text.MX_TIM3_Init
                0x0000000008007274       0xb4 ./Core/Src/tim.o
                0x0000000008007274                MX_TIM3_Init
 .text.MX_TIM4_Init
                0x0000000008007328       0xe8 ./Core/Src/tim.o
                0x0000000008007328                MX_TIM4_Init
 .text.HAL_TIM_PWM_MspInit
                0x0000000008007410       0x8c ./Core/Src/tim.o
                0x0000000008007410                HAL_TIM_PWM_MspInit
 .text.HAL_TIM_MspPostInit
                0x000000000800749c       0xbc ./Core/Src/tim.o
                0x000000000800749c                HAL_TIM_MspPostInit
 .text.MX_UART4_Init
                0x0000000008007558       0x98 ./Core/Src/usart.o
                0x0000000008007558                MX_UART4_Init
 .text.MX_UART5_Init
                0x00000000080075f0       0x98 ./Core/Src/usart.o
                0x00000000080075f0                MX_UART5_Init
 .text.HAL_UART_MspInit
                0x0000000008007688      0x198 ./Core/Src/usart.o
                0x0000000008007688                HAL_UART_MspInit
 .text.Reset_Handler
                0x0000000008007820       0x50 ./Core/Startup/startup_stm32g474retx.o
                0x0000000008007820                Reset_Handler
 .text.Default_Handler
                0x0000000008007870        0x2 ./Core/Startup/startup_stm32g474retx.o
                0x0000000008007870                RTC_Alarm_IRQHandler
                0x0000000008007870                EXTI2_IRQHandler
                0x0000000008007870                TIM8_TRG_COM_IRQHandler
                0x0000000008007870                TIM8_CC_IRQHandler
                0x0000000008007870                HRTIM1_Master_IRQHandler
                0x0000000008007870                SPI4_IRQHandler
                0x0000000008007870                FDCAN3_IT0_IRQHandler
                0x0000000008007870                TIM1_CC_IRQHandler
                0x0000000008007870                HRTIM1_FLT_IRQHandler
                0x0000000008007870                HRTIM1_TIMF_IRQHandler
                0x0000000008007870                USB_HP_IRQHandler
                0x0000000008007870                CORDIC_IRQHandler
                0x0000000008007870                HRTIM1_TIMD_IRQHandler
                0x0000000008007870                DMA2_Channel8_IRQHandler
                0x0000000008007870                EXTI3_IRQHandler
                0x0000000008007870                I2C3_ER_IRQHandler
                0x0000000008007870                EXTI0_IRQHandler
                0x0000000008007870                I2C2_EV_IRQHandler
                0x0000000008007870                FPU_IRQHandler
                0x0000000008007870                FDCAN1_IT1_IRQHandler
                0x0000000008007870                ADC1_2_IRQHandler
                0x0000000008007870                HRTIM1_TIME_IRQHandler
                0x0000000008007870                SPI1_IRQHandler
                0x0000000008007870                TIM6_DAC_IRQHandler
                0x0000000008007870                HRTIM1_TIMC_IRQHandler
                0x0000000008007870                TIM8_UP_IRQHandler
                0x0000000008007870                DMA2_Channel2_IRQHandler
                0x0000000008007870                DMA1_Channel4_IRQHandler
                0x0000000008007870                TIM20_TRG_COM_IRQHandler
                0x0000000008007870                USART3_IRQHandler
                0x0000000008007870                DMA1_Channel7_IRQHandler
                0x0000000008007870                ADC3_IRQHandler
                0x0000000008007870                TIM4_IRQHandler
                0x0000000008007870                DMA2_Channel1_IRQHandler
                0x0000000008007870                QUADSPI_IRQHandler
                0x0000000008007870                I2C1_EV_IRQHandler
                0x0000000008007870                DMA1_Channel6_IRQHandler
                0x0000000008007870                DMA2_Channel4_IRQHandler
                0x0000000008007870                TIM3_IRQHandler
                0x0000000008007870                RCC_IRQHandler
                0x0000000008007870                TIM20_UP_IRQHandler
                0x0000000008007870                Default_Handler
                0x0000000008007870                DMA2_Channel7_IRQHandler
                0x0000000008007870                RTC_TAMP_LSECSS_IRQHandler
                0x0000000008007870                FMAC_IRQHandler
                0x0000000008007870                EXTI15_10_IRQHandler
                0x0000000008007870                DMA1_Channel8_IRQHandler
                0x0000000008007870                HRTIM1_TIMA_IRQHandler
                0x0000000008007870                TIM7_DAC_IRQHandler
                0x0000000008007870                FDCAN3_IT1_IRQHandler
                0x0000000008007870                TIM5_IRQHandler
                0x0000000008007870                UCPD1_IRQHandler
                0x0000000008007870                I2C3_EV_IRQHandler
                0x0000000008007870                EXTI9_5_IRQHandler
                0x0000000008007870                RTC_WKUP_IRQHandler
                0x0000000008007870                PVD_PVM_IRQHandler
                0x0000000008007870                SPI2_IRQHandler
                0x0000000008007870                ADC5_IRQHandler
                0x0000000008007870                DMA2_Channel5_IRQHandler
                0x0000000008007870                CRS_IRQHandler
                0x0000000008007870                DMA1_Channel5_IRQHandler
                0x0000000008007870                USB_LP_IRQHandler
                0x0000000008007870                EXTI4_IRQHandler
                0x0000000008007870                RNG_IRQHandler
                0x0000000008007870                HRTIM1_TIMB_IRQHandler
                0x0000000008007870                TIM1_TRG_COM_TIM17_IRQHandler
                0x0000000008007870                FDCAN2_IT1_IRQHandler
                0x0000000008007870                DMA1_Channel3_IRQHandler
                0x0000000008007870                ADC4_IRQHandler
                0x0000000008007870                WWDG_IRQHandler
                0x0000000008007870                I2C4_EV_IRQHandler
                0x0000000008007870                FDCAN2_IT0_IRQHandler
                0x0000000008007870                LPUART1_IRQHandler
                0x0000000008007870                DMA2_Channel6_IRQHandler
                0x0000000008007870                FDCAN1_IT0_IRQHandler
                0x0000000008007870                TIM2_IRQHandler
                0x0000000008007870                COMP7_IRQHandler
                0x0000000008007870                COMP1_2_3_IRQHandler
                0x0000000008007870                EXTI1_IRQHandler
                0x0000000008007870                USART2_IRQHandler
                0x0000000008007870                COMP4_5_6_IRQHandler
                0x0000000008007870                TIM20_BRK_IRQHandler
                0x0000000008007870                I2C2_ER_IRQHandler
                0x0000000008007870                DMA1_Channel2_IRQHandler
                0x0000000008007870                TIM8_BRK_IRQHandler
                0x0000000008007870                FLASH_IRQHandler
                0x0000000008007870                TIM20_CC_IRQHandler
                0x0000000008007870                USART1_IRQHandler
                0x0000000008007870                SPI3_IRQHandler
                0x0000000008007870                I2C1_ER_IRQHandler
                0x0000000008007870                FMC_IRQHandler
                0x0000000008007870                LPTIM1_IRQHandler
                0x0000000008007870                DMAMUX_OVR_IRQHandler
                0x0000000008007870                I2C4_ER_IRQHandler
                0x0000000008007870                USBWakeUp_IRQHandler
                0x0000000008007870                SAI1_IRQHandler
                0x0000000008007870                DMA2_Channel3_IRQHandler
                0x0000000008007870                TIM1_BRK_TIM15_IRQHandler
 .text.HAL_Init
                0x0000000008007872       0x30 ./Drivers/STM32G4xx_HAL_Driver/Src/stm32g4xx_hal.o
                0x0000000008007872                HAL_Init
 *fill*         0x00000000080078a2        0x2 
 .text.HAL_IncTick
                0x00000000080078a4       0x24 ./Drivers/STM32G4xx_HAL_Driver/Src/stm32g4xx_hal.o
                0x00000000080078a4                HAL_IncTick
 .text.HAL_GetTick
                0x00000000080078c8       0x18 ./Drivers/STM32G4xx_HAL_Driver/Src/stm32g4xx_hal.o
                0x00000000080078c8                HAL_GetTick
 .text.HAL_Delay
                0x00000000080078e0       0x44 ./Drivers/STM32G4xx_HAL_Driver/Src/stm32g4xx_hal.o
                0x00000000080078e0                HAL_Delay
 .text.LL_ADC_SetCommonClock
                0x0000000008007924       0x26 ./Drivers/STM32G4xx_HAL_Driver/Src/stm32g4xx_hal_adc.o
 .text.LL_ADC_SetCommonPathInternalCh
                0x000000000800794a       0x26 ./Drivers/STM32G4xx_HAL_Driver/Src/stm32g4xx_hal_adc.o
 .text.LL_ADC_GetCommonPathInternalCh
                0x0000000008007970       0x1c ./Drivers/STM32G4xx_HAL_Driver/Src/stm32g4xx_hal_adc.o
 .text.LL_ADC_SetOffset
                0x000000000800798c       0x48 ./Drivers/STM32G4xx_HAL_Driver/Src/stm32g4xx_hal_adc.o
 .text.LL_ADC_GetOffsetChannel
                0x00000000080079d4       0x2c ./Drivers/STM32G4xx_HAL_Driver/Src/stm32g4xx_hal_adc.o
 .text.LL_ADC_SetOffsetState
                0x0000000008007a00       0x36 ./Drivers/STM32G4xx_HAL_Driver/Src/stm32g4xx_hal_adc.o
 .text.LL_ADC_SetOffsetSign
                0x0000000008007a36       0x36 ./Drivers/STM32G4xx_HAL_Driver/Src/stm32g4xx_hal_adc.o
 .text.LL_ADC_SetOffsetSaturation
                0x0000000008007a6c       0x36 ./Drivers/STM32G4xx_HAL_Driver/Src/stm32g4xx_hal_adc.o
 .text.LL_ADC_SetSamplingTimeCommonConfig
                0x0000000008007aa2       0x26 ./Drivers/STM32G4xx_HAL_Driver/Src/stm32g4xx_hal_adc.o
 .text.LL_ADC_REG_IsTriggerSourceSWStart
                0x0000000008007ac8       0x26 ./Drivers/STM32G4xx_HAL_Driver/Src/stm32g4xx_hal_adc.o
 .text.LL_ADC_REG_SetSequencerRanks
                0x0000000008007aee       0x58 ./Drivers/STM32G4xx_HAL_Driver/Src/stm32g4xx_hal_adc.o
 .text.LL_ADC_SetChannelSamplingTime
                0x0000000008007b46       0x56 ./Drivers/STM32G4xx_HAL_Driver/Src/stm32g4xx_hal_adc.o
 .text.LL_ADC_SetChannelSingleDiff
                0x0000000008007b9c       0x50 ./Drivers/STM32G4xx_HAL_Driver/Src/stm32g4xx_hal_adc.o
 .text.LL_ADC_GetMultimode
                0x0000000008007bec       0x1c ./Drivers/STM32G4xx_HAL_Driver/Src/stm32g4xx_hal_adc.o
 .text.LL_ADC_DisableDeepPowerDown
                0x0000000008007c08       0x24 ./Drivers/STM32G4xx_HAL_Driver/Src/stm32g4xx_hal_adc.o
 .text.LL_ADC_IsDeepPowerDownEnabled
                0x0000000008007c2c       0x28 ./Drivers/STM32G4xx_HAL_Driver/Src/stm32g4xx_hal_adc.o
 .text.LL_ADC_EnableInternalRegulator
                0x0000000008007c54       0x28 ./Drivers/STM32G4xx_HAL_Driver/Src/stm32g4xx_hal_adc.o
 .text.LL_ADC_IsInternalRegulatorEnabled
                0x0000000008007c7c       0x28 ./Drivers/STM32G4xx_HAL_Driver/Src/stm32g4xx_hal_adc.o
 .text.LL_ADC_Enable
                0x0000000008007ca4       0x28 ./Drivers/STM32G4xx_HAL_Driver/Src/stm32g4xx_hal_adc.o
 .text.LL_ADC_IsEnabled
                0x0000000008007ccc       0x26 ./Drivers/STM32G4xx_HAL_Driver/Src/stm32g4xx_hal_adc.o
 .text.LL_ADC_REG_StartConversion
                0x0000000008007cf2       0x28 ./Drivers/STM32G4xx_HAL_Driver/Src/stm32g4xx_hal_adc.o
 .text.LL_ADC_REG_IsConversionOngoing
                0x0000000008007d1a       0x26 ./Drivers/STM32G4xx_HAL_Driver/Src/stm32g4xx_hal_adc.o
 .text.LL_ADC_INJ_IsConversionOngoing
                0x0000000008007d40       0x26 ./Drivers/STM32G4xx_HAL_Driver/Src/stm32g4xx_hal_adc.o
 *fill*         0x0000000008007d66        0x2 
 .text.HAL_ADC_Init
                0x0000000008007d68      0x384 ./Drivers/STM32G4xx_HAL_Driver/Src/stm32g4xx_hal_adc.o
                0x0000000008007d68                HAL_ADC_Init
 .text.HAL_ADC_Start_DMA
                0x00000000080080ec      0x1a8 ./Drivers/STM32G4xx_HAL_Driver/Src/stm32g4xx_hal_adc.o
                0x00000000080080ec                HAL_ADC_Start_DMA
 .text.HAL_ADC_ConvCpltCallback
                0x0000000008008294       0x14 ./Drivers/STM32G4xx_HAL_Driver/Src/stm32g4xx_hal_adc.o
                0x0000000008008294                HAL_ADC_ConvCpltCallback
 .text.HAL_ADC_ConvHalfCpltCallback
                0x00000000080082a8       0x14 ./Drivers/STM32G4xx_HAL_Driver/Src/stm32g4xx_hal_adc.o
                0x00000000080082a8                HAL_ADC_ConvHalfCpltCallback
 .text.HAL_ADC_ErrorCallback
                0x00000000080082bc       0x14 ./Drivers/STM32G4xx_HAL_Driver/Src/stm32g4xx_hal_adc.o
                0x00000000080082bc                HAL_ADC_ErrorCallback
 .text.HAL_ADC_ConfigChannel
                0x00000000080082d0      0x880 ./Drivers/STM32G4xx_HAL_Driver/Src/stm32g4xx_hal_adc.o
                0x00000000080082d0                HAL_ADC_ConfigChannel
 .text.ADC_Enable
                0x0000000008008b50       0xc4 ./Drivers/STM32G4xx_HAL_Driver/Src/stm32g4xx_hal_adc.o
                0x0000000008008b50                ADC_Enable
 .text.ADC_DMAConvCplt
                0x0000000008008c14       0xd8 ./Drivers/STM32G4xx_HAL_Driver/Src/stm32g4xx_hal_adc.o
                0x0000000008008c14                ADC_DMAConvCplt
 .text.ADC_DMAHalfConvCplt
                0x0000000008008cec       0x1c ./Drivers/STM32G4xx_HAL_Driver/Src/stm32g4xx_hal_adc.o
                0x0000000008008cec                ADC_DMAHalfConvCplt
 .text.ADC_DMAError
                0x0000000008008d08       0x34 ./Drivers/STM32G4xx_HAL_Driver/Src/stm32g4xx_hal_adc.o
                0x0000000008008d08                ADC_DMAError
 .text.__NVIC_SetPriorityGrouping
                0x0000000008008d3c       0x48 ./Drivers/STM32G4xx_HAL_Driver/Src/stm32g4xx_hal_cortex.o
 .text.__NVIC_GetPriorityGrouping
                0x0000000008008d84       0x1c ./Drivers/STM32G4xx_HAL_Driver/Src/stm32g4xx_hal_cortex.o
 .text.__NVIC_EnableIRQ
                0x0000000008008da0       0x3c ./Drivers/STM32G4xx_HAL_Driver/Src/stm32g4xx_hal_cortex.o
 .text.__NVIC_SetPriority
                0x0000000008008ddc       0x54 ./Drivers/STM32G4xx_HAL_Driver/Src/stm32g4xx_hal_cortex.o
 .text.NVIC_EncodePriority
                0x0000000008008e30       0x66 ./Drivers/STM32G4xx_HAL_Driver/Src/stm32g4xx_hal_cortex.o
 .text.HAL_NVIC_SetPriorityGrouping
                0x0000000008008e96       0x16 ./Drivers/STM32G4xx_HAL_Driver/Src/stm32g4xx_hal_cortex.o
                0x0000000008008e96                HAL_NVIC_SetPriorityGrouping
 .text.HAL_NVIC_SetPriority
                0x0000000008008eac       0x34 ./Drivers/STM32G4xx_HAL_Driver/Src/stm32g4xx_hal_cortex.o
                0x0000000008008eac                HAL_NVIC_SetPriority
 .text.HAL_NVIC_EnableIRQ
                0x0000000008008ee0       0x1c ./Drivers/STM32G4xx_HAL_Driver/Src/stm32g4xx_hal_cortex.o
                0x0000000008008ee0                HAL_NVIC_EnableIRQ
 .text.HAL_DMA_Init
                0x0000000008008efc      0x150 ./Drivers/STM32G4xx_HAL_Driver/Src/stm32g4xx_hal_dma.o
                0x0000000008008efc                HAL_DMA_Init
 .text.HAL_DMA_Start_IT
                0x000000000800904c       0xf6 ./Drivers/STM32G4xx_HAL_Driver/Src/stm32g4xx_hal_dma.o
                0x000000000800904c                HAL_DMA_Start_IT
 .text.HAL_DMA_Abort
                0x0000000008009142       0xb2 ./Drivers/STM32G4xx_HAL_Driver/Src/stm32g4xx_hal_dma.o
                0x0000000008009142                HAL_DMA_Abort
 .text.HAL_DMA_Abort_IT
                0x00000000080091f4       0xce ./Drivers/STM32G4xx_HAL_Driver/Src/stm32g4xx_hal_dma.o
                0x00000000080091f4                HAL_DMA_Abort_IT
 .text.HAL_DMA_IRQHandler
                0x00000000080092c2      0x15e ./Drivers/STM32G4xx_HAL_Driver/Src/stm32g4xx_hal_dma.o
                0x00000000080092c2                HAL_DMA_IRQHandler
 .text.DMA_SetConfig
                0x0000000008009420       0x7c ./Drivers/STM32G4xx_HAL_Driver/Src/stm32g4xx_hal_dma.o
 .text.DMA_CalcDMAMUXChannelBaseAndMask
                0x000000000800949c       0x7c ./Drivers/STM32G4xx_HAL_Driver/Src/stm32g4xx_hal_dma.o
 .text.DMA_CalcDMAMUXRequestGenBaseAndMask
                0x0000000008009518       0x48 ./Drivers/STM32G4xx_HAL_Driver/Src/stm32g4xx_hal_dma.o
 .text.HAL_GPIO_Init
                0x0000000008009560      0x304 ./Drivers/STM32G4xx_HAL_Driver/Src/stm32g4xx_hal_gpio.o
                0x0000000008009560                HAL_GPIO_Init
 .text.HAL_GPIO_WritePin
                0x0000000008009864       0x30 ./Drivers/STM32G4xx_HAL_Driver/Src/stm32g4xx_hal_gpio.o
                0x0000000008009864                HAL_GPIO_WritePin
 .text.HAL_GPIO_TogglePin
                0x0000000008009894       0x34 ./Drivers/STM32G4xx_HAL_Driver/Src/stm32g4xx_hal_gpio.o
                0x0000000008009894                HAL_GPIO_TogglePin
 .text.HAL_I2C_Init
                0x00000000080098c8      0x11e ./Drivers/STM32G4xx_HAL_Driver/Src/stm32g4xx_hal_i2c.o
                0x00000000080098c8                HAL_I2C_Init
 *fill*         0x00000000080099e6        0x2 
 .text.HAL_I2C_Mem_Write
                0x00000000080099e8      0x228 ./Drivers/STM32G4xx_HAL_Driver/Src/stm32g4xx_hal_i2c.o
                0x00000000080099e8                HAL_I2C_Mem_Write
 .text.HAL_I2C_Mem_Read
                0x0000000008009c10      0x234 ./Drivers/STM32G4xx_HAL_Driver/Src/stm32g4xx_hal_i2c.o
                0x0000000008009c10                HAL_I2C_Mem_Read
 .text.I2C_RequestMemoryWrite
                0x0000000008009e44       0xa8 ./Drivers/STM32G4xx_HAL_Driver/Src/stm32g4xx_hal_i2c.o
 .text.I2C_RequestMemoryRead
                0x0000000008009eec       0xa8 ./Drivers/STM32G4xx_HAL_Driver/Src/stm32g4xx_hal_i2c.o
 .text.I2C_Flush_TXDR
                0x0000000008009f94       0x48 ./Drivers/STM32G4xx_HAL_Driver/Src/stm32g4xx_hal_i2c.o
 .text.I2C_WaitOnFlagUntilTimeout
                0x0000000008009fdc       0x80 ./Drivers/STM32G4xx_HAL_Driver/Src/stm32g4xx_hal_i2c.o
 .text.I2C_WaitOnTXISFlagUntilTimeout
                0x000000000800a05c       0x80 ./Drivers/STM32G4xx_HAL_Driver/Src/stm32g4xx_hal_i2c.o
 .text.I2C_WaitOnSTOPFlagUntilTimeout
                0x000000000800a0dc       0x78 ./Drivers/STM32G4xx_HAL_Driver/Src/stm32g4xx_hal_i2c.o
 .text.I2C_IsErrorOccurred
                0x000000000800a154      0x1d8 ./Drivers/STM32G4xx_HAL_Driver/Src/stm32g4xx_hal_i2c.o
 .text.I2C_TransferConfig
                0x000000000800a32c       0x64 ./Drivers/STM32G4xx_HAL_Driver/Src/stm32g4xx_hal_i2c.o
 .text.HAL_I2CEx_ConfigAnalogFilter
                0x000000000800a390       0x96 ./Drivers/STM32G4xx_HAL_Driver/Src/stm32g4xx_hal_i2c_ex.o
                0x000000000800a390                HAL_I2CEx_ConfigAnalogFilter
 .text.HAL_I2CEx_ConfigDigitalFilter
                0x000000000800a426       0x98 ./Drivers/STM32G4xx_HAL_Driver/Src/stm32g4xx_hal_i2c_ex.o
                0x000000000800a426                HAL_I2CEx_ConfigDigitalFilter
 *fill*         0x000000000800a4be        0x2 
 .text.HAL_PWREx_ControlVoltageScaling
                0x000000000800a4c0      0x148 ./Drivers/STM32G4xx_HAL_Driver/Src/stm32g4xx_hal_pwr_ex.o
                0x000000000800a4c0                HAL_PWREx_ControlVoltageScaling
 .text.HAL_RCC_OscConfig
                0x000000000800a608      0x630 ./Drivers/STM32G4xx_HAL_Driver/Src/stm32g4xx_hal_rcc.o
                0x000000000800a608                HAL_RCC_OscConfig
 .text.HAL_RCC_ClockConfig
                0x000000000800ac38      0x278 ./Drivers/STM32G4xx_HAL_Driver/Src/stm32g4xx_hal_rcc.o
                0x000000000800ac38                HAL_RCC_ClockConfig
 .text.HAL_RCC_GetSysClockFreq
                0x000000000800aeb0       0xc4 ./Drivers/STM32G4xx_HAL_Driver/Src/stm32g4xx_hal_rcc.o
                0x000000000800aeb0                HAL_RCC_GetSysClockFreq
 .text.HAL_RCC_GetHCLKFreq
                0x000000000800af74       0x18 ./Drivers/STM32G4xx_HAL_Driver/Src/stm32g4xx_hal_rcc.o
                0x000000000800af74                HAL_RCC_GetHCLKFreq
 .text.HAL_RCC_GetPCLK1Freq
                0x000000000800af8c       0x2c ./Drivers/STM32G4xx_HAL_Driver/Src/stm32g4xx_hal_rcc.o
                0x000000000800af8c                HAL_RCC_GetPCLK1Freq
 .text.HAL_RCC_GetPCLK2Freq
                0x000000000800afb8       0x2c ./Drivers/STM32G4xx_HAL_Driver/Src/stm32g4xx_hal_rcc.o
                0x000000000800afb8                HAL_RCC_GetPCLK2Freq
 .text.HAL_RCC_GetClockConfig
                0x000000000800afe4       0x64 ./Drivers/STM32G4xx_HAL_Driver/Src/stm32g4xx_hal_rcc.o
                0x000000000800afe4                HAL_RCC_GetClockConfig
 .text.RCC_GetSysClockFreqFromPLLSource
                0x000000000800b048       0x8c ./Drivers/STM32G4xx_HAL_Driver/Src/stm32g4xx_hal_rcc.o
 .text.HAL_RCCEx_PeriphCLKConfig
                0x000000000800b0d4      0x49c ./Drivers/STM32G4xx_HAL_Driver/Src/stm32g4xx_hal_rcc_ex.o
                0x000000000800b0d4                HAL_RCCEx_PeriphCLKConfig
 .text.HAL_TIM_Base_Init
                0x000000000800b570       0xae ./Drivers/STM32G4xx_HAL_Driver/Src/stm32g4xx_hal_tim.o
                0x000000000800b570                HAL_TIM_Base_Init
 .text.HAL_TIM_Base_MspInit
                0x000000000800b61e       0x14 ./Drivers/STM32G4xx_HAL_Driver/Src/stm32g4xx_hal_tim.o
                0x000000000800b61e                HAL_TIM_Base_MspInit
 *fill*         0x000000000800b632        0x2 
 .text.HAL_TIM_Base_Start_IT
                0x000000000800b634       0xf0 ./Drivers/STM32G4xx_HAL_Driver/Src/stm32g4xx_hal_tim.o
                0x000000000800b634                HAL_TIM_Base_Start_IT
 .text.HAL_TIM_PWM_Init
                0x000000000800b724       0xae ./Drivers/STM32G4xx_HAL_Driver/Src/stm32g4xx_hal_tim.o
                0x000000000800b724                HAL_TIM_PWM_Init
 *fill*         0x000000000800b7d2        0x2 
 .text.HAL_TIM_PWM_Start
                0x000000000800b7d4      0x224 ./Drivers/STM32G4xx_HAL_Driver/Src/stm32g4xx_hal_tim.o
                0x000000000800b7d4                HAL_TIM_PWM_Start
 .text.HAL_TIM_IRQHandler
                0x000000000800b9f8      0x2fe ./Drivers/STM32G4xx_HAL_Driver/Src/stm32g4xx_hal_tim.o
                0x000000000800b9f8                HAL_TIM_IRQHandler
 *fill*         0x000000000800bcf6        0x2 
 .text.HAL_TIM_PWM_ConfigChannel
                0x000000000800bcf8      0x228 ./Drivers/STM32G4xx_HAL_Driver/Src/stm32g4xx_hal_tim.o
                0x000000000800bcf8                HAL_TIM_PWM_ConfigChannel
 .text.HAL_TIM_OC_DelayElapsedCallback
                0x000000000800bf20       0x14 ./Drivers/STM32G4xx_HAL_Driver/Src/stm32g4xx_hal_tim.o
                0x000000000800bf20                HAL_TIM_OC_DelayElapsedCallback
 .text.HAL_TIM_IC_CaptureCallback
                0x000000000800bf34       0x14 ./Drivers/STM32G4xx_HAL_Driver/Src/stm32g4xx_hal_tim.o
                0x000000000800bf34                HAL_TIM_IC_CaptureCallback
 .text.HAL_TIM_PWM_PulseFinishedCallback
                0x000000000800bf48       0x14 ./Drivers/STM32G4xx_HAL_Driver/Src/stm32g4xx_hal_tim.o
                0x000000000800bf48                HAL_TIM_PWM_PulseFinishedCallback
 .text.HAL_TIM_TriggerCallback
                0x000000000800bf5c       0x14 ./Drivers/STM32G4xx_HAL_Driver/Src/stm32g4xx_hal_tim.o
                0x000000000800bf5c                HAL_TIM_TriggerCallback
 .text.TIM_Base_SetConfig
                0x000000000800bf70      0x150 ./Drivers/STM32G4xx_HAL_Driver/Src/stm32g4xx_hal_tim.o
                0x000000000800bf70                TIM_Base_SetConfig
 .text.TIM_OC1_SetConfig
                0x000000000800c0c0      0x134 ./Drivers/STM32G4xx_HAL_Driver/Src/stm32g4xx_hal_tim.o
 .text.TIM_OC2_SetConfig
                0x000000000800c1f4      0x128 ./Drivers/STM32G4xx_HAL_Driver/Src/stm32g4xx_hal_tim.o
                0x000000000800c1f4                TIM_OC2_SetConfig
 .text.TIM_OC3_SetConfig
                0x000000000800c31c      0x124 ./Drivers/STM32G4xx_HAL_Driver/Src/stm32g4xx_hal_tim.o
 .text.TIM_OC4_SetConfig
                0x000000000800c440      0x128 ./Drivers/STM32G4xx_HAL_Driver/Src/stm32g4xx_hal_tim.o
 .text.TIM_OC5_SetConfig
                0x000000000800c568       0xd4 ./Drivers/STM32G4xx_HAL_Driver/Src/stm32g4xx_hal_tim.o
 .text.TIM_OC6_SetConfig
                0x000000000800c63c       0xd8 ./Drivers/STM32G4xx_HAL_Driver/Src/stm32g4xx_hal_tim.o
 .text.TIM_CCxChannelCmd
                0x000000000800c714       0x4a ./Drivers/STM32G4xx_HAL_Driver/Src/stm32g4xx_hal_tim.o
                0x000000000800c714                TIM_CCxChannelCmd
 *fill*         0x000000000800c75e        0x2 
 .text.HAL_TIMEx_MasterConfigSynchronization
                0x000000000800c760      0x12c ./Drivers/STM32G4xx_HAL_Driver/Src/stm32g4xx_hal_tim_ex.o
                0x000000000800c760                HAL_TIMEx_MasterConfigSynchronization
 .text.HAL_TIMEx_CommutCallback
                0x000000000800c88c       0x14 ./Drivers/STM32G4xx_HAL_Driver/Src/stm32g4xx_hal_tim_ex.o
                0x000000000800c88c                HAL_TIMEx_CommutCallback
 .text.HAL_TIMEx_BreakCallback
                0x000000000800c8a0       0x14 ./Drivers/STM32G4xx_HAL_Driver/Src/stm32g4xx_hal_tim_ex.o
                0x000000000800c8a0                HAL_TIMEx_BreakCallback
 .text.HAL_TIMEx_Break2Callback
                0x000000000800c8b4       0x14 ./Drivers/STM32G4xx_HAL_Driver/Src/stm32g4xx_hal_tim_ex.o
                0x000000000800c8b4                HAL_TIMEx_Break2Callback
 .text.HAL_TIMEx_EncoderIndexCallback
                0x000000000800c8c8       0x14 ./Drivers/STM32G4xx_HAL_Driver/Src/stm32g4xx_hal_tim_ex.o
                0x000000000800c8c8                HAL_TIMEx_EncoderIndexCallback
 .text.HAL_TIMEx_DirectionChangeCallback
                0x000000000800c8dc       0x14 ./Drivers/STM32G4xx_HAL_Driver/Src/stm32g4xx_hal_tim_ex.o
                0x000000000800c8dc                HAL_TIMEx_DirectionChangeCallback
 .text.HAL_TIMEx_IndexErrorCallback
                0x000000000800c8f0       0x14 ./Drivers/STM32G4xx_HAL_Driver/Src/stm32g4xx_hal_tim_ex.o
                0x000000000800c8f0                HAL_TIMEx_IndexErrorCallback
 .text.HAL_TIMEx_TransitionErrorCallback
                0x000000000800c904       0x14 ./Drivers/STM32G4xx_HAL_Driver/Src/stm32g4xx_hal_tim_ex.o
                0x000000000800c904                HAL_TIMEx_TransitionErrorCallback
 .text.HAL_UART_Init
                0x000000000800c918       0xa0 ./Drivers/STM32G4xx_HAL_Driver/Src/stm32g4xx_hal_uart.o
                0x000000000800c918                HAL_UART_Init
 .text.HAL_UART_Receive_IT
                0x000000000800c9b8       0xac ./Drivers/STM32G4xx_HAL_Driver/Src/stm32g4xx_hal_uart.o
                0x000000000800c9b8                HAL_UART_Receive_IT
 .text.HAL_UART_IRQHandler
                0x000000000800ca64      0x630 ./Drivers/STM32G4xx_HAL_Driver/Src/stm32g4xx_hal_uart.o
                0x000000000800ca64                HAL_UART_IRQHandler
 .text.HAL_UART_TxCpltCallback
                0x000000000800d094       0x14 ./Drivers/STM32G4xx_HAL_Driver/Src/stm32g4xx_hal_uart.o
                0x000000000800d094                HAL_UART_TxCpltCallback
 .text.HAL_UART_RxCpltCallback
                0x000000000800d0a8       0x14 ./Drivers/STM32G4xx_HAL_Driver/Src/stm32g4xx_hal_uart.o
                0x000000000800d0a8                HAL_UART_RxCpltCallback
 .text.HAL_UART_ErrorCallback
                0x000000000800d0bc       0x14 ./Drivers/STM32G4xx_HAL_Driver/Src/stm32g4xx_hal_uart.o
                0x000000000800d0bc                HAL_UART_ErrorCallback
 .text.HAL_UARTEx_RxEventCallback
                0x000000000800d0d0       0x18 ./Drivers/STM32G4xx_HAL_Driver/Src/stm32g4xx_hal_uart.o
                0x000000000800d0d0                HAL_UARTEx_RxEventCallback
 .text.UART_SetConfig
                0x000000000800d0e8      0x5f8 ./Drivers/STM32G4xx_HAL_Driver/Src/stm32g4xx_hal_uart.o
                0x000000000800d0e8                UART_SetConfig
 .text.UART_AdvFeatureConfig
                0x000000000800d6e0      0x144 ./Drivers/STM32G4xx_HAL_Driver/Src/stm32g4xx_hal_uart.o
                0x000000000800d6e0                UART_AdvFeatureConfig
 .text.UART_CheckIdleState
                0x000000000800d824       0x96 ./Drivers/STM32G4xx_HAL_Driver/Src/stm32g4xx_hal_uart.o
                0x000000000800d824                UART_CheckIdleState
 .text.UART_WaitOnFlagUntilTimeout
                0x000000000800d8ba      0x190 ./Drivers/STM32G4xx_HAL_Driver/Src/stm32g4xx_hal_uart.o
                0x000000000800d8ba                UART_WaitOnFlagUntilTimeout
 *fill*         0x000000000800da4a        0x2 
 .text.UART_Start_Receive_IT
                0x000000000800da4c      0x254 ./Drivers/STM32G4xx_HAL_Driver/Src/stm32g4xx_hal_uart.o
                0x000000000800da4c                UART_Start_Receive_IT
 .text.UART_EndRxTransfer
                0x000000000800dca0       0xcc ./Drivers/STM32G4xx_HAL_Driver/Src/stm32g4xx_hal_uart.o
 .text.UART_DMAAbortOnError
                0x000000000800dd6c       0x2c ./Drivers/STM32G4xx_HAL_Driver/Src/stm32g4xx_hal_uart.o
 .text.UART_EndTransmit_IT
                0x000000000800dd98       0x56 ./Drivers/STM32G4xx_HAL_Driver/Src/stm32g4xx_hal_uart.o
 .text.UART_RxISR_8BIT
                0x000000000800ddee      0x160 ./Drivers/STM32G4xx_HAL_Driver/Src/stm32g4xx_hal_uart.o
 .text.UART_RxISR_16BIT
                0x000000000800df4e      0x160 ./Drivers/STM32G4xx_HAL_Driver/Src/stm32g4xx_hal_uart.o
 *fill*         0x000000000800e0ae        0x2 
 .text.UART_RxISR_8BIT_FIFOEN
                0x000000000800e0b0      0x2f8 ./Drivers/STM32G4xx_HAL_Driver/Src/stm32g4xx_hal_uart.o
 .text.UART_RxISR_16BIT_FIFOEN
                0x000000000800e3a8      0x300 ./Drivers/STM32G4xx_HAL_Driver/Src/stm32g4xx_hal_uart.o
 .text.HAL_UARTEx_WakeupCallback
                0x000000000800e6a8       0x14 ./Drivers/STM32G4xx_HAL_Driver/Src/stm32g4xx_hal_uart_ex.o
                0x000000000800e6a8                HAL_UARTEx_WakeupCallback
 .text.HAL_UARTEx_RxFifoFullCallback
                0x000000000800e6bc       0x14 ./Drivers/STM32G4xx_HAL_Driver/Src/stm32g4xx_hal_uart_ex.o
                0x000000000800e6bc                HAL_UARTEx_RxFifoFullCallback
 .text.HAL_UARTEx_TxFifoEmptyCallback
                0x000000000800e6d0       0x14 ./Drivers/STM32G4xx_HAL_Driver/Src/stm32g4xx_hal_uart_ex.o
                0x000000000800e6d0                HAL_UARTEx_TxFifoEmptyCallback
 .text.HAL_UARTEx_DisableFifoMode
                0x000000000800e6e4       0x72 ./Drivers/STM32G4xx_HAL_Driver/Src/stm32g4xx_hal_uart_ex.o
                0x000000000800e6e4                HAL_UARTEx_DisableFifoMode
 .text.HAL_UARTEx_SetTxFifoThreshold
                0x000000000800e756       0x7c ./Drivers/STM32G4xx_HAL_Driver/Src/stm32g4xx_hal_uart_ex.o
                0x000000000800e756                HAL_UARTEx_SetTxFifoThreshold
 .text.HAL_UARTEx_SetRxFifoThreshold
                0x000000000800e7d2       0x7c ./Drivers/STM32G4xx_HAL_Driver/Src/stm32g4xx_hal_uart_ex.o
                0x000000000800e7d2                HAL_UARTEx_SetRxFifoThreshold
 *fill*         0x000000000800e84e        0x2 
 .text.UARTEx_SetNbDataToProcess
                0x000000000800e850       0x9c ./Drivers/STM32G4xx_HAL_Driver/Src/stm32g4xx_hal_uart_ex.o
 .text.makeFreeRtosPriority
                0x000000000800e8ec       0x30 ./Middlewares/Third_Party/FreeRTOS/Source/CMSIS_RTOS/cmsis_os.o
 .text.osKernelStart
                0x000000000800e91c        0xe ./Middlewares/Third_Party/FreeRTOS/Source/CMSIS_RTOS/cmsis_os.o
                0x000000000800e91c                osKernelStart
 .text.osThreadCreate
                0x000000000800e92a       0x4e ./Middlewares/Third_Party/FreeRTOS/Source/CMSIS_RTOS/cmsis_os.o
                0x000000000800e92a                osThreadCreate
 .text.osDelay  0x000000000800e978       0x28 ./Middlewares/Third_Party/FreeRTOS/Source/CMSIS_RTOS/cmsis_os.o
                0x000000000800e978                osDelay
 .text.osMutexCreate
                0x000000000800e9a0       0x18 ./Middlewares/Third_Party/FreeRTOS/Source/CMSIS_RTOS/cmsis_os.o
                0x000000000800e9a0                osMutexCreate
 .text.osSemaphoreCreate
                0x000000000800e9b8       0x3c ./Middlewares/Third_Party/FreeRTOS/Source/CMSIS_RTOS/cmsis_os.o
                0x000000000800e9b8                osSemaphoreCreate
 .text.vListInitialise
                0x000000000800e9f4       0x40 ./Middlewares/Third_Party/FreeRTOS/Source/list.o
                0x000000000800e9f4                vListInitialise
 .text.vListInitialiseItem
                0x000000000800ea34       0x1a ./Middlewares/Third_Party/FreeRTOS/Source/list.o
                0x000000000800ea34                vListInitialiseItem
 .text.vListInsertEnd
                0x000000000800ea4e       0x48 ./Middlewares/Third_Party/FreeRTOS/Source/list.o
                0x000000000800ea4e                vListInsertEnd
 .text.vListInsert
                0x000000000800ea96       0x72 ./Middlewares/Third_Party/FreeRTOS/Source/list.o
                0x000000000800ea96                vListInsert
 .text.uxListRemove
                0x000000000800eb08       0x54 ./Middlewares/Third_Party/FreeRTOS/Source/list.o
                0x000000000800eb08                uxListRemove
 .text.xQueueGenericReset
                0x000000000800eb5c       0xb6 ./Middlewares/Third_Party/FreeRTOS/Source/queue.o
                0x000000000800eb5c                xQueueGenericReset
 .text.xQueueGenericCreate
                0x000000000800ec12       0x6c ./Middlewares/Third_Party/FreeRTOS/Source/queue.o
                0x000000000800ec12                xQueueGenericCreate
 .text.prvInitialiseNewQueue
                0x000000000800ec7e       0x3e ./Middlewares/Third_Party/FreeRTOS/Source/queue.o
 .text.prvInitialiseMutex
                0x000000000800ecbc       0x34 ./Middlewares/Third_Party/FreeRTOS/Source/queue.o
 .text.xQueueCreateMutex
                0x000000000800ecf0       0x30 ./Middlewares/Third_Party/FreeRTOS/Source/queue.o
                0x000000000800ecf0                xQueueCreateMutex
 .text.xQueueGenericSend
                0x000000000800ed20      0x1cc ./Middlewares/Third_Party/FreeRTOS/Source/queue.o
                0x000000000800ed20                xQueueGenericSend
 .text.xQueueGiveFromISR
                0x000000000800eeec      0x11a ./Middlewares/Third_Party/FreeRTOS/Source/queue.o
                0x000000000800eeec                xQueueGiveFromISR
 *fill*         0x000000000800f006        0x2 
 .text.xQueueSemaphoreTake
                0x000000000800f008      0x200 ./Middlewares/Third_Party/FreeRTOS/Source/queue.o
                0x000000000800f008                xQueueSemaphoreTake
 .text.prvGetDisinheritPriorityAfterTimeout
                0x000000000800f208       0x30 ./Middlewares/Third_Party/FreeRTOS/Source/queue.o
 .text.prvCopyDataToQueue
                0x000000000800f238       0xd4 ./Middlewares/Third_Party/FreeRTOS/Source/queue.o
 .text.prvUnlockQueue
                0x000000000800f30c       0xa4 ./Middlewares/Third_Party/FreeRTOS/Source/queue.o
 .text.prvIsQueueEmpty
                0x000000000800f3b0       0x2c ./Middlewares/Third_Party/FreeRTOS/Source/queue.o
 .text.prvIsQueueFull
                0x000000000800f3dc       0x30 ./Middlewares/Third_Party/FreeRTOS/Source/queue.o
 .text.xTaskCreate
                0x000000000800f40c       0x82 ./Middlewares/Third_Party/FreeRTOS/Source/tasks.o
                0x000000000800f40c                xTaskCreate
 *fill*         0x000000000800f48e        0x2 
 .text.prvInitialiseNewTask
                0x000000000800f490      0x144 ./Middlewares/Third_Party/FreeRTOS/Source/tasks.o
 .text.prvAddNewTaskToReadyList
                0x000000000800f5d4       0xb8 ./Middlewares/Third_Party/FreeRTOS/Source/tasks.o
 .text.vTaskDelay
                0x000000000800f68c       0x68 ./Middlewares/Third_Party/FreeRTOS/Source/tasks.o
                0x000000000800f68c                vTaskDelay
 .text.vTaskStartScheduler
                0x000000000800f6f4       0xa0 ./Middlewares/Third_Party/FreeRTOS/Source/tasks.o
                0x000000000800f6f4                vTaskStartScheduler
 .text.vTaskSuspendAll
                0x000000000800f794       0x1c ./Middlewares/Third_Party/FreeRTOS/Source/tasks.o
                0x000000000800f794                vTaskSuspendAll
 .text.xTaskResumeAll
                0x000000000800f7b0      0x11c ./Middlewares/Third_Party/FreeRTOS/Source/tasks.o
                0x000000000800f7b0                xTaskResumeAll
 .text.xTaskIncrementTick
                0x000000000800f8cc      0x12c ./Middlewares/Third_Party/FreeRTOS/Source/tasks.o
                0x000000000800f8cc                xTaskIncrementTick
 .text.vTaskSwitchContext
                0x000000000800f9f8       0xc4 ./Middlewares/Third_Party/FreeRTOS/Source/tasks.o
                0x000000000800f9f8                vTaskSwitchContext
 .text.vTaskPlaceOnEventList
                0x000000000800fabc       0x48 ./Middlewares/Third_Party/FreeRTOS/Source/tasks.o
                0x000000000800fabc                vTaskPlaceOnEventList
 .text.xTaskRemoveFromEventList
                0x000000000800fb04       0xc4 ./Middlewares/Third_Party/FreeRTOS/Source/tasks.o
                0x000000000800fb04                xTaskRemoveFromEventList
 .text.vTaskInternalSetTimeOutState
                0x000000000800fbc8       0x2c ./Middlewares/Third_Party/FreeRTOS/Source/tasks.o
                0x000000000800fbc8                vTaskInternalSetTimeOutState
 .text.xTaskCheckForTimeOut
                0x000000000800fbf4       0xe4 ./Middlewares/Third_Party/FreeRTOS/Source/tasks.o
                0x000000000800fbf4                xTaskCheckForTimeOut
 .text.vTaskMissedYield
                0x000000000800fcd8       0x18 ./Middlewares/Third_Party/FreeRTOS/Source/tasks.o
                0x000000000800fcd8                vTaskMissedYield
 .text.prvIdleTask
                0x000000000800fcf0       0x24 ./Middlewares/Third_Party/FreeRTOS/Source/tasks.o
 .text.prvInitialiseTaskLists
                0x000000000800fd14       0x80 ./Middlewares/Third_Party/FreeRTOS/Source/tasks.o
 .text.prvCheckTasksWaitingTermination
                0x000000000800fd94       0x5c ./Middlewares/Third_Party/FreeRTOS/Source/tasks.o
 .text.prvDeleteTCB
                0x000000000800fdf0       0x2a ./Middlewares/Third_Party/FreeRTOS/Source/tasks.o
 *fill*         0x000000000800fe1a        0x2 
 .text.prvResetNextTaskUnblockTime
                0x000000000800fe1c       0x40 ./Middlewares/Third_Party/FreeRTOS/Source/tasks.o
 .text.xTaskGetSchedulerState
                0x000000000800fe5c       0x3c ./Middlewares/Third_Party/FreeRTOS/Source/tasks.o
                0x000000000800fe5c                xTaskGetSchedulerState
 .text.xTaskPriorityInherit
                0x000000000800fe98       0xec ./Middlewares/Third_Party/FreeRTOS/Source/tasks.o
                0x000000000800fe98                xTaskPriorityInherit
 .text.xTaskPriorityDisinherit
                0x000000000800ff84      0x10c ./Middlewares/Third_Party/FreeRTOS/Source/tasks.o
                0x000000000800ff84                xTaskPriorityDisinherit
 .text.vTaskPriorityDisinheritAfterTimeout
                0x0000000008010090      0x11c ./Middlewares/Third_Party/FreeRTOS/Source/tasks.o
                0x0000000008010090                vTaskPriorityDisinheritAfterTimeout
 .text.pvTaskIncrementMutexHeldCount
                0x00000000080101ac       0x28 ./Middlewares/Third_Party/FreeRTOS/Source/tasks.o
                0x00000000080101ac                pvTaskIncrementMutexHeldCount
 .text.prvAddCurrentTaskToDelayedList
                0x00000000080101d4       0xd4 ./Middlewares/Third_Party/FreeRTOS/Source/tasks.o
 .text.pxPortInitialiseStack
                0x00000000080102a8       0x68 ./Middlewares/Third_Party/FreeRTOS/Source/portable/GCC/ARM_CM4F/port.o
                0x00000000080102a8                pxPortInitialiseStack
 .text.prvTaskExitError
                0x0000000008010310       0x58 ./Middlewares/Third_Party/FreeRTOS/Source/portable/GCC/ARM_CM4F/port.o
 *fill*         0x0000000008010368        0x8 
 .text.SVC_Handler
                0x0000000008010370       0x28 ./Middlewares/Third_Party/FreeRTOS/Source/portable/GCC/ARM_CM4F/port.o
                0x0000000008010370                SVC_Handler
 .text.prvPortStartFirstTask
                0x0000000008010398       0x28 ./Middlewares/Third_Party/FreeRTOS/Source/portable/GCC/ARM_CM4F/port.o
 .text.xPortStartScheduler
                0x00000000080103c0      0x144 ./Middlewares/Third_Party/FreeRTOS/Source/portable/GCC/ARM_CM4F/port.o
                0x00000000080103c0                xPortStartScheduler
 .text.vPortEnterCritical
                0x0000000008010504       0x60 ./Middlewares/Third_Party/FreeRTOS/Source/portable/GCC/ARM_CM4F/port.o
                0x0000000008010504                vPortEnterCritical
 .text.vPortExitCritical
                0x0000000008010564       0x54 ./Middlewares/Third_Party/FreeRTOS/Source/portable/GCC/ARM_CM4F/port.o
                0x0000000008010564                vPortExitCritical
 *fill*         0x00000000080105b8        0x8 
 .text.PendSV_Handler
                0x00000000080105c0       0x68 ./Middlewares/Third_Party/FreeRTOS/Source/portable/GCC/ARM_CM4F/port.o
                0x00000000080105c0                PendSV_Handler
 .text.SysTick_Handler
                0x0000000008010628       0x44 ./Middlewares/Third_Party/FreeRTOS/Source/portable/GCC/ARM_CM4F/port.o
                0x0000000008010628                SysTick_Handler
 .text.vPortSetupTimerInterrupt
                0x000000000801066c       0x48 ./Middlewares/Third_Party/FreeRTOS/Source/portable/GCC/ARM_CM4F/port.o
                0x000000000801066c                vPortSetupTimerInterrupt
 .text.vPortEnableVFP
                0x00000000080106b4       0x14 ./Middlewares/Third_Party/FreeRTOS/Source/portable/GCC/ARM_CM4F/port.o
 .text.vPortValidateInterruptPriority
                0x00000000080106c8       0x80 ./Middlewares/Third_Party/FreeRTOS/Source/portable/GCC/ARM_CM4F/port.o
                0x00000000080106c8                vPortValidateInterruptPriority
 .text.pvPortMalloc
                0x0000000008010748      0x198 ./Middlewares/Third_Party/FreeRTOS/Source/portable/MemMang/heap_4.o
                0x0000000008010748                pvPortMalloc
 .text.vPortFree
                0x00000000080108e0       0xc4 ./Middlewares/Third_Party/FreeRTOS/Source/portable/MemMang/heap_4.o
                0x00000000080108e0                vPortFree
 .text.prvHeapInit
                0x00000000080109a4       0xc4 ./Middlewares/Third_Party/FreeRTOS/Source/portable/MemMang/heap_4.o
 .text.prvInsertBlockIntoFreeList
                0x0000000008010a68       0xb4 ./Middlewares/Third_Party/FreeRTOS/Source/portable/MemMang/heap_4.o
 .text.arm_pid_init_f32
                0x0000000008010b1c       0x3c C:\Users\gabri\Avalon-\app\Drivers\CMSIS\Lib\GCC\libarm_cortexM4lf_math.a(arm_pid_init_f32.o)
                0x0000000008010b1c                arm_pid_init_f32
 .text.__errno  0x0000000008010b58        0xc c:/st/stm32cubeide_1.12.0/stm32cubeide/plugins/com.st.stm32cube.ide.mcu.externaltools.gnu-tools-for-stm32.10.3-2021.10.win32_1.0.200.202301161003/tools/bin/../lib/gcc/arm-none-eabi/10.3.1/../../../../arm-none-eabi/lib/thumb/v7e-m+fp/hard\libc_nano.a(lib_a-errno.o)
                0x0000000008010b58                __errno
 .text.__libc_init_array
                0x0000000008010b64       0x48 c:/st/stm32cubeide_1.12.0/stm32cubeide/plugins/com.st.stm32cube.ide.mcu.externaltools.gnu-tools-for-stm32.10.3-2021.10.win32_1.0.200.202301161003/tools/bin/../lib/gcc/arm-none-eabi/10.3.1/../../../../arm-none-eabi/lib/thumb/v7e-m+fp/hard\libc_nano.a(lib_a-init.o)
                0x0000000008010b64                __libc_init_array
 .text.__retarget_lock_acquire_recursive
                0x0000000008010bac        0x2 c:/st/stm32cubeide_1.12.0/stm32cubeide/plugins/com.st.stm32cube.ide.mcu.externaltools.gnu-tools-for-stm32.10.3-2021.10.win32_1.0.200.202301161003/tools/bin/../lib/gcc/arm-none-eabi/10.3.1/../../../../arm-none-eabi/lib/thumb/v7e-m+fp/hard\libc_nano.a(lib_a-lock.o)
                0x0000000008010bac                __retarget_lock_acquire_recursive
 .text.__retarget_lock_release_recursive
                0x0000000008010bae        0x2 c:/st/stm32cubeide_1.12.0/stm32cubeide/plugins/com.st.stm32cube.ide.mcu.externaltools.gnu-tools-for-stm32.10.3-2021.10.win32_1.0.200.202301161003/tools/bin/../lib/gcc/arm-none-eabi/10.3.1/../../../../arm-none-eabi/lib/thumb/v7e-m+fp/hard\libc_nano.a(lib_a-lock.o)
                0x0000000008010bae                __retarget_lock_release_recursive
 .text.memcpy   0x0000000008010bb0       0x1c c:/st/stm32cubeide_1.12.0/stm32cubeide/plugins/com.st.stm32cube.ide.mcu.externaltools.gnu-tools-for-stm32.10.3-2021.10.win32_1.0.200.202301161003/tools/bin/../lib/gcc/arm-none-eabi/10.3.1/../../../../arm-none-eabi/lib/thumb/v7e-m+fp/hard\libc_nano.a(lib_a-memcpy-stub.o)
                0x0000000008010bb0                memcpy
 .text.memset   0x0000000008010bcc       0x10 c:/st/stm32cubeide_1.12.0/stm32cubeide/plugins/com.st.stm32cube.ide.mcu.externaltools.gnu-tools-for-stm32.10.3-2021.10.win32_1.0.200.202301161003/tools/bin/../lib/gcc/arm-none-eabi/10.3.1/../../../../arm-none-eabi/lib/thumb/v7e-m+fp/hard\libc_nano.a(lib_a-memset.o)
                0x0000000008010bcc                memset
 .text.cleanup_glue
                0x0000000008010bdc       0x1a c:/st/stm32cubeide_1.12.0/stm32cubeide/plugins/com.st.stm32cube.ide.mcu.externaltools.gnu-tools-for-stm32.10.3-2021.10.win32_1.0.200.202301161003/tools/bin/../lib/gcc/arm-none-eabi/10.3.1/../../../../arm-none-eabi/lib/thumb/v7e-m+fp/hard\libc_nano.a(lib_a-reent.o)
                0x0000000008010bdc                cleanup_glue
 *fill*         0x0000000008010bf6        0x2 
 .text._reclaim_reent
                0x0000000008010bf8       0xb8 c:/st/stm32cubeide_1.12.0/stm32cubeide/plugins/com.st.stm32cube.ide.mcu.externaltools.gnu-tools-for-stm32.10.3-2021.10.win32_1.0.200.202301161003/tools/bin/../lib/gcc/arm-none-eabi/10.3.1/../../../../arm-none-eabi/lib/thumb/v7e-m+fp/hard\libc_nano.a(lib_a-reent.o)
                0x0000000008010bf8                _reclaim_reent
 .text.__malloc_lock
                0x0000000008010cb0        0xc c:/st/stm32cubeide_1.12.0/stm32cubeide/plugins/com.st.stm32cube.ide.mcu.externaltools.gnu-tools-for-stm32.10.3-2021.10.win32_1.0.200.202301161003/tools/bin/../lib/gcc/arm-none-eabi/10.3.1/../../../../arm-none-eabi/lib/thumb/v7e-m+fp/hard\libc_nano.a(lib_a-mlock.o)
                0x0000000008010cb0                __malloc_lock
 .text.__malloc_unlock
                0x0000000008010cbc        0xc c:/st/stm32cubeide_1.12.0/stm32cubeide/plugins/com.st.stm32cube.ide.mcu.externaltools.gnu-tools-for-stm32.10.3-2021.10.win32_1.0.200.202301161003/tools/bin/../lib/gcc/arm-none-eabi/10.3.1/../../../../arm-none-eabi/lib/thumb/v7e-m+fp/hard\libc_nano.a(lib_a-mlock.o)
                0x0000000008010cbc                __malloc_unlock
 .text._free_r  0x0000000008010cc8       0x98 c:/st/stm32cubeide_1.12.0/stm32cubeide/plugins/com.st.stm32cube.ide.mcu.externaltools.gnu-tools-for-stm32.10.3-2021.10.win32_1.0.200.202301161003/tools/bin/../lib/gcc/arm-none-eabi/10.3.1/../../../../arm-none-eabi/lib/thumb/v7e-m+fp/hard\libc_nano.a(lib_a-nano-freer.o)
                0x0000000008010cc8                _free_r
 .text.pow      0x0000000008010d60       0xe0 c:/st/stm32cubeide_1.12.0/stm32cubeide/plugins/com.st.stm32cube.ide.mcu.externaltools.gnu-tools-for-stm32.10.3-2021.10.win32_1.0.200.202301161003/tools/bin/../lib/gcc/arm-none-eabi/10.3.1/../../../../arm-none-eabi/lib/thumb/v7e-m+fp/hard\libm.a(lib_a-w_pow.o)
                0x0000000008010d60                pow
 .text.__ieee754_pow
                0x0000000008010e40      0xa5c c:/st/stm32cubeide_1.12.0/stm32cubeide/plugins/com.st.stm32cube.ide.mcu.externaltools.gnu-tools-for-stm32.10.3-2021.10.win32_1.0.200.202301161003/tools/bin/../lib/gcc/arm-none-eabi/10.3.1/../../../../arm-none-eabi/lib/thumb/v7e-m+fp/hard\libm.a(lib_a-e_pow.o)
                0x0000000008010e40                __ieee754_pow
 .text.__ieee754_sqrt
                0x000000000801189c      0x164 c:/st/stm32cubeide_1.12.0/stm32cubeide/plugins/com.st.stm32cube.ide.mcu.externaltools.gnu-tools-for-stm32.10.3-2021.10.win32_1.0.200.202301161003/tools/bin/../lib/gcc/arm-none-eabi/10.3.1/../../../../arm-none-eabi/lib/thumb/v7e-m+fp/hard\libm.a(lib_a-e_sqrt.o)
                0x000000000801189c                __ieee754_sqrt
 .text.with_errno
                0x0000000008011a00       0x14 c:/st/stm32cubeide_1.12.0/stm32cubeide/plugins/com.st.stm32cube.ide.mcu.externaltools.gnu-tools-for-stm32.10.3-2021.10.win32_1.0.200.202301161003/tools/bin/../lib/gcc/arm-none-eabi/10.3.1/../../../../arm-none-eabi/lib/thumb/v7e-m+fp/hard\libm.a(lib_a-math_err.o)
 .text.xflow    0x0000000008011a14       0x28 c:/st/stm32cubeide_1.12.0/stm32cubeide/plugins/com.st.stm32cube.ide.mcu.externaltools.gnu-tools-for-stm32.10.3-2021.10.win32_1.0.200.202301161003/tools/bin/../lib/gcc/arm-none-eabi/10.3.1/../../../../arm-none-eabi/lib/thumb/v7e-m+fp/hard\libm.a(lib_a-math_err.o)
 .text.__math_uflow
                0x0000000008011a3c       0x12 c:/st/stm32cubeide_1.12.0/stm32cubeide/plugins/com.st.stm32cube.ide.mcu.externaltools.gnu-tools-for-stm32.10.3-2021.10.win32_1.0.200.202301161003/tools/bin/../lib/gcc/arm-none-eabi/10.3.1/../../../../arm-none-eabi/lib/thumb/v7e-m+fp/hard\libm.a(lib_a-math_err.o)
                0x0000000008011a3c                __math_uflow
 .text.__math_oflow
                0x0000000008011a4e       0x12 c:/st/stm32cubeide_1.12.0/stm32cubeide/plugins/com.st.stm32cube.ide.mcu.externaltools.gnu-tools-for-stm32.10.3-2021.10.win32_1.0.200.202301161003/tools/bin/../lib/gcc/arm-none-eabi/10.3.1/../../../../arm-none-eabi/lib/thumb/v7e-m+fp/hard\libm.a(lib_a-math_err.o)
                0x0000000008011a4e                __math_oflow
 .text.fabs     0x0000000008011a60       0x12 c:/st/stm32cubeide_1.12.0/stm32cubeide/plugins/com.st.stm32cube.ide.mcu.externaltools.gnu-tools-for-stm32.10.3-2021.10.win32_1.0.200.202301161003/tools/bin/../lib/gcc/arm-none-eabi/10.3.1/../../../../arm-none-eabi/lib/thumb/v7e-m+fp/hard\libm.a(lib_a-s_fabs.o)
                0x0000000008011a60                fabs
 .text.finite   0x0000000008011a72       0x16 c:/st/stm32cubeide_1.12.0/stm32cubeide/plugins/com.st.stm32cube.ide.mcu.externaltools.gnu-tools-for-stm32.10.3-2021.10.win32_1.0.200.202301161003/tools/bin/../lib/gcc/arm-none-eabi/10.3.1/../../../../arm-none-eabi/lib/thumb/v7e-m+fp/hard\libm.a(lib_a-s_finite.o)
                0x0000000008011a72                finite
 .text.scalbn   0x0000000008011a88      0x10c c:/st/stm32cubeide_1.12.0/stm32cubeide/plugins/com.st.stm32cube.ide.mcu.externaltools.gnu-tools-for-stm32.10.3-2021.10.win32_1.0.200.202301161003/tools/bin/../lib/gcc/arm-none-eabi/10.3.1/../../../../arm-none-eabi/lib/thumb/v7e-m+fp/hard\libm.a(lib_a-s_scalbn.o)
                0x0000000008011a88                scalbn
 *(.glue_7)
 .glue_7        0x0000000008011b94        0x0 linker stubs
 *(.glue_7t)
 .glue_7t       0x0000000008011b94        0x0 linker stubs
 *(.eh_frame)
 .eh_frame      0x0000000008011b94        0x0 c:/st/stm32cubeide_1.12.0/stm32cubeide/plugins/com.st.stm32cube.ide.mcu.externaltools.gnu-tools-for-stm32.10.3-2021.10.win32_1.0.200.202301161003/tools/bin/../lib/gcc/arm-none-eabi/10.3.1/thumb/v7e-m+fp/hard/crtbegin.o
 *(.init)
 .init          0x0000000008011b94        0x4 c:/st/stm32cubeide_1.12.0/stm32cubeide/plugins/com.st.stm32cube.ide.mcu.externaltools.gnu-tools-for-stm32.10.3-2021.10.win32_1.0.200.202301161003/tools/bin/../lib/gcc/arm-none-eabi/10.3.1/thumb/v7e-m+fp/hard/crti.o
                0x0000000008011b94                _init
 .init          0x0000000008011b98        0x8 c:/st/stm32cubeide_1.12.0/stm32cubeide/plugins/com.st.stm32cube.ide.mcu.externaltools.gnu-tools-for-stm32.10.3-2021.10.win32_1.0.200.202301161003/tools/bin/../lib/gcc/arm-none-eabi/10.3.1/thumb/v7e-m+fp/hard/crtn.o
 *(.fini)
 .fini          0x0000000008011ba0        0x4 c:/st/stm32cubeide_1.12.0/stm32cubeide/plugins/com.st.stm32cube.ide.mcu.externaltools.gnu-tools-for-stm32.10.3-2021.10.win32_1.0.200.202301161003/tools/bin/../lib/gcc/arm-none-eabi/10.3.1/thumb/v7e-m+fp/hard/crti.o
                0x0000000008011ba0                _fini
 .fini          0x0000000008011ba4        0x8 c:/st/stm32cubeide_1.12.0/stm32cubeide/plugins/com.st.stm32cube.ide.mcu.externaltools.gnu-tools-for-stm32.10.3-2021.10.win32_1.0.200.202301161003/tools/bin/../lib/gcc/arm-none-eabi/10.3.1/thumb/v7e-m+fp/hard/crtn.o
                0x0000000008011bac                . = ALIGN (0x4)
                0x0000000008011bac                _etext = .

.vfp11_veneer   0x0000000008011bac        0x0
 .vfp11_veneer  0x0000000008011bac        0x0 linker stubs

.v4_bx          0x0000000008011bac        0x0
 .v4_bx         0x0000000008011bac        0x0 linker stubs

.iplt           0x0000000008011bac        0x0
 .iplt          0x0000000008011bac        0x0 c:/st/stm32cubeide_1.12.0/stm32cubeide/plugins/com.st.stm32cube.ide.mcu.externaltools.gnu-tools-for-stm32.10.3-2021.10.win32_1.0.200.202301161003/tools/bin/../lib/gcc/arm-none-eabi/10.3.1/thumb/v7e-m+fp/hard/crtbegin.o

.rodata         0x0000000008011bb0      0x1d8
                0x0000000008011bb0                . = ALIGN (0x4)
 *(.rodata)
 .rodata        0x0000000008011bb0       0xf8 ./Core/Src/app_freertos.o
 .rodata        0x0000000008011ca8        0x6 ./Core/Src/l80-m39.o
 *fill*         0x0000000008011cae        0x2 
 .rodata        0x0000000008011cb0        0x5 ./Middlewares/Third_Party/FreeRTOS/Source/tasks.o
 *(.rodata*)
 *fill*         0x0000000008011cb5        0x3 
 .rodata.AHBPrescTable
                0x0000000008011cb8       0x10 ./Core/Src/system_stm32g4xx.o
                0x0000000008011cb8                AHBPrescTable
 .rodata.APBPrescTable
                0x0000000008011cc8        0x8 ./Core/Src/system_stm32g4xx.o
                0x0000000008011cc8                APBPrescTable
 .rodata.UARTPrescTable
                0x0000000008011cd0       0x18 ./Drivers/STM32G4xx_HAL_Driver/Src/stm32g4xx_hal_uart.o
                0x0000000008011cd0                UARTPrescTable
 .rodata.numerator.1
                0x0000000008011ce8        0x8 ./Drivers/STM32G4xx_HAL_Driver/Src/stm32g4xx_hal_uart_ex.o
 .rodata.denominator.0
                0x0000000008011cf0        0x8 ./Drivers/STM32G4xx_HAL_Driver/Src/stm32g4xx_hal_uart_ex.o
 .rodata.__sf_fake_stderr
                0x0000000008011cf8       0x20 c:/st/stm32cubeide_1.12.0/stm32cubeide/plugins/com.st.stm32cube.ide.mcu.externaltools.gnu-tools-for-stm32.10.3-2021.10.win32_1.0.200.202301161003/tools/bin/../lib/gcc/arm-none-eabi/10.3.1/../../../../arm-none-eabi/lib/thumb/v7e-m+fp/hard\libc_nano.a(lib_a-findfp.o)
                0x0000000008011cf8                __sf_fake_stderr
 .rodata.__sf_fake_stdin
                0x0000000008011d18       0x20 c:/st/stm32cubeide_1.12.0/stm32cubeide/plugins/com.st.stm32cube.ide.mcu.externaltools.gnu-tools-for-stm32.10.3-2021.10.win32_1.0.200.202301161003/tools/bin/../lib/gcc/arm-none-eabi/10.3.1/../../../../arm-none-eabi/lib/thumb/v7e-m+fp/hard\libc_nano.a(lib_a-findfp.o)
                0x0000000008011d18                __sf_fake_stdin
 .rodata.__sf_fake_stdout
                0x0000000008011d38       0x20 c:/st/stm32cubeide_1.12.0/stm32cubeide/plugins/com.st.stm32cube.ide.mcu.externaltools.gnu-tools-for-stm32.10.3-2021.10.win32_1.0.200.202301161003/tools/bin/../lib/gcc/arm-none-eabi/10.3.1/../../../../arm-none-eabi/lib/thumb/v7e-m+fp/hard\libc_nano.a(lib_a-findfp.o)
                0x0000000008011d38                __sf_fake_stdout
 .rodata.bp     0x0000000008011d58       0x10 c:/st/stm32cubeide_1.12.0/stm32cubeide/plugins/com.st.stm32cube.ide.mcu.externaltools.gnu-tools-for-stm32.10.3-2021.10.win32_1.0.200.202301161003/tools/bin/../lib/gcc/arm-none-eabi/10.3.1/../../../../arm-none-eabi/lib/thumb/v7e-m+fp/hard\libm.a(lib_a-e_pow.o)
 .rodata.dp_h   0x0000000008011d68       0x10 c:/st/stm32cubeide_1.12.0/stm32cubeide/plugins/com.st.stm32cube.ide.mcu.externaltools.gnu-tools-for-stm32.10.3-2021.10.win32_1.0.200.202301161003/tools/bin/../lib/gcc/arm-none-eabi/10.3.1/../../../../arm-none-eabi/lib/thumb/v7e-m+fp/hard\libm.a(lib_a-e_pow.o)
 .rodata.dp_l   0x0000000008011d78       0x10 c:/st/stm32cubeide_1.12.0/stm32cubeide/plugins/com.st.stm32cube.ide.mcu.externaltools.gnu-tools-for-stm32.10.3-2021.10.win32_1.0.200.202301161003/tools/bin/../lib/gcc/arm-none-eabi/10.3.1/../../../../arm-none-eabi/lib/thumb/v7e-m+fp/hard\libm.a(lib_a-e_pow.o)
                0x0000000008011d88                . = ALIGN (0x4)

.ARM.extab      0x0000000008011d88        0x0
                0x0000000008011d88                . = ALIGN (0x4)
 *(.ARM.extab* .gnu.linkonce.armextab.*)
                0x0000000008011d88                . = ALIGN (0x4)

.ARM            0x0000000008011d88        0x8
                0x0000000008011d88                . = ALIGN (0x4)
                0x0000000008011d88                __exidx_start = .
 *(.ARM.exidx*)
 .ARM.exidx     0x0000000008011d88        0x8 c:/st/stm32cubeide_1.12.0/stm32cubeide/plugins/com.st.stm32cube.ide.mcu.externaltools.gnu-tools-for-stm32.10.3-2021.10.win32_1.0.200.202301161003/tools/bin/../lib/gcc/arm-none-eabi/10.3.1/thumb/v7e-m+fp/hard\libgcc.a(_udivmoddi4.o)
                0x0000000008011d90                __exidx_end = .
                0x0000000008011d90                . = ALIGN (0x4)

.rel.dyn        0x0000000008011d90        0x0
 .rel.iplt      0x0000000008011d90        0x0 c:/st/stm32cubeide_1.12.0/stm32cubeide/plugins/com.st.stm32cube.ide.mcu.externaltools.gnu-tools-for-stm32.10.3-2021.10.win32_1.0.200.202301161003/tools/bin/../lib/gcc/arm-none-eabi/10.3.1/thumb/v7e-m+fp/hard/crtbegin.o

.preinit_array  0x0000000008011d90        0x0
                0x0000000008011d90                . = ALIGN (0x4)
                0x0000000008011d90                PROVIDE (__preinit_array_start = .)
 *(.preinit_array*)
                0x0000000008011d90                PROVIDE (__preinit_array_end = .)
                0x0000000008011d90                . = ALIGN (0x4)

.init_array     0x0000000008011d90        0x4
                0x0000000008011d90                . = ALIGN (0x4)
                0x0000000008011d90                PROVIDE (__init_array_start = .)
 *(SORT_BY_NAME(.init_array.*))
 *(.init_array*)
 .init_array    0x0000000008011d90        0x4 c:/st/stm32cubeide_1.12.0/stm32cubeide/plugins/com.st.stm32cube.ide.mcu.externaltools.gnu-tools-for-stm32.10.3-2021.10.win32_1.0.200.202301161003/tools/bin/../lib/gcc/arm-none-eabi/10.3.1/thumb/v7e-m+fp/hard/crtbegin.o
                0x0000000008011d94                PROVIDE (__init_array_end = .)
                0x0000000008011d94                . = ALIGN (0x4)

.fini_array     0x0000000008011d94        0x4
                0x0000000008011d94                . = ALIGN (0x4)
                [!provide]                        PROVIDE (__fini_array_start = .)
 *(SORT_BY_NAME(.fini_array.*))
 *(.fini_array*)
 .fini_array    0x0000000008011d94        0x4 c:/st/stm32cubeide_1.12.0/stm32cubeide/plugins/com.st.stm32cube.ide.mcu.externaltools.gnu-tools-for-stm32.10.3-2021.10.win32_1.0.200.202301161003/tools/bin/../lib/gcc/arm-none-eabi/10.3.1/thumb/v7e-m+fp/hard/crtbegin.o
                [!provide]                        PROVIDE (__fini_array_end = .)
                0x0000000008011d98                . = ALIGN (0x4)
                0x0000000008011d98                _sidata = LOADADDR (.data)

.data           0x0000000020000000       0x78 load address 0x0000000008011d98
                0x0000000020000000                . = ALIGN (0x4)
                0x0000000020000000                _sdata = .
 *(.data)
 *(.data*)
 .data.eulerScale
                0x0000000020000000        0x2 ./Core/Src/bno055.o
                0x0000000020000000                eulerScale
 *fill*         0x0000000020000002        0x2 
 .data.SystemCoreClock
                0x0000000020000004        0x4 ./Core/Src/system_stm32g4xx.o
                0x0000000020000004                SystemCoreClock
 .data.uwTickPrio
                0x0000000020000008        0x4 ./Drivers/STM32G4xx_HAL_Driver/Src/stm32g4xx_hal.o
                0x0000000020000008                uwTickPrio
 .data.uwTickFreq
                0x000000002000000c        0x4 ./Drivers/STM32G4xx_HAL_Driver/Src/stm32g4xx_hal.o
                0x000000002000000c                uwTickFreq
 .data.uxCriticalNesting
                0x0000000020000010        0x4 ./Middlewares/Third_Party/FreeRTOS/Source/portable/GCC/ARM_CM4F/port.o
 .data._impure_ptr
                0x0000000020000014        0x4 c:/st/stm32cubeide_1.12.0/stm32cubeide/plugins/com.st.stm32cube.ide.mcu.externaltools.gnu-tools-for-stm32.10.3-2021.10.win32_1.0.200.202301161003/tools/bin/../lib/gcc/arm-none-eabi/10.3.1/../../../../arm-none-eabi/lib/thumb/v7e-m+fp/hard\libc_nano.a(lib_a-impure.o)
                0x0000000020000014                _impure_ptr
 .data.impure_data
                0x0000000020000018       0x60 c:/st/stm32cubeide_1.12.0/stm32cubeide/plugins/com.st.stm32cube.ide.mcu.externaltools.gnu-tools-for-stm32.10.3-2021.10.win32_1.0.200.202301161003/tools/bin/../lib/gcc/arm-none-eabi/10.3.1/../../../../arm-none-eabi/lib/thumb/v7e-m+fp/hard\libc_nano.a(lib_a-impure.o)
 *(.RamFunc)
 *(.RamFunc*)
                0x0000000020000078                . = ALIGN (0x4)
                0x0000000020000078                _edata = .

.igot.plt       0x0000000020000078        0x0 load address 0x0000000008011e10
 .igot.plt      0x0000000020000078        0x0 c:/st/stm32cubeide_1.12.0/stm32cubeide/plugins/com.st.stm32cube.ide.mcu.externaltools.gnu-tools-for-stm32.10.3-2021.10.win32_1.0.200.202301161003/tools/bin/../lib/gcc/arm-none-eabi/10.3.1/thumb/v7e-m+fp/hard/crtbegin.o
                0x0000000020000078                . = ALIGN (0x4)

.bss            0x0000000020000078     0x3a50 load address 0x0000000008011e10
                0x0000000020000078                _sbss = .
                0x0000000020000078                __bss_start__ = _sbss
 *(.bss)
 .bss           0x0000000020000078       0x1c c:/st/stm32cubeide_1.12.0/stm32cubeide/plugins/com.st.stm32cube.ide.mcu.externaltools.gnu-tools-for-stm32.10.3-2021.10.win32_1.0.200.202301161003/tools/bin/../lib/gcc/arm-none-eabi/10.3.1/thumb/v7e-m+fp/hard/crtbegin.o
 *(.bss*)
 .bss.hadc2     0x0000000020000094       0x6c ./Core/Src/adc.o
                0x0000000020000094                hadc2
 .bss.hdma_adc2
                0x0000000020000100       0x60 ./Core/Src/adc.o
                0x0000000020000100                hdma_adc2
 .bss.hpid_pitch
                0x0000000020000160       0x24 ./Core/Src/app_freertos.o
                0x0000000020000160                hpid_pitch
 .bss.hpid_yaw  0x0000000020000184       0x24 ./Core/Src/app_freertos.o
                0x0000000020000184                hpid_yaw
 .bss.hpid_roll
                0x00000000200001a8       0x24 ./Core/Src/app_freertos.o
                0x00000000200001a8                hpid_roll
 .bss.LedTaskHandle
                0x00000000200001cc        0x4 ./Core/Src/app_freertos.o
                0x00000000200001cc                LedTaskHandle
 .bss.Roll_PIDHandle
                0x00000000200001d0        0x4 ./Core/Src/app_freertos.o
                0x00000000200001d0                Roll_PIDHandle
 .bss.Pitch_PIDHandle
                0x00000000200001d4        0x4 ./Core/Src/app_freertos.o
                0x00000000200001d4                Pitch_PIDHandle
 .bss.Yaw_PIDHandle
                0x00000000200001d8        0x4 ./Core/Src/app_freertos.o
                0x00000000200001d8                Yaw_PIDHandle
 .bss.PressureMonitorHandle
                0x00000000200001dc        0x4 ./Core/Src/app_freertos.o
                0x00000000200001dc                PressureMonitorHandle
 .bss.GPSHandle
                0x00000000200001e0        0x4 ./Core/Src/app_freertos.o
                0x00000000200001e0                GPSHandle
 .bss.MainTaskHandle
                0x00000000200001e4        0x4 ./Core/Src/app_freertos.o
                0x00000000200001e4                MainTaskHandle
 .bss.BatteryMonitoriHandle
                0x00000000200001e8        0x4 ./Core/Src/app_freertos.o
                0x00000000200001e8                BatteryMonitoriHandle
 .bss.I2C_ControllerHandle
                0x00000000200001ec        0x4 ./Core/Src/app_freertos.o
                0x00000000200001ec                I2C_ControllerHandle
 .bss.GPS_UART_SemaphoreHandle
                0x00000000200001f0        0x4 ./Core/Src/app_freertos.o
                0x00000000200001f0                GPS_UART_SemaphoreHandle
 .bss.hi2c2     0x00000000200001f4       0x4c ./Core/Src/i2c.o
                0x00000000200001f4                hi2c2
 .bss.IMU_BNO055_struct
                0x0000000020000240       0x60 ./Core/Src/main.o
                0x0000000020000240                IMU_BNO055_struct
 .bss.COMMAND_struct
                0x00000000200002a0       0x14 ./Core/Src/main.o
                0x00000000200002a0                COMMAND_struct
 .bss.HDW_CONTROLLER_struct
                0x00000000200002b4       0x30 ./Core/Src/main.o
                0x00000000200002b4                HDW_CONTROLLER_struct
 .bss.ALTIMETER_struct
                0x00000000200002e4       0x14 ./Core/Src/main.o
                0x00000000200002e4                ALTIMETER_struct
 .bss.GPS_struct
                0x00000000200002f8       0x20 ./Core/Src/main.o
                0x00000000200002f8                GPS_struct
 .bss.BATTERY_Struct
                0x0000000020000318       0x10 ./Core/Src/main.o
                0x0000000020000318                BATTERY_Struct
 .bss.gps_receive_rx
                0x0000000020000328      0x3e8 ./Core/Src/main.o
                0x0000000020000328                gps_receive_rx
 .bss.BatteryMonitoringData
                0x0000000020000710        0x6 ./Core/Src/main.o
                0x0000000020000710                BatteryMonitoringData
 *fill*         0x0000000020000716        0x2 
 .bss.htim1     0x0000000020000718       0x4c ./Core/Src/stm32g4xx_hal_timebase_tim.o
                0x0000000020000718                htim1
 .bss.htim2     0x0000000020000764       0x4c ./Core/Src/tim.o
                0x0000000020000764                htim2
 .bss.htim3     0x00000000200007b0       0x4c ./Core/Src/tim.o
                0x00000000200007b0                htim3
 .bss.htim4     0x00000000200007fc       0x4c ./Core/Src/tim.o
                0x00000000200007fc                htim4
 .bss.huart4    0x0000000020000848       0x90 ./Core/Src/usart.o
                0x0000000020000848                huart4
 .bss.huart5    0x00000000200008d8       0x90 ./Core/Src/usart.o
                0x00000000200008d8                huart5
 .bss.uwTick    0x0000000020000968        0x4 ./Drivers/STM32G4xx_HAL_Driver/Src/stm32g4xx_hal.o
                0x0000000020000968                uwTick
 .bss.pxCurrentTCB
                0x000000002000096c        0x4 ./Middlewares/Third_Party/FreeRTOS/Source/tasks.o
                0x000000002000096c                pxCurrentTCB
 .bss.pxReadyTasksLists
                0x0000000020000970       0x8c ./Middlewares/Third_Party/FreeRTOS/Source/tasks.o
 .bss.xDelayedTaskList1